[2024-03-17T14:11:35.260+0000][0.005s] Using G1
[2024-03-17T14:11:35.354+0000][0.099s] Version: 17.0.10+7 (release)
[2024-03-17T14:11:35.354+0000][0.099s] CPUs: 8 total, 8 available
[2024-03-17T14:11:35.354+0000][0.099s] Memory: 7841M
[2024-03-17T14:11:35.355+0000][0.100s] Large Page Support: Disabled
[2024-03-17T14:11:35.355+0000][0.100s] NUMA Support: Disabled
[2024-03-17T14:11:35.355+0000][0.100s] Compressed Oops: Enabled (32-bit)
[2024-03-17T14:11:35.355+0000][0.100s] Heap Region Size: 1M
[2024-03-17T14:11:35.355+0000][0.100s] Heap Min Capacity: 512M
[2024-03-17T14:11:35.355+0000][0.100s] Heap Initial Capacity: 512M
[2024-03-17T14:11:35.355+0000][0.100s] Heap Max Capacity: 512M
[2024-03-17T14:11:35.355+0000][0.100s] Pre-touch: Enabled
[2024-03-17T14:11:35.355+0000][0.100s] Parallel Workers: 8
[2024-03-17T14:11:35.355+0000][0.100s] Concurrent Workers: 2
[2024-03-17T14:11:35.355+0000][0.100s] Concurrent Refinement Workers: 8
[2024-03-17T14:11:35.355+0000][0.100s] Periodic GC: Disabled
[2024-03-17T14:11:35.359+0000][0.104s] CDS archive(s) mapped at: [0x0000000500000000-0x0000000500a5f000-0x0000000500a5f000), size 10874880, SharedBaseAddress: 0x0000000500000000, ArchiveRelocationMode: 1.
[2024-03-17T14:11:35.359+0000][0.104s] Compressed class space mapped at: 0x0000000501000000-0x0000000541000000, reserved size: 1073741824
[2024-03-17T14:11:35.359+0000][0.104s] Narrow klass base: 0x0000000500000000, Narrow klass shift: 0, Narrow klass range: 0x100000000
[2024-03-17T14:11:36.695+0000][1.440s] GC(0) Pause Young (Normal) (G1 Evacuation Pause)
[2024-03-17T14:11:36.696+0000][1.440s] GC(0) Using 8 workers of 8 for evacuation
[2024-03-17T14:11:36.714+0000][1.458s] GC(0)   Pre Evacuate Collection Set: 0.1ms
[2024-03-17T14:11:36.714+0000][1.458s] GC(0)   Merge Heap Roots: 0.0ms
[2024-03-17T14:11:36.714+0000][1.458s] GC(0)   Evacuate Collection Set: 16.4ms
[2024-03-17T14:11:36.714+0000][1.459s] GC(0)   Post Evacuate Collection Set: 1.5ms
[2024-03-17T14:11:36.715+0000][1.459s] GC(0)   Other: 0.5ms
[2024-03-17T14:11:36.715+0000][1.459s] GC(0) Eden regions: 29->0(57)
[2024-03-17T14:11:36.715+0000][1.459s] GC(0) Survivor regions: 0->4(4)
[2024-03-17T14:11:36.715+0000][1.459s] GC(0) Old regions: 0->1
[2024-03-17T14:11:36.715+0000][1.459s] GC(0) Archive regions: 2->2
[2024-03-17T14:11:36.715+0000][1.459s] GC(0) Humongous regions: 0->0
[2024-03-17T14:11:36.715+0000][1.459s] GC(0) Metaspace: 9906K(10176K)->9906K(10176K) NonClass: 8664K(8768K)->8664K(8768K) Class: 1241K(1408K)->1241K(1408K)
[2024-03-17T14:11:36.716+0000][1.460s] GC(0) Pause Young (Normal) (G1 Evacuation Pause) 29M->5M(512M) 20.070ms
[2024-03-17T14:11:36.716+0000][1.460s] GC(0) User=0.03s Sys=0.01s Real=0.02s
[2024-03-17T14:11:37.854+0000][2.598s] GC(1) Pause Young (Normal) (G1 Evacuation Pause)
[2024-03-17T14:11:37.855+0000][2.599s] GC(1) Using 8 workers of 8 for evacuation
[2024-03-17T14:11:37.884+0000][2.628s] GC(1)   Pre Evacuate Collection Set: 0.3ms
[2024-03-17T14:11:37.884+0000][2.628s] GC(1)   Merge Heap Roots: 0.2ms
[2024-03-17T14:11:37.886+0000][2.630s] GC(1)   Evacuate Collection Set: 27.1ms
[2024-03-17T14:11:37.887+0000][2.631s] GC(1)   Post Evacuate Collection Set: 1.2ms
[2024-03-17T14:11:37.887+0000][2.631s] GC(1)   Other: 0.6ms
[2024-03-17T14:11:37.887+0000][2.631s] GC(1) Eden regions: 54->0(62)
[2024-03-17T14:11:37.887+0000][2.631s] GC(1) Survivor regions: 4->8(8)
[2024-03-17T14:11:37.887+0000][2.631s] GC(1) Old regions: 1->9
[2024-03-17T14:11:37.887+0000][2.631s] GC(1) Archive regions: 2->2
[2024-03-17T14:11:37.888+0000][2.632s] GC(1) Humongous regions: 4->4
[2024-03-17T14:11:37.888+0000][2.632s] GC(1) Metaspace: 17790K(18048K)->17790K(18048K) NonClass: 15576K(15744K)->15576K(15744K) Class: 2214K(2304K)->2214K(2304K)
[2024-03-17T14:11:37.888+0000][2.632s] GC(1) Pause Young (Normal) (G1 Evacuation Pause) 63M->21M(512M) 33.542ms
[2024-03-17T14:11:37.888+0000][2.632s] GC(1) User=0.03s Sys=0.00s Real=0.04s
[2024-03-17T14:11:38.399+0000][3.143s] GC(2) Pause Young (Concurrent Start) (Metadata GC Threshold)
[2024-03-17T14:11:38.399+0000][3.143s] GC(2) Using 8 workers of 8 for evacuation
[2024-03-17T14:11:38.415+0000][3.159s] GC(2)   Pre Evacuate Collection Set: 0.2ms
[2024-03-17T14:11:38.416+0000][3.160s] GC(2)   Merge Heap Roots: 0.2ms
[2024-03-17T14:11:38.418+0000][3.162s] GC(2)   Evacuate Collection Set: 12.6ms
[2024-03-17T14:11:38.418+0000][3.162s] GC(2)   Post Evacuate Collection Set: 1.8ms
[2024-03-17T14:11:38.418+0000][3.163s] GC(2)   Other: 1.3ms
[2024-03-17T14:11:38.419+0000][3.163s] GC(2) Eden regions: 27->0(74)
[2024-03-17T14:11:38.419+0000][3.163s] GC(2) Survivor regions: 8->3(9)
[2024-03-17T14:11:38.419+0000][3.163s] GC(2) Old regions: 9->17
[2024-03-17T14:11:38.419+0000][3.163s] GC(2) Archive regions: 2->2
[2024-03-17T14:11:38.422+0000][3.166s] GC(2) Humongous regions: 4->4
[2024-03-17T14:11:38.422+0000][3.166s] GC(2) Metaspace: 21158K(21504K)->21158K(21504K) NonClass: 18535K(18688K)->18535K(18688K) Class: 2623K(2816K)->2623K(2816K)
[2024-03-17T14:11:38.422+0000][3.166s] GC(2) Pause Young (Concurrent Start) (Metadata GC Threshold) 48M->23M(512M) 23.552ms
[2024-03-17T14:11:38.422+0000][3.167s] GC(2) User=0.02s Sys=0.00s Real=0.02s
[2024-03-17T14:11:38.423+0000][3.167s] GC(3) Concurrent Mark Cycle
[2024-03-17T14:11:38.423+0000][3.167s] GC(3) Concurrent Clear Claimed Marks
[2024-03-17T14:11:38.427+0000][3.171s] GC(3) Concurrent Clear Claimed Marks 3.539ms
[2024-03-17T14:11:38.427+0000][3.172s] GC(3) Concurrent Scan Root Regions
[2024-03-17T14:11:38.433+0000][3.177s] GC(3) Concurrent Scan Root Regions 5.381ms
[2024-03-17T14:11:38.434+0000][3.178s] GC(3) Concurrent Mark
[2024-03-17T14:11:38.434+0000][3.178s] GC(3) Concurrent Mark From Roots
[2024-03-17T14:11:38.434+0000][3.179s] GC(3) Using 2 workers of 2 for marking
[2024-03-17T14:11:38.446+0000][3.191s] GC(3) Concurrent Mark From Roots 12.770ms
[2024-03-17T14:11:38.447+0000][3.191s] GC(3) Concurrent Preclean
[2024-03-17T14:11:38.449+0000][3.193s] GC(3) Concurrent Preclean 1.829ms
[2024-03-17T14:11:38.452+0000][3.197s] GC(3) Pause Remark
[2024-03-17T14:11:38.458+0000][3.202s] GC(3) Pause Remark 26M->26M(512M) 5.888ms
[2024-03-17T14:11:38.460+0000][3.204s] GC(3) User=0.01s Sys=0.00s Real=0.01s
[2024-03-17T14:11:38.468+0000][3.212s] GC(3) Concurrent Mark 34.608ms
[2024-03-17T14:11:38.474+0000][3.218s] GC(3) Concurrent Rebuild Remembered Sets
[2024-03-17T14:11:38.490+0000][3.234s] GC(3) Concurrent Rebuild Remembered Sets 16.455ms
[2024-03-17T14:11:38.501+0000][3.245s] GC(3) Pause Cleanup
[2024-03-17T14:11:38.503+0000][3.248s] GC(3) Pause Cleanup 26M->26M(512M) 2.850ms
[2024-03-17T14:11:38.504+0000][3.248s] GC(3) User=0.00s Sys=0.00s Real=0.00s
[2024-03-17T14:11:38.504+0000][3.248s] GC(3) Concurrent Cleanup for Next Mark
[2024-03-17T14:11:38.504+0000][3.249s] GC(3) Concurrent Cleanup for Next Mark 0.515ms
[2024-03-17T14:11:38.510+0000][3.254s] GC(3) Concurrent Mark Cycle 86.817ms
[2024-03-17T14:11:41.098+0000][5.842s] GC(4) Pause Young (Prepare Mixed) (G1 Evacuation Pause)
[2024-03-17T14:11:41.106+0000][5.850s] GC(4) Using 8 workers of 8 for evacuation
[2024-03-17T14:11:41.137+0000][5.881s] GC(4)   Pre Evacuate Collection Set: 0.2ms
[2024-03-17T14:11:41.139+0000][5.883s] GC(4)   Merge Heap Roots: 0.1ms
[2024-03-17T14:11:41.145+0000][5.889s] GC(4)   Evacuate Collection Set: 11.7ms
[2024-03-17T14:11:41.146+0000][5.890s] GC(4)   Post Evacuate Collection Set: 10.9ms
[2024-03-17T14:11:41.146+0000][5.890s] GC(4)   Other: 16.3ms
[2024-03-17T14:11:41.146+0000][5.890s] GC(4) Eden regions: 74->0(19)
[2024-03-17T14:11:41.146+0000][5.890s] GC(4) Survivor regions: 3->6(10)
[2024-03-17T14:11:41.146+0000][5.890s] GC(4) Old regions: 17->17
[2024-03-17T14:11:41.146+0000][5.890s] GC(4) Archive regions: 2->2
[2024-03-17T14:11:41.146+0000][5.890s] GC(4) Humongous regions: 4->4
[2024-03-17T14:11:41.146+0000][5.890s] GC(4) Metaspace: 32049K(32384K)->32049K(32384K) NonClass: 28065K(28224K)->28065K(28224K) Class: 3983K(4160K)->3983K(4160K)
[2024-03-17T14:11:41.148+0000][5.892s] GC(4) Pause Young (Prepare Mixed) (G1 Evacuation Pause) 97M->27M(512M) 49.644ms
[2024-03-17T14:11:41.148+0000][5.892s] GC(4) User=0.02s Sys=0.01s Real=0.05s
[2024-03-17T14:11:41.872+0000][6.617s] GC(5) Pause Young (Mixed) (G1 Evacuation Pause)
[2024-03-17T14:11:41.874+0000][6.618s] GC(5) Using 8 workers of 8 for evacuation
[2024-03-17T14:11:41.914+0000][6.658s] GC(5)   Pre Evacuate Collection Set: 0.1ms
[2024-03-17T14:11:41.915+0000][6.659s] GC(5)   Merge Heap Roots: 0.3ms
[2024-03-17T14:11:41.915+0000][6.659s] GC(5)   Evacuate Collection Set: 8.5ms
[2024-03-17T14:11:41.915+0000][6.660s] GC(5)   Post Evacuate Collection Set: 30.9ms
[2024-03-17T14:11:41.916+0000][6.660s] GC(5)   Other: 2.2ms
[2024-03-17T14:11:41.916+0000][6.660s] GC(5) Eden regions: 19->0(304)
[2024-03-17T14:11:41.916+0000][6.660s] GC(5) Survivor regions: 6->3(4)
[2024-03-17T14:11:41.916+0000][6.660s] GC(5) Old regions: 17->22
[2024-03-17T14:11:41.916+0000][6.660s] GC(5) Archive regions: 2->2
[2024-03-17T14:11:41.916+0000][6.660s] GC(5) Humongous regions: 4->4
[2024-03-17T14:11:41.916+0000][6.660s] GC(5) Metaspace: 34600K(34880K)->34600K(34880K) NonClass: 30240K(30400K)->30240K(30400K) Class: 4359K(4480K)->4359K(4480K)
[2024-03-17T14:11:41.916+0000][6.660s] GC(5) Pause Young (Mixed) (G1 Evacuation Pause) 46M->29M(512M) 43.953ms
[2024-03-17T14:11:41.916+0000][6.661s] GC(5) User=0.01s Sys=0.00s Real=0.04s
[2024-03-17T14:11:42.062+0000][6.806s] GC(6) Pause Young (Concurrent Start) (Metadata GC Threshold)
[2024-03-17T14:11:42.062+0000][6.806s] GC(6) Using 8 workers of 8 for evacuation
[2024-03-17T14:11:42.071+0000][6.815s] GC(6)   Pre Evacuate Collection Set: 0.2ms
[2024-03-17T14:11:42.072+0000][6.816s] GC(6)   Merge Heap Roots: 0.1ms
[2024-03-17T14:11:42.072+0000][6.816s] GC(6)   Evacuate Collection Set: 7.4ms
[2024-03-17T14:11:42.072+0000][6.816s] GC(6)   Post Evacuate Collection Set: 0.9ms
[2024-03-17T14:11:42.073+0000][6.817s] GC(6)   Other: 0.8ms
[2024-03-17T14:11:42.073+0000][6.817s] GC(6) Eden regions: 8->0(304)
[2024-03-17T14:11:42.073+0000][6.817s] GC(6) Survivor regions: 3->3(39)
[2024-03-17T14:11:42.073+0000][6.818s] GC(6) Old regions: 22->22
[2024-03-17T14:11:42.074+0000][6.818s] GC(6) Archive regions: 2->2
[2024-03-17T14:11:42.074+0000][6.818s] GC(6) Humongous regions: 4->4
[2024-03-17T14:11:42.074+0000][6.818s] GC(6) Metaspace: 35871K(36288K)->35871K(36288K) NonClass: 31342K(31552K)->31342K(31552K) Class: 4528K(4736K)->4528K(4736K)
[2024-03-17T14:11:42.075+0000][6.819s] GC(6) Pause Young (Concurrent Start) (Metadata GC Threshold) 37M->29M(512M) 12.857ms
[2024-03-17T14:11:42.075+0000][6.819s] GC(6) User=0.01s Sys=0.00s Real=0.01s
[2024-03-17T14:11:42.075+0000][6.819s] GC(7) Concurrent Mark Cycle
[2024-03-17T14:11:42.076+0000][6.820s] GC(7) Concurrent Clear Claimed Marks
[2024-03-17T14:11:42.076+0000][6.821s] GC(7) Concurrent Clear Claimed Marks 0.693ms
[2024-03-17T14:11:42.077+0000][6.821s] GC(7) Concurrent Scan Root Regions
[2024-03-17T14:11:42.080+0000][6.824s] GC(7) Concurrent Scan Root Regions 2.829ms
[2024-03-17T14:11:42.081+0000][6.825s] GC(7) Concurrent Mark
[2024-03-17T14:11:42.082+0000][6.826s] GC(7) Concurrent Mark From Roots
[2024-03-17T14:11:42.083+0000][6.827s] GC(7) Using 2 workers of 2 for marking
[2024-03-17T14:11:42.103+0000][6.848s] GC(7) Concurrent Mark From Roots 21.095ms
[2024-03-17T14:11:42.107+0000][6.851s] GC(7) Concurrent Preclean
[2024-03-17T14:11:42.107+0000][6.851s] GC(7) Concurrent Preclean 0.486ms
[2024-03-17T14:11:42.108+0000][6.852s] GC(7) Pause Remark
[2024-03-17T14:11:42.121+0000][6.865s] GC(7) Pause Remark 32M->32M(512M) 12.642ms
[2024-03-17T14:11:42.128+0000][6.872s] GC(7) User=0.01s Sys=0.00s Real=0.02s
[2024-03-17T14:11:42.131+0000][6.875s] GC(7) Concurrent Mark 49.750ms
[2024-03-17T14:11:42.135+0000][6.879s] GC(7) Concurrent Rebuild Remembered Sets
[2024-03-17T14:11:42.175+0000][6.919s] GC(7) Concurrent Rebuild Remembered Sets 40.287ms
[2024-03-17T14:11:42.177+0000][6.921s] GC(7) Pause Cleanup
[2024-03-17T14:11:42.178+0000][6.922s] GC(7) Pause Cleanup 32M->32M(512M) 0.817ms
[2024-03-17T14:11:42.182+0000][6.926s] GC(7) User=0.00s Sys=0.00s Real=0.00s
[2024-03-17T14:11:42.188+0000][6.932s] GC(7) Concurrent Cleanup for Next Mark
[2024-03-17T14:11:42.200+0000][6.944s] GC(7) Concurrent Cleanup for Next Mark 11.981ms
[2024-03-17T14:11:42.207+0000][6.951s] GC(7) Concurrent Mark Cycle 131.435ms
[2024-03-17T14:11:49.548+0000][14.292s] Heap
[2024-03-17T14:11:49.551+0000][14.295s]  garbage-first heap   total 524288K, used 181097K [0x00000000e0000000, 0x0000000100000000)
[2024-03-17T14:11:49.551+0000][14.295s]   region size 1024K, 151 young (154624K), 3 survivors (3072K)
[2024-03-17T14:11:49.552+0000][14.296s]  Metaspace       used 51194K, committed 51712K, reserved 1114112K
[2024-03-17T14:11:49.552+0000][14.296s]   class space    used 6636K, committed 6912K, reserved 1048576K
