[2024-03-16T14:22:19.704+0000][0.016s] Using G1
[2024-03-16T14:22:19.887+0000][0.199s] Version: 17.0.10+7 (release)
[2024-03-16T14:22:19.887+0000][0.199s] CPUs: 8 total, 8 available
[2024-03-16T14:22:19.888+0000][0.199s] Memory: 7841M
[2024-03-16T14:22:19.888+0000][0.199s] Large Page Support: Disabled
[2024-03-16T14:22:19.888+0000][0.199s] NUMA Support: Disabled
[2024-03-16T14:22:19.888+0000][0.199s] Compressed Oops: Enabled (32-bit)
[2024-03-16T14:22:19.888+0000][0.200s] Heap Region Size: 1M
[2024-03-16T14:22:19.888+0000][0.200s] Heap Min Capacity: 512M
[2024-03-16T14:22:19.888+0000][0.200s] Heap Initial Capacity: 512M
[2024-03-16T14:22:19.888+0000][0.200s] Heap Max Capacity: 512M
[2024-03-16T14:22:19.888+0000][0.200s] Pre-touch: Enabled
[2024-03-16T14:22:19.888+0000][0.200s] Parallel Workers: 8
[2024-03-16T14:22:19.889+0000][0.200s] Concurrent Workers: 2
[2024-03-16T14:22:19.889+0000][0.200s] Concurrent Refinement Workers: 8
[2024-03-16T14:22:19.889+0000][0.200s] Periodic GC: Disabled
[2024-03-16T14:22:19.895+0000][0.207s] CDS archive(s) mapped at: [0x000000a800000000-0x000000a800a5f000-0x000000a800a5f000), size 10874880, SharedBaseAddress: 0x000000a800000000, ArchiveRelocationMode: 1.
[2024-03-16T14:22:19.895+0000][0.207s] Compressed class space mapped at: 0x000000a801000000-0x000000a841000000, reserved size: 1073741824
[2024-03-16T14:22:19.895+0000][0.207s] Narrow klass base: 0x000000a800000000, Narrow klass shift: 0, Narrow klass range: 0x100000000
[2024-03-16T14:22:21.026+0000][1.338s] GC(0) Pause Young (Normal) (G1 Evacuation Pause)
[2024-03-16T14:22:21.027+0000][1.339s] GC(0) Using 8 workers of 8 for evacuation
[2024-03-16T14:22:21.033+0000][1.344s] GC(0)   Pre Evacuate Collection Set: 0.8ms
[2024-03-16T14:22:21.033+0000][1.345s] GC(0)   Merge Heap Roots: 0.4ms
[2024-03-16T14:22:21.033+0000][1.345s] GC(0)   Evacuate Collection Set: 3.0ms
[2024-03-16T14:22:21.034+0000][1.345s] GC(0)   Post Evacuate Collection Set: 0.6ms
[2024-03-16T14:22:21.034+0000][1.345s] GC(0)   Other: 1.7ms
[2024-03-16T14:22:21.034+0000][1.346s] GC(0) Eden regions: 29->0(57)
[2024-03-16T14:22:21.034+0000][1.346s] GC(0) Survivor regions: 0->4(4)
[2024-03-16T14:22:21.034+0000][1.346s] GC(0) Old regions: 0->1
[2024-03-16T14:22:21.035+0000][1.346s] GC(0) Archive regions: 2->2
[2024-03-16T14:22:21.035+0000][1.346s] GC(0) Humongous regions: 0->0
[2024-03-16T14:22:21.035+0000][1.347s] GC(0) Metaspace: 9786K(10048K)->9786K(10048K) NonClass: 8567K(8704K)->8567K(8704K) Class: 1218K(1344K)->1218K(1344K)
[2024-03-16T14:22:21.035+0000][1.347s] GC(0) Pause Young (Normal) (G1 Evacuation Pause) 29M->5M(512M) 8.924ms
[2024-03-16T14:22:21.035+0000][1.347s] GC(0) User=0.01s Sys=0.00s Real=0.01s
[2024-03-16T14:22:21.713+0000][2.025s] GC(1) Pause Young (Normal) (G1 Evacuation Pause)
[2024-03-16T14:22:21.714+0000][2.026s] GC(1) Using 8 workers of 8 for evacuation
[2024-03-16T14:22:21.724+0000][2.035s] GC(1)   Pre Evacuate Collection Set: 0.2ms
[2024-03-16T14:22:21.724+0000][2.035s] GC(1)   Merge Heap Roots: 0.3ms
[2024-03-16T14:22:21.724+0000][2.036s] GC(1)   Evacuate Collection Set: 7.9ms
[2024-03-16T14:22:21.724+0000][2.036s] GC(1)   Post Evacuate Collection Set: 0.8ms
[2024-03-16T14:22:21.724+0000][2.036s] GC(1)   Other: 1.0ms
[2024-03-16T14:22:21.724+0000][2.036s] GC(1) Eden regions: 55->0(95)
[2024-03-16T14:22:21.725+0000][2.036s] GC(1) Survivor regions: 4->8(8)
[2024-03-16T14:22:21.725+0000][2.036s] GC(1) Old regions: 1->9
[2024-03-16T14:22:21.725+0000][2.037s] GC(1) Archive regions: 2->2
[2024-03-16T14:22:21.725+0000][2.037s] GC(1) Humongous regions: 4->4
[2024-03-16T14:22:21.725+0000][2.037s] GC(1) Metaspace: 17718K(17984K)->17718K(17984K) NonClass: 15504K(15680K)->15504K(15680K) Class: 2213K(2304K)->2213K(2304K)
[2024-03-16T14:22:21.725+0000][2.037s] GC(1) Pause Young (Normal) (G1 Evacuation Pause) 64M->21M(512M) 11.978ms
[2024-03-16T14:22:21.726+0000][2.037s] GC(1) User=0.05s Sys=0.00s Real=0.02s
[2024-03-16T14:22:21.954+0000][2.266s] GC(2) Pause Young (Concurrent Start) (Metadata GC Threshold)
[2024-03-16T14:22:21.954+0000][2.266s] GC(2) Using 8 workers of 8 for evacuation
[2024-03-16T14:22:21.959+0000][2.271s] GC(2)   Pre Evacuate Collection Set: 0.2ms
[2024-03-16T14:22:21.962+0000][2.273s] GC(2)   Merge Heap Roots: 0.1ms
[2024-03-16T14:22:21.962+0000][2.274s] GC(2)   Evacuate Collection Set: 3.9ms
[2024-03-16T14:22:21.962+0000][2.274s] GC(2)   Post Evacuate Collection Set: 0.5ms
[2024-03-16T14:22:21.962+0000][2.274s] GC(2)   Other: 0.8ms
[2024-03-16T14:22:21.963+0000][2.274s] GC(2) Eden regions: 29->0(88)
[2024-03-16T14:22:21.963+0000][2.274s] GC(2) Survivor regions: 8->8(13)
[2024-03-16T14:22:21.963+0000][2.274s] GC(2) Old regions: 9->12
[2024-03-16T14:22:21.963+0000][2.275s] GC(2) Archive regions: 2->2
[2024-03-16T14:22:21.963+0000][2.275s] GC(2) Humongous regions: 4->4
[2024-03-16T14:22:21.963+0000][2.275s] GC(2) Metaspace: 21206K(21504K)->21206K(21504K) NonClass: 18571K(18688K)->18571K(18688K) Class: 2635K(2816K)->2635K(2816K)
[2024-03-16T14:22:21.964+0000][2.275s] GC(2) Pause Young (Concurrent Start) (Metadata GC Threshold) 49M->24M(512M) 9.428ms
[2024-03-16T14:22:21.964+0000][2.275s] GC(2) User=0.02s Sys=0.00s Real=0.00s
[2024-03-16T14:22:21.964+0000][2.276s] GC(3) Concurrent Mark Cycle
[2024-03-16T14:22:21.967+0000][2.279s] GC(3) Concurrent Clear Claimed Marks
[2024-03-16T14:22:21.967+0000][2.279s] GC(3) Concurrent Clear Claimed Marks 0.302ms
[2024-03-16T14:22:21.967+0000][2.279s] GC(3) Concurrent Scan Root Regions
[2024-03-16T14:22:21.971+0000][2.282s] GC(3) Concurrent Scan Root Regions 3.375ms
[2024-03-16T14:22:21.972+0000][2.284s] GC(3) Concurrent Mark
[2024-03-16T14:22:21.977+0000][2.288s] GC(3) Concurrent Mark From Roots
[2024-03-16T14:22:21.978+0000][2.290s] GC(3) Using 2 workers of 2 for marking
[2024-03-16T14:22:21.990+0000][2.302s] GC(3) Concurrent Mark From Roots 13.468ms
[2024-03-16T14:22:21.991+0000][2.302s] GC(3) Concurrent Preclean
[2024-03-16T14:22:21.991+0000][2.302s] GC(3) Concurrent Preclean 0.305ms
[2024-03-16T14:22:21.991+0000][2.303s] GC(3) Pause Remark
[2024-03-16T14:22:21.993+0000][2.305s] GC(3) Pause Remark 26M->26M(512M) 2.341ms
[2024-03-16T14:22:21.994+0000][2.305s] GC(3) User=0.00s Sys=0.00s Real=0.00s
[2024-03-16T14:22:21.994+0000][2.305s] GC(3) Concurrent Mark 21.421ms
[2024-03-16T14:22:21.994+0000][2.306s] GC(3) Concurrent Rebuild Remembered Sets
[2024-03-16T14:22:21.994+0000][2.306s] GC(3) Concurrent Rebuild Remembered Sets 0.152ms
[2024-03-16T14:22:21.995+0000][2.307s] GC(3) Pause Cleanup
[2024-03-16T14:22:21.995+0000][2.307s] GC(3) Pause Cleanup 26M->26M(512M) 0.090ms
[2024-03-16T14:22:21.995+0000][2.307s] GC(3) User=0.00s Sys=0.00s Real=0.00s
[2024-03-16T14:22:21.998+0000][2.310s] GC(3) Concurrent Cleanup for Next Mark
[2024-03-16T14:22:22.003+0000][2.315s] GC(3) Concurrent Cleanup for Next Mark 5.267ms
[2024-03-16T14:22:22.004+0000][2.316s] GC(3) Concurrent Mark Cycle 40.027ms
[2024-03-16T14:22:23.046+0000][3.358s] GC(4) Pause Young (Concurrent Start) (Metadata GC Threshold)
[2024-03-16T14:22:23.047+0000][3.359s] GC(4) Using 8 workers of 8 for evacuation
[2024-03-16T14:22:23.066+0000][3.377s] GC(4)   Pre Evacuate Collection Set: 0.2ms
[2024-03-16T14:22:23.066+0000][3.378s] GC(4)   Merge Heap Roots: 0.0ms
[2024-03-16T14:22:23.066+0000][3.378s] GC(4)   Evacuate Collection Set: 15.3ms
[2024-03-16T14:22:23.066+0000][3.378s] GC(4)   Post Evacuate Collection Set: 1.3ms
[2024-03-16T14:22:23.067+0000][3.378s] GC(4)   Other: 2.9ms
[2024-03-16T14:22:23.067+0000][3.379s] GC(4) Eden regions: 85->0(153)
[2024-03-16T14:22:23.068+0000][3.379s] GC(4) Survivor regions: 8->9(12)
[2024-03-16T14:22:23.068+0000][3.380s] GC(4) Old regions: 12->18
[2024-03-16T14:22:23.069+0000][3.380s] GC(4) Archive regions: 2->2
[2024-03-16T14:22:23.069+0000][3.381s] GC(4) Humongous regions: 4->4
[2024-03-16T14:22:23.069+0000][3.381s] GC(4) Metaspace: 36141K(36480K)->36141K(36480K) NonClass: 31571K(31744K)->31571K(31744K) Class: 4569K(4736K)->4569K(4736K)
[2024-03-16T14:22:23.069+0000][3.381s] GC(4) Pause Young (Concurrent Start) (Metadata GC Threshold) 108M->30M(512M) 23.272ms
[2024-03-16T14:22:23.070+0000][3.381s] GC(4) User=0.08s Sys=0.00s Real=0.02s
[2024-03-16T14:22:23.070+0000][3.381s] GC(5) Concurrent Mark Cycle
[2024-03-16T14:22:23.070+0000][3.382s] GC(5) Concurrent Clear Claimed Marks
[2024-03-16T14:22:23.072+0000][3.383s] GC(5) Concurrent Clear Claimed Marks 1.655ms
[2024-03-16T14:22:23.072+0000][3.384s] GC(5) Concurrent Scan Root Regions
[2024-03-16T14:22:23.079+0000][3.391s] GC(5) Concurrent Scan Root Regions 7.317ms
[2024-03-16T14:22:23.080+0000][3.391s] GC(5) Concurrent Mark
[2024-03-16T14:22:23.080+0000][3.391s] GC(5) Concurrent Mark From Roots
[2024-03-16T14:22:23.080+0000][3.391s] GC(5) Using 2 workers of 2 for marking
[2024-03-16T14:22:23.090+0000][3.402s] GC(5) Concurrent Mark From Roots 10.594ms
[2024-03-16T14:22:23.091+0000][3.403s] GC(5) Concurrent Preclean
[2024-03-16T14:22:23.092+0000][3.403s] GC(5) Concurrent Preclean 0.694ms
[2024-03-16T14:22:23.094+0000][3.406s] GC(5) Pause Remark
[2024-03-16T14:22:23.101+0000][3.413s] GC(5) Pause Remark 31M->31M(512M) 7.269ms
[2024-03-16T14:22:23.102+0000][3.413s] GC(5) User=0.02s Sys=0.00s Real=0.00s
[2024-03-16T14:22:23.102+0000][3.414s] GC(5) Concurrent Mark 22.394ms
[2024-03-16T14:22:23.102+0000][3.414s] GC(5) Concurrent Rebuild Remembered Sets
[2024-03-16T14:22:23.109+0000][3.421s] GC(5) Concurrent Rebuild Remembered Sets 6.859ms
[2024-03-16T14:22:23.114+0000][3.426s] GC(5) Pause Cleanup
[2024-03-16T14:22:23.115+0000][3.426s] GC(5) Pause Cleanup 32M->32M(512M) 0.736ms
[2024-03-16T14:22:23.116+0000][3.427s] GC(5) User=0.00s Sys=0.00s Real=0.00s
[2024-03-16T14:22:23.116+0000][3.428s] GC(5) Concurrent Cleanup for Next Mark
[2024-03-16T14:22:23.118+0000][3.429s] GC(5) Concurrent Cleanup for Next Mark 1.609ms
[2024-03-16T14:22:23.118+0000][3.430s] GC(5) Concurrent Mark Cycle 48.091ms
[2024-03-16T14:26:59.629+0000][279.937s] GC(6) Pause Young (Concurrent Start) (G1 Evacuation Pause)
[2024-03-16T14:26:59.630+0000][279.938s] GC(6) Using 8 workers of 8 for evacuation
[2024-03-16T14:26:59.662+0000][279.971s] GC(6)   Pre Evacuate Collection Set: 0.7ms
[2024-03-16T14:26:59.663+0000][279.972s] GC(6)   Merge Heap Roots: 0.1ms
[2024-03-16T14:26:59.663+0000][279.972s] GC(6)   Evacuate Collection Set: 28.4ms
[2024-03-16T14:26:59.663+0000][279.972s] GC(6)   Post Evacuate Collection Set: 2.1ms
[2024-03-16T14:26:59.664+0000][279.972s] GC(6)   Other: 2.1ms
[2024-03-16T14:26:59.664+0000][279.972s] GC(6) Eden regions: 153->0(286)
[2024-03-16T14:26:59.664+0000][279.972s] GC(6) Survivor regions: 9->21(21)
[2024-03-16T14:26:59.664+0000][279.972s] GC(6) Old regions: 18->20
[2024-03-16T14:26:59.664+0000][279.973s] GC(6) Archive regions: 2->2
[2024-03-16T14:26:59.664+0000][279.973s] GC(6) Humongous regions: 4->4
[2024-03-16T14:26:59.664+0000][279.973s] GC(6) Metaspace: 54671K(55168K)->54671K(55168K) NonClass: 47561K(47872K)->47561K(47872K) Class: 7110K(7296K)->7110K(7296K)
[2024-03-16T14:26:59.665+0000][279.973s] GC(6) Pause Young (Concurrent Start) (G1 Evacuation Pause) 183M->45M(512M) 35.458ms
[2024-03-16T14:26:59.665+0000][279.973s] GC(6) User=0.21s Sys=0.00s Real=0.03s
[2024-03-16T14:26:59.665+0000][279.973s] GC(7) Concurrent Mark Cycle
[2024-03-16T14:26:59.665+0000][279.974s] GC(7) Concurrent Clear Claimed Marks
[2024-03-16T14:26:59.666+0000][279.974s] GC(7) Concurrent Clear Claimed Marks 0.905ms
[2024-03-16T14:26:59.666+0000][279.975s] GC(7) Concurrent Scan Root Regions
[2024-03-16T14:26:59.676+0000][279.984s] GC(7) Concurrent Scan Root Regions 9.275ms
[2024-03-16T14:26:59.676+0000][279.984s] GC(7) Concurrent Mark
[2024-03-16T14:26:59.676+0000][279.984s] GC(7) Concurrent Mark From Roots
[2024-03-16T14:26:59.676+0000][279.984s] GC(7) Using 2 workers of 2 for marking
[2024-03-16T14:26:59.687+0000][279.996s] GC(7) Concurrent Mark From Roots 11.353ms
[2024-03-16T14:26:59.687+0000][279.996s] GC(7) Concurrent Preclean
[2024-03-16T14:26:59.687+0000][279.996s] GC(7) Concurrent Preclean 0.147ms
[2024-03-16T14:26:59.688+0000][279.997s] GC(7) Pause Remark
[2024-03-16T14:26:59.694+0000][280.002s] GC(7) Pause Remark 47M->47M(512M) 5.122ms
[2024-03-16T14:26:59.694+0000][280.002s] GC(7) User=0.03s Sys=0.00s Real=0.00s
[2024-03-16T14:26:59.694+0000][280.002s] GC(7) Concurrent Mark 18.295ms
[2024-03-16T14:26:59.694+0000][280.003s] GC(7) Concurrent Rebuild Remembered Sets
[2024-03-16T14:26:59.700+0000][280.008s] GC(7) Concurrent Rebuild Remembered Sets 5.577ms
[2024-03-16T14:26:59.702+0000][280.011s] GC(7) Pause Cleanup
[2024-03-16T14:26:59.703+0000][280.011s] GC(7) Pause Cleanup 47M->47M(512M) 0.442ms
[2024-03-16T14:26:59.703+0000][280.011s] GC(7) User=0.00s Sys=0.00s Real=0.00s
[2024-03-16T14:26:59.703+0000][280.011s] GC(7) Concurrent Cleanup for Next Mark
[2024-03-16T14:26:59.711+0000][280.019s] GC(7) Concurrent Cleanup for Next Mark 7.560ms
[2024-03-16T14:26:59.711+0000][280.019s] GC(7) Concurrent Mark Cycle 46.005ms
[2024-03-16T17:24:46.368+0000][6387.518s] Heap
[2024-03-16T17:24:46.369+0000][6387.519s]  garbage-first heap   total 524288K, used 68113K [0x00000000e0000000, 0x0000000100000000)
[2024-03-16T17:24:46.369+0000][6387.519s]   region size 1024K, 42 young (43008K), 21 survivors (21504K)
[2024-03-16T17:24:46.369+0000][6387.520s]  Metaspace       used 55378K, committed 56000K, reserved 1114112K
[2024-03-16T17:24:46.369+0000][6387.520s]   class space    used 7235K, committed 7552K, reserved 1048576K
