[2024-03-14T08:54:33.355+0000][0.022s] Using G1
[2024-03-14T08:54:33.606+0000][0.274s] Version: 17.0.10+7 (release)
[2024-03-14T08:54:33.607+0000][0.274s] CPUs: 8 total, 8 available
[2024-03-14T08:54:33.607+0000][0.275s] Memory: 7841M
[2024-03-14T08:54:33.608+0000][0.275s] Large Page Support: Disabled
[2024-03-14T08:54:33.608+0000][0.275s] NUMA Support: Disabled
[2024-03-14T08:54:33.608+0000][0.275s] Compressed Oops: Enabled (32-bit)
[2024-03-14T08:54:33.609+0000][0.276s] Heap Region Size: 1M
[2024-03-14T08:54:33.609+0000][0.276s] Heap Min Capacity: 512M
[2024-03-14T08:54:33.609+0000][0.276s] Heap Initial Capacity: 512M
[2024-03-14T08:54:33.609+0000][0.276s] Heap Max Capacity: 512M
[2024-03-14T08:54:33.609+0000][0.276s] Pre-touch: Enabled
[2024-03-14T08:54:33.609+0000][0.277s] Parallel Workers: 8
[2024-03-14T08:54:33.611+0000][0.278s] Concurrent Workers: 2
[2024-03-14T08:54:33.611+0000][0.278s] Concurrent Refinement Workers: 8
[2024-03-14T08:54:33.611+0000][0.278s] Periodic GC: Disabled
[2024-03-14T08:54:33.617+0000][0.284s] CDS archive(s) mapped at: [0x0000001800000000-0x0000001800a5f000-0x0000001800a5f000), size 10874880, SharedBaseAddress: 0x0000001800000000, ArchiveRelocationMode: 1.
[2024-03-14T08:54:33.617+0000][0.285s] Compressed class space mapped at: 0x0000001801000000-0x0000001841000000, reserved size: 1073741824
[2024-03-14T08:54:33.618+0000][0.285s] Narrow klass base: 0x0000001800000000, Narrow klass shift: 0, Narrow klass range: 0x100000000
[2024-03-14T08:54:34.900+0000][1.568s] GC(0) Pause Young (Normal) (G1 Evacuation Pause)
[2024-03-14T08:54:34.901+0000][1.568s] GC(0) Using 8 workers of 8 for evacuation
[2024-03-14T08:54:34.906+0000][1.573s] GC(0)   Pre Evacuate Collection Set: 0.4ms
[2024-03-14T08:54:34.906+0000][1.573s] GC(0)   Merge Heap Roots: 0.1ms
[2024-03-14T08:54:34.906+0000][1.574s] GC(0)   Evacuate Collection Set: 2.7ms
[2024-03-14T08:54:34.906+0000][1.574s] GC(0)   Post Evacuate Collection Set: 0.6ms
[2024-03-14T08:54:34.907+0000][1.574s] GC(0)   Other: 1.6ms
[2024-03-14T08:54:34.907+0000][1.574s] GC(0) Eden regions: 29->0(58)
[2024-03-14T08:54:34.907+0000][1.574s] GC(0) Survivor regions: 0->4(4)
[2024-03-14T08:54:34.907+0000][1.574s] GC(0) Old regions: 0->1
[2024-03-14T08:54:34.907+0000][1.574s] GC(0) Archive regions: 2->2
[2024-03-14T08:54:34.907+0000][1.574s] GC(0) Humongous regions: 0->0
[2024-03-14T08:54:34.907+0000][1.575s] GC(0) Metaspace: 9951K(10304K)->9951K(10304K) NonClass: 8706K(8896K)->8706K(8896K) Class: 1244K(1408K)->1244K(1408K)
[2024-03-14T08:54:34.907+0000][1.575s] GC(0) Pause Young (Normal) (G1 Evacuation Pause) 29M->5M(512M) 6.935ms
[2024-03-14T08:54:34.908+0000][1.575s] GC(0) User=0.01s Sys=0.01s Real=0.01s
[2024-03-14T08:54:35.391+0000][2.058s] GC(1) Pause Young (Normal) (G1 Evacuation Pause)
[2024-03-14T08:54:35.392+0000][2.060s] GC(1) Using 8 workers of 8 for evacuation
[2024-03-14T08:54:35.401+0000][2.069s] GC(1)   Pre Evacuate Collection Set: 0.1ms
[2024-03-14T08:54:35.404+0000][2.071s] GC(1)   Merge Heap Roots: 0.1ms
[2024-03-14T08:54:35.404+0000][2.071s] GC(1)   Evacuate Collection Set: 8.2ms
[2024-03-14T08:54:35.404+0000][2.071s] GC(1)   Post Evacuate Collection Set: 0.4ms
[2024-03-14T08:54:35.404+0000][2.071s] GC(1)   Other: 1.9ms
[2024-03-14T08:54:35.404+0000][2.072s] GC(1) Eden regions: 55->0(64)
[2024-03-14T08:54:35.404+0000][2.072s] GC(1) Survivor regions: 4->8(8)
[2024-03-14T08:54:35.404+0000][2.072s] GC(1) Old regions: 1->9
[2024-03-14T08:54:35.407+0000][2.074s] GC(1) Archive regions: 2->2
[2024-03-14T08:54:35.407+0000][2.074s] GC(1) Humongous regions: 4->4
[2024-03-14T08:54:35.407+0000][2.074s] GC(1) Metaspace: 17823K(18112K)->17823K(18112K) NonClass: 15610K(15808K)->15610K(15808K) Class: 2213K(2304K)->2213K(2304K)
[2024-03-14T08:54:35.407+0000][2.075s] GC(1) Pause Young (Normal) (G1 Evacuation Pause) 64M->21M(512M) 16.531ms
[2024-03-14T08:54:35.407+0000][2.075s] GC(1) User=0.04s Sys=0.00s Real=0.02s
[2024-03-14T08:54:35.608+0000][2.276s] GC(2) Pause Young (Concurrent Start) (Metadata GC Threshold)
[2024-03-14T08:54:35.609+0000][2.276s] GC(2) Using 8 workers of 8 for evacuation
[2024-03-14T08:54:35.618+0000][2.285s] GC(2)   Pre Evacuate Collection Set: 0.1ms
[2024-03-14T08:54:35.618+0000][2.285s] GC(2)   Merge Heap Roots: 0.1ms
[2024-03-14T08:54:35.618+0000][2.285s] GC(2)   Evacuate Collection Set: 7.7ms
[2024-03-14T08:54:35.618+0000][2.286s] GC(2)   Post Evacuate Collection Set: 0.6ms
[2024-03-14T08:54:35.619+0000][2.286s] GC(2)   Other: 0.8ms
[2024-03-14T08:54:35.619+0000][2.286s] GC(2) Eden regions: 28->0(72)
[2024-03-14T08:54:35.619+0000][2.286s] GC(2) Survivor regions: 8->3(9)
[2024-03-14T08:54:35.620+0000][2.287s] GC(2) Old regions: 9->18
[2024-03-14T08:54:35.620+0000][2.287s] GC(2) Archive regions: 2->2
[2024-03-14T08:54:35.620+0000][2.287s] GC(2) Humongous regions: 4->4
[2024-03-14T08:54:35.620+0000][2.287s] GC(2) Metaspace: 21227K(21504K)->21227K(21504K) NonClass: 18597K(18752K)->18597K(18752K) Class: 2630K(2752K)->2630K(2752K)
[2024-03-14T08:54:35.620+0000][2.287s] GC(2) Pause Young (Concurrent Start) (Metadata GC Threshold) 49M->24M(512M) 11.597ms
[2024-03-14T08:54:35.620+0000][2.287s] GC(2) User=0.03s Sys=0.00s Real=0.01s
[2024-03-14T08:54:35.620+0000][2.287s] GC(3) Concurrent Mark Cycle
[2024-03-14T08:54:35.621+0000][2.288s] GC(3) Concurrent Clear Claimed Marks
[2024-03-14T08:54:35.621+0000][2.288s] GC(3) Concurrent Clear Claimed Marks 0.159ms
[2024-03-14T08:54:35.621+0000][2.288s] GC(3) Concurrent Scan Root Regions
[2024-03-14T08:54:35.622+0000][2.290s] GC(3) Concurrent Scan Root Regions 1.413ms
[2024-03-14T08:54:35.626+0000][2.293s] GC(3) Concurrent Mark
[2024-03-14T08:54:35.626+0000][2.293s] GC(3) Concurrent Mark From Roots
[2024-03-14T08:54:35.626+0000][2.293s] GC(3) Using 2 workers of 2 for marking
[2024-03-14T08:54:35.631+0000][2.298s] GC(3) Concurrent Mark From Roots 5.073ms
[2024-03-14T08:54:35.631+0000][2.298s] GC(3) Concurrent Preclean
[2024-03-14T08:54:35.631+0000][2.299s] GC(3) Concurrent Preclean 0.139ms
[2024-03-14T08:54:35.632+0000][2.299s] GC(3) Pause Remark
[2024-03-14T08:54:35.635+0000][2.302s] GC(3) Pause Remark 25M->25M(512M) 2.804ms
[2024-03-14T08:54:35.635+0000][2.302s] GC(3) User=0.01s Sys=0.00s Real=0.00s
[2024-03-14T08:54:35.635+0000][2.302s] GC(3) Concurrent Mark 9.374ms
[2024-03-14T08:54:35.636+0000][2.303s] GC(3) Concurrent Rebuild Remembered Sets
[2024-03-14T08:54:35.640+0000][2.307s] GC(3) Concurrent Rebuild Remembered Sets 4.491ms
[2024-03-14T08:54:35.641+0000][2.308s] GC(3) Pause Cleanup
[2024-03-14T08:54:35.641+0000][2.308s] GC(3) Pause Cleanup 26M->26M(512M) 0.213ms
[2024-03-14T08:54:35.641+0000][2.308s] GC(3) User=0.00s Sys=0.00s Real=0.00s
[2024-03-14T08:54:35.641+0000][2.308s] GC(3) Concurrent Cleanup for Next Mark
[2024-03-14T08:54:35.643+0000][2.310s] GC(3) Concurrent Cleanup for Next Mark 1.563ms
[2024-03-14T08:54:35.643+0000][2.310s] GC(3) Concurrent Mark Cycle 22.519ms
[2024-03-14T08:54:36.339+0000][3.006s] GC(4) Pause Young (Prepare Mixed) (G1 Evacuation Pause)
[2024-03-14T08:54:36.339+0000][3.006s] GC(4) Using 8 workers of 8 for evacuation
[2024-03-14T08:54:36.343+0000][3.011s] GC(4)   Pre Evacuate Collection Set: 0.1ms
[2024-03-14T08:54:36.344+0000][3.011s] GC(4)   Merge Heap Roots: 0.1ms
[2024-03-14T08:54:36.344+0000][3.012s] GC(4)   Evacuate Collection Set: 2.3ms
[2024-03-14T08:54:36.345+0000][3.012s] GC(4)   Post Evacuate Collection Set: 1.8ms
[2024-03-14T08:54:36.345+0000][3.012s] GC(4)   Other: 0.7ms
[2024-03-14T08:54:36.345+0000][3.012s] GC(4) Eden regions: 72->0(19)
[2024-03-14T08:54:36.345+0000][3.012s] GC(4) Survivor regions: 3->6(10)
[2024-03-14T08:54:36.345+0000][3.012s] GC(4) Old regions: 18->18
[2024-03-14T08:54:36.345+0000][3.013s] GC(4) Archive regions: 2->2
[2024-03-14T08:54:36.346+0000][3.013s] GC(4) Humongous regions: 4->4
[2024-03-14T08:54:36.346+0000][3.013s] GC(4) Metaspace: 30693K(31104K)->30693K(31104K) NonClass: 26885K(27072K)->26885K(27072K) Class: 3807K(4032K)->3807K(4032K)
[2024-03-14T08:54:36.346+0000][3.013s] GC(4) Pause Young (Prepare Mixed) (G1 Evacuation Pause) 96M->27M(512M) 7.252ms
[2024-03-14T08:54:36.346+0000][3.013s] GC(4) User=0.01s Sys=0.00s Real=0.01s
[2024-03-14T08:54:36.623+0000][3.290s] GC(5) Pause Young (Mixed) (G1 Evacuation Pause)
[2024-03-14T08:54:36.624+0000][3.291s] GC(5) Using 8 workers of 8 for evacuation
[2024-03-14T08:54:36.630+0000][3.298s] GC(5)   Pre Evacuate Collection Set: 0.1ms
[2024-03-14T08:54:36.631+0000][3.298s] GC(5)   Merge Heap Roots: 0.1ms
[2024-03-14T08:54:36.631+0000][3.298s] GC(5)   Evacuate Collection Set: 5.7ms
[2024-03-14T08:54:36.631+0000][3.298s] GC(5)   Post Evacuate Collection Set: 0.7ms
[2024-03-14T08:54:36.631+0000][3.298s] GC(5)   Other: 0.8ms
[2024-03-14T08:54:36.631+0000][3.299s] GC(5) Eden regions: 19->0(221)
[2024-03-14T08:54:36.631+0000][3.299s] GC(5) Survivor regions: 6->3(4)
[2024-03-14T08:54:36.632+0000][3.299s] GC(5) Old regions: 18->22
[2024-03-14T08:54:36.632+0000][3.299s] GC(5) Archive regions: 2->2
[2024-03-14T08:54:36.632+0000][3.299s] GC(5) Humongous regions: 4->4
[2024-03-14T08:54:36.632+0000][3.299s] GC(5) Metaspace: 34281K(34624K)->34281K(34624K) NonClass: 29976K(30144K)->29976K(30144K) Class: 4304K(4480K)->4304K(4480K)
[2024-03-14T08:54:36.632+0000][3.299s] GC(5) Pause Young (Mixed) (G1 Evacuation Pause) 46M->29M(512M) 9.300ms
[2024-03-14T08:54:36.632+0000][3.300s] GC(5) User=0.02s Sys=0.00s Real=0.01s
[2024-03-14T08:54:36.741+0000][3.408s] GC(6) Pause Young (Concurrent Start) (Metadata GC Threshold)
[2024-03-14T08:54:36.744+0000][3.411s] GC(6) Using 8 workers of 8 for evacuation
[2024-03-14T08:54:36.749+0000][3.416s] GC(6)   Pre Evacuate Collection Set: 0.2ms
[2024-03-14T08:54:36.749+0000][3.416s] GC(6)   Merge Heap Roots: 0.0ms
[2024-03-14T08:54:36.749+0000][3.416s] GC(6)   Evacuate Collection Set: 4.2ms
[2024-03-14T08:54:36.749+0000][3.416s] GC(6)   Post Evacuate Collection Set: 0.3ms
[2024-03-14T08:54:36.749+0000][3.416s] GC(6)   Other: 2.9ms
[2024-03-14T08:54:36.749+0000][3.417s] GC(6) Eden regions: 11->0(282)
[2024-03-14T08:54:36.749+0000][3.417s] GC(6) Survivor regions: 3->3(28)
[2024-03-14T08:54:36.749+0000][3.417s] GC(6) Old regions: 22->22
[2024-03-14T08:54:36.750+0000][3.417s] GC(6) Archive regions: 2->2
[2024-03-14T08:54:36.750+0000][3.417s] GC(6) Humongous regions: 4->4
[2024-03-14T08:54:36.750+0000][3.417s] GC(6) Metaspace: 35754K(36160K)->35754K(36160K) NonClass: 31244K(31424K)->31244K(31424K) Class: 4509K(4736K)->4509K(4736K)
[2024-03-14T08:54:36.750+0000][3.417s] GC(6) Pause Young (Concurrent Start) (Metadata GC Threshold) 39M->29M(512M) 8.534ms
[2024-03-14T08:54:36.750+0000][3.417s] GC(6) User=0.01s Sys=0.00s Real=0.01s
[2024-03-14T08:54:36.750+0000][3.417s] GC(7) Concurrent Mark Cycle
[2024-03-14T08:54:36.750+0000][3.417s] GC(7) Concurrent Clear Claimed Marks
[2024-03-14T08:54:36.750+0000][3.417s] GC(7) Concurrent Clear Claimed Marks 0.164ms
[2024-03-14T08:54:36.750+0000][3.417s] GC(7) Concurrent Scan Root Regions
[2024-03-14T08:54:36.751+0000][3.418s] GC(7) Concurrent Scan Root Regions 0.850ms
[2024-03-14T08:54:36.751+0000][3.418s] GC(7) Concurrent Mark
[2024-03-14T08:54:36.751+0000][3.419s] GC(7) Concurrent Mark From Roots
[2024-03-14T08:54:36.752+0000][3.419s] GC(7) Using 2 workers of 2 for marking
[2024-03-14T08:54:36.763+0000][3.430s] GC(7) Concurrent Mark From Roots 11.562ms
[2024-03-14T08:54:36.763+0000][3.430s] GC(7) Concurrent Preclean
[2024-03-14T08:54:36.763+0000][3.431s] GC(7) Concurrent Preclean 0.187ms
[2024-03-14T08:54:36.768+0000][3.435s] GC(7) Pause Remark
[2024-03-14T08:54:36.776+0000][3.443s] GC(7) Pause Remark 31M->31M(512M) 8.130ms
[2024-03-14T08:54:36.776+0000][3.443s] GC(7) User=0.00s Sys=0.00s Real=0.01s
[2024-03-14T08:54:36.777+0000][3.444s] GC(7) Concurrent Mark 25.673ms
[2024-03-14T08:54:36.777+0000][3.444s] GC(7) Concurrent Rebuild Remembered Sets
[2024-03-14T08:54:36.786+0000][3.454s] GC(7) Concurrent Rebuild Remembered Sets 9.276ms
[2024-03-14T08:54:36.788+0000][3.455s] GC(7) Pause Cleanup
[2024-03-14T08:54:36.789+0000][3.456s] GC(7) Pause Cleanup 33M->33M(512M) 0.480ms
[2024-03-14T08:54:36.789+0000][3.456s] GC(7) User=0.00s Sys=0.00s Real=0.00s
[2024-03-14T08:54:36.790+0000][3.457s] GC(7) Concurrent Cleanup for Next Mark
[2024-03-14T08:54:36.796+0000][3.463s] GC(7) Concurrent Cleanup for Next Mark 5.786ms
[2024-03-14T08:54:36.798+0000][3.465s] GC(7) Concurrent Mark Cycle 47.930ms
[2024-03-14T08:55:57.502+0000][84.171s] Heap
[2024-03-14T08:55:57.503+0000][84.171s]  garbage-first heap   total 524288K, used 184294K [0x00000000e0000000, 0x0000000100000000)
[2024-03-14T08:55:57.503+0000][84.171s]   region size 1024K, 154 young (157696K), 3 survivors (3072K)
[2024-03-14T08:55:57.503+0000][84.171s]  Metaspace       used 51849K, committed 52352K, reserved 1114112K
[2024-03-14T08:55:57.504+0000][84.172s]   class space    used 6720K, committed 6976K, reserved 1048576K
