[2024-03-17T15:49:42.951+0000][0.014s] Using G1
[2024-03-17T15:49:43.162+0000][0.225s] Version: 17.0.10+7 (release)
[2024-03-17T15:49:43.162+0000][0.226s] CPUs: 8 total, 8 available
[2024-03-17T15:49:43.163+0000][0.226s] Memory: 7841M
[2024-03-17T15:49:43.163+0000][0.227s] Large Page Support: Disabled
[2024-03-17T15:49:43.164+0000][0.227s] NUMA Support: Disabled
[2024-03-17T15:49:43.164+0000][0.227s] Compressed Oops: Enabled (32-bit)
[2024-03-17T15:49:43.164+0000][0.227s] Heap Region Size: 1M
[2024-03-17T15:49:43.164+0000][0.227s] Heap Min Capacity: 512M
[2024-03-17T15:49:43.164+0000][0.228s] Heap Initial Capacity: 512M
[2024-03-17T15:49:43.165+0000][0.228s] Heap Max Capacity: 512M
[2024-03-17T15:49:43.165+0000][0.228s] Pre-touch: Enabled
[2024-03-17T15:49:43.165+0000][0.228s] Parallel Workers: 8
[2024-03-17T15:49:43.165+0000][0.228s] Concurrent Workers: 2
[2024-03-17T15:49:43.165+0000][0.229s] Concurrent Refinement Workers: 8
[2024-03-17T15:49:43.166+0000][0.229s] Periodic GC: Disabled
[2024-03-17T15:49:43.167+0000][0.230s] CDS archive(s) mapped at: [0x0000000800000000-0x0000000800a5f000-0x0000000800a5f000), size 10874880, SharedBaseAddress: 0x0000000800000000, ArchiveRelocationMode: 1.
[2024-03-17T15:49:43.167+0000][0.230s] Compressed class space mapped at: 0x0000000801000000-0x0000000841000000, reserved size: 1073741824
[2024-03-17T15:49:43.167+0000][0.230s] Narrow klass base: 0x0000000800000000, Narrow klass shift: 0, Narrow klass range: 0x100000000
[2024-03-17T15:49:44.956+0000][2.019s] GC(0) Pause Young (Normal) (G1 Evacuation Pause)
[2024-03-17T15:49:44.958+0000][2.021s] GC(0) Using 8 workers of 8 for evacuation
[2024-03-17T15:49:44.966+0000][2.029s] GC(0)   Pre Evacuate Collection Set: 0.4ms
[2024-03-17T15:49:44.966+0000][2.030s] GC(0)   Merge Heap Roots: 0.1ms
[2024-03-17T15:49:44.967+0000][2.030s] GC(0)   Evacuate Collection Set: 6.3ms
[2024-03-17T15:49:44.967+0000][2.030s] GC(0)   Post Evacuate Collection Set: 0.6ms
[2024-03-17T15:49:44.967+0000][2.030s] GC(0)   Other: 3.0ms
[2024-03-17T15:49:44.967+0000][2.030s] GC(0) Eden regions: 29->0(58)
[2024-03-17T15:49:44.967+0000][2.030s] GC(0) Survivor regions: 0->4(4)
[2024-03-17T15:49:44.967+0000][2.031s] GC(0) Old regions: 0->1
[2024-03-17T15:49:44.968+0000][2.031s] GC(0) Archive regions: 2->2
[2024-03-17T15:49:44.968+0000][2.031s] GC(0) Humongous regions: 0->0
[2024-03-17T15:49:44.968+0000][2.031s] GC(0) Metaspace: 9914K(10176K)->9914K(10176K) NonClass: 8669K(8768K)->8669K(8768K) Class: 1244K(1408K)->1244K(1408K)
[2024-03-17T15:49:44.968+0000][2.031s] GC(0) Pause Young (Normal) (G1 Evacuation Pause) 29M->5M(512M) 12.192ms
[2024-03-17T15:49:44.968+0000][2.031s] GC(0) User=0.01s Sys=0.00s Real=0.02s
[2024-03-17T15:49:45.658+0000][2.721s] GC(1) Pause Young (Normal) (G1 Evacuation Pause)
[2024-03-17T15:49:45.660+0000][2.723s] GC(1) Using 8 workers of 8 for evacuation
[2024-03-17T15:49:45.689+0000][2.752s] GC(1)   Pre Evacuate Collection Set: 0.2ms
[2024-03-17T15:49:45.691+0000][2.754s] GC(1)   Merge Heap Roots: 0.1ms
[2024-03-17T15:49:45.691+0000][2.754s] GC(1)   Evacuate Collection Set: 26.8ms
[2024-03-17T15:49:45.691+0000][2.754s] GC(1)   Post Evacuate Collection Set: 0.8ms
[2024-03-17T15:49:45.691+0000][2.754s] GC(1)   Other: 3.1ms
[2024-03-17T15:49:45.691+0000][2.755s] GC(1) Eden regions: 52->0(107)
[2024-03-17T15:49:45.692+0000][2.755s] GC(1) Survivor regions: 4->7(7)
[2024-03-17T15:49:45.692+0000][2.755s] GC(1) Old regions: 1->10
[2024-03-17T15:49:45.692+0000][2.755s] GC(1) Archive regions: 2->2
[2024-03-17T15:49:45.692+0000][2.755s] GC(1) Humongous regions: 4->4
[2024-03-17T15:49:45.692+0000][2.755s] GC(1) Metaspace: 17815K(18048K)->17815K(18048K) NonClass: 15601K(15744K)->15601K(15744K) Class: 2214K(2304K)->2214K(2304K)
[2024-03-17T15:49:45.692+0000][2.756s] GC(1) Pause Young (Normal) (G1 Evacuation Pause) 61M->21M(512M) 34.181ms
[2024-03-17T15:49:45.693+0000][2.756s] GC(1) User=0.04s Sys=0.00s Real=0.03s
[2024-03-17T15:49:46.107+0000][3.171s] GC(2) Pause Young (Concurrent Start) (Metadata GC Threshold)
[2024-03-17T15:49:46.108+0000][3.171s] GC(2) Using 8 workers of 8 for evacuation
[2024-03-17T15:49:46.123+0000][3.186s] GC(2)   Pre Evacuate Collection Set: 0.2ms
[2024-03-17T15:49:46.123+0000][3.187s] GC(2)   Merge Heap Roots: 0.0ms
[2024-03-17T15:49:46.124+0000][3.187s] GC(2)   Evacuate Collection Set: 12.4ms
[2024-03-17T15:49:46.124+0000][3.187s] GC(2)   Post Evacuate Collection Set: 0.5ms
[2024-03-17T15:49:46.124+0000][3.187s] GC(2)   Other: 2.6ms
[2024-03-17T15:49:46.124+0000][3.187s] GC(2) Eden regions: 30->0(124)
[2024-03-17T15:49:46.124+0000][3.188s] GC(2) Survivor regions: 7->9(15)
[2024-03-17T15:49:46.125+0000][3.188s] GC(2) Old regions: 10->10
[2024-03-17T15:49:46.125+0000][3.188s] GC(2) Archive regions: 2->2
[2024-03-17T15:49:46.125+0000][3.188s] GC(2) Humongous regions: 4->4
[2024-03-17T15:49:46.125+0000][3.188s] GC(2) Metaspace: 21142K(21504K)->21142K(21504K) NonClass: 18514K(18688K)->18514K(18688K) Class: 2627K(2816K)->2627K(2816K)
[2024-03-17T15:49:46.125+0000][3.188s] GC(2) Pause Young (Concurrent Start) (Metadata GC Threshold) 50M->22M(512M) 17.663ms
[2024-03-17T15:49:46.125+0000][3.188s] GC(2) User=0.01s Sys=0.01s Real=0.01s
[2024-03-17T15:49:46.128+0000][3.191s] GC(3) Concurrent Mark Cycle
[2024-03-17T15:49:46.130+0000][3.193s] GC(3) Concurrent Clear Claimed Marks
[2024-03-17T15:49:46.130+0000][3.193s] GC(3) Concurrent Clear Claimed Marks 0.354ms
[2024-03-17T15:49:46.132+0000][3.196s] GC(3) Concurrent Scan Root Regions
[2024-03-17T15:49:46.138+0000][3.201s] GC(3) Concurrent Scan Root Regions 5.421ms
[2024-03-17T15:49:46.138+0000][3.201s] GC(3) Concurrent Mark
[2024-03-17T15:49:46.138+0000][3.201s] GC(3) Concurrent Mark From Roots
[2024-03-17T15:49:46.138+0000][3.202s] GC(3) Using 2 workers of 2 for marking
[2024-03-17T15:49:46.144+0000][3.208s] GC(3) Concurrent Mark From Roots 6.141ms
[2024-03-17T15:49:46.145+0000][3.208s] GC(3) Concurrent Preclean
[2024-03-17T15:49:46.145+0000][3.209s] GC(3) Concurrent Preclean 0.469ms
[2024-03-17T15:49:46.146+0000][3.209s] GC(3) Pause Remark
[2024-03-17T15:49:46.153+0000][3.216s] GC(3) Pause Remark 23M->23M(512M) 6.507ms
[2024-03-17T15:49:46.154+0000][3.217s] GC(3) User=0.00s Sys=0.00s Real=0.00s
[2024-03-17T15:49:46.155+0000][3.218s] GC(3) Concurrent Mark 17.114ms
[2024-03-17T15:49:46.156+0000][3.219s] GC(3) Concurrent Rebuild Remembered Sets
[2024-03-17T15:49:46.165+0000][3.228s] GC(3) Concurrent Rebuild Remembered Sets 8.776ms
[2024-03-17T15:49:46.168+0000][3.231s] GC(3) Pause Cleanup
[2024-03-17T15:49:46.169+0000][3.232s] GC(3) Pause Cleanup 24M->24M(512M) 0.602ms
[2024-03-17T15:49:46.169+0000][3.232s] GC(3) User=0.00s Sys=0.00s Real=0.00s
[2024-03-17T15:49:46.169+0000][3.232s] GC(3) Concurrent Cleanup for Next Mark
[2024-03-17T15:49:46.170+0000][3.233s] GC(3) Concurrent Cleanup for Next Mark 0.461ms
[2024-03-17T15:49:46.170+0000][3.234s] GC(3) Concurrent Mark Cycle 42.238ms
[2024-03-17T15:49:47.952+0000][5.015s] GC(4) Pause Young (Concurrent Start) (Metadata GC Threshold)
[2024-03-17T15:49:47.955+0000][5.019s] GC(4) Using 8 workers of 8 for evacuation
[2024-03-17T15:49:47.999+0000][5.062s] GC(4)   Pre Evacuate Collection Set: 0.5ms
[2024-03-17T15:49:48.001+0000][5.064s] GC(4)   Merge Heap Roots: 0.1ms
[2024-03-17T15:49:48.001+0000][5.064s] GC(4)   Evacuate Collection Set: 37.6ms
[2024-03-17T15:49:48.002+0000][5.065s] GC(4)   Post Evacuate Collection Set: 1.0ms
[2024-03-17T15:49:48.002+0000][5.065s] GC(4)   Other: 8.5ms
[2024-03-17T15:49:48.002+0000][5.065s] GC(4) Eden regions: 84->0(187)
[2024-03-17T15:49:48.002+0000][5.066s] GC(4) Survivor regions: 9->16(19)
[2024-03-17T15:49:48.003+0000][5.066s] GC(4) Old regions: 10->10
[2024-03-17T15:49:48.003+0000][5.066s] GC(4) Archive regions: 2->2
[2024-03-17T15:49:48.003+0000][5.067s] GC(4) Humongous regions: 4->4
[2024-03-17T15:49:48.010+0000][5.073s] GC(4) Metaspace: 35686K(36096K)->35686K(36096K) NonClass: 31183K(31360K)->31183K(31360K) Class: 4503K(4736K)->4503K(4736K)
[2024-03-17T15:49:48.012+0000][5.075s] GC(4) Pause Young (Concurrent Start) (Metadata GC Threshold) 106M->29M(512M) 59.658ms
[2024-03-17T15:49:48.014+0000][5.077s] GC(4) User=0.03s Sys=0.00s Real=0.06s
[2024-03-17T15:49:48.014+0000][5.078s] GC(5) Concurrent Mark Cycle
[2024-03-17T15:49:48.016+0000][5.079s] GC(5) Concurrent Clear Claimed Marks
[2024-03-17T15:49:48.018+0000][5.081s] GC(5) Concurrent Clear Claimed Marks 2.457ms
[2024-03-17T15:49:48.019+0000][5.082s] GC(5) Concurrent Scan Root Regions
[2024-03-17T15:49:48.032+0000][5.095s] GC(5) Concurrent Scan Root Regions 13.208ms
[2024-03-17T15:49:48.035+0000][5.098s] GC(5) Concurrent Mark
[2024-03-17T15:49:48.037+0000][5.101s] GC(5) Concurrent Mark From Roots
[2024-03-17T15:49:48.038+0000][5.101s] GC(5) Using 2 workers of 2 for marking
[2024-03-17T15:49:48.059+0000][5.122s] GC(5) Concurrent Mark From Roots 21.532ms
[2024-03-17T15:49:48.059+0000][5.122s] GC(5) Concurrent Preclean
[2024-03-17T15:49:48.059+0000][5.123s] GC(5) Concurrent Preclean 0.224ms
[2024-03-17T15:49:48.060+0000][5.123s] GC(5) Pause Remark
[2024-03-17T15:49:48.064+0000][5.128s] GC(5) Pause Remark 32M->32M(512M) 4.196ms
[2024-03-17T15:49:48.065+0000][5.128s] GC(5) User=0.01s Sys=0.00s Real=0.00s
[2024-03-17T15:49:48.065+0000][5.128s] GC(5) Concurrent Mark 30.150ms
[2024-03-17T15:49:48.065+0000][5.128s] GC(5) Concurrent Rebuild Remembered Sets
[2024-03-17T15:49:48.071+0000][5.134s] GC(5) Concurrent Rebuild Remembered Sets 5.941ms
[2024-03-17T15:49:48.079+0000][5.142s] GC(5) Pause Cleanup
[2024-03-17T15:49:48.079+0000][5.143s] GC(5) Pause Cleanup 33M->33M(512M) 0.377ms
[2024-03-17T15:49:48.080+0000][5.143s] GC(5) User=0.00s Sys=0.00s Real=0.00s
[2024-03-17T15:49:48.083+0000][5.146s] GC(5) Concurrent Cleanup for Next Mark
[2024-03-17T15:49:48.088+0000][5.151s] GC(5) Concurrent Cleanup for Next Mark 4.821ms
[2024-03-17T15:49:48.090+0000][5.153s] GC(5) Concurrent Mark Cycle 75.765ms
[2024-03-17T16:10:27.501+0000][1244.526s] GC(6) Pause Young (Concurrent Start) (G1 Evacuation Pause)
[2024-03-17T16:10:27.503+0000][1244.528s] GC(6) Using 8 workers of 8 for evacuation
[2024-03-17T16:10:27.569+0000][1244.594s] GC(6)   Pre Evacuate Collection Set: 0.8ms
[2024-03-17T16:10:27.569+0000][1244.594s] GC(6)   Merge Heap Roots: 0.1ms
[2024-03-17T16:10:27.569+0000][1244.594s] GC(6)   Evacuate Collection Set: 60.9ms
[2024-03-17T16:10:27.569+0000][1244.594s] GC(6)   Post Evacuate Collection Set: 2.9ms
[2024-03-17T16:10:27.569+0000][1244.594s] GC(6)   Other: 2.8ms
[2024-03-17T16:10:27.569+0000][1244.595s] GC(6) Eden regions: 204->0(214)
[2024-03-17T16:10:27.569+0000][1244.595s] GC(6) Survivor regions: 16->26(28)
[2024-03-17T16:10:27.569+0000][1244.595s] GC(6) Old regions: 10->17
[2024-03-17T16:10:27.570+0000][1244.595s] GC(6) Archive regions: 2->2
[2024-03-17T16:10:27.570+0000][1244.595s] GC(6) Humongous regions: 4->4
[2024-03-17T16:10:27.570+0000][1244.595s] GC(6) Metaspace: 56287K(56832K)->56287K(56832K) NonClass: 49016K(49280K)->49016K(49280K) Class: 7270K(7552K)->7270K(7552K)
[2024-03-17T16:10:27.570+0000][1244.595s] GC(6) Pause Young (Concurrent Start) (G1 Evacuation Pause) 233M->46M(512M) 68.832ms
[2024-03-17T16:10:27.570+0000][1244.595s] GC(6) User=0.49s Sys=0.00s Real=0.07s
[2024-03-17T16:10:27.570+0000][1244.595s] GC(7) Concurrent Mark Cycle
[2024-03-17T16:10:27.571+0000][1244.596s] GC(7) Concurrent Clear Claimed Marks
[2024-03-17T16:10:27.571+0000][1244.596s] GC(7) Concurrent Clear Claimed Marks 0.324ms
[2024-03-17T16:10:27.571+0000][1244.596s] GC(7) Concurrent Scan Root Regions
[2024-03-17T16:10:27.579+0000][1244.605s] GC(7) Concurrent Scan Root Regions 8.294ms
[2024-03-17T16:10:27.580+0000][1244.605s] GC(7) Concurrent Mark
[2024-03-17T16:10:27.580+0000][1244.605s] GC(7) Concurrent Mark From Roots
[2024-03-17T16:10:27.580+0000][1244.606s] GC(7) Using 2 workers of 2 for marking
[2024-03-17T16:10:27.586+0000][1244.611s] GC(7) Concurrent Mark From Roots 5.666ms
[2024-03-17T16:10:27.586+0000][1244.611s] GC(7) Concurrent Preclean
[2024-03-17T16:10:27.586+0000][1244.611s] GC(7) Concurrent Preclean 0.199ms
[2024-03-17T16:10:27.586+0000][1244.611s] GC(7) Pause Remark
[2024-03-17T16:10:27.599+0000][1244.624s] GC(7) Pause Remark 48M->48M(512M) 12.751ms
[2024-03-17T16:10:27.599+0000][1244.624s] GC(7) User=0.09s Sys=0.00s Real=0.01s
[2024-03-17T16:10:27.599+0000][1244.625s] GC(7) Concurrent Mark 19.589ms
[2024-03-17T16:10:27.600+0000][1244.625s] GC(7) Concurrent Rebuild Remembered Sets
[2024-03-17T16:10:27.606+0000][1244.631s] GC(7) Concurrent Rebuild Remembered Sets 6.575ms
[2024-03-17T16:10:27.607+0000][1244.632s] GC(7) Pause Cleanup
[2024-03-17T16:10:27.608+0000][1244.633s] GC(7) Pause Cleanup 48M->48M(512M) 0.477ms
[2024-03-17T16:10:27.608+0000][1244.633s] GC(7) User=0.00s Sys=0.00s Real=0.00s
[2024-03-17T16:10:27.608+0000][1244.633s] GC(7) Concurrent Cleanup for Next Mark
[2024-03-17T16:10:27.610+0000][1244.635s] GC(7) Concurrent Cleanup for Next Mark 2.253ms
[2024-03-17T16:10:27.610+0000][1244.635s] GC(7) Concurrent Mark Cycle 40.086ms
[2024-03-17T16:49:59.550+0000][3616.568s] Heap
[2024-03-17T16:49:59.551+0000][3616.568s]  garbage-first heap   total 524288K, used 69845K [0x00000000e0000000, 0x0000000100000000)
[2024-03-17T16:49:59.551+0000][3616.568s]   region size 1024K, 48 young (49152K), 26 survivors (26624K)
[2024-03-17T16:49:59.551+0000][3616.568s]  Metaspace       used 56431K, committed 56960K, reserved 1114112K
[2024-03-17T16:49:59.551+0000][3616.568s]   class space    used 7286K, committed 7552K, reserved 1048576K
