[2024-03-16T17:25:12.105+0000][0.016s] Using G1
[2024-03-16T17:25:12.570+0000][0.481s] Version: 17.0.10+7 (release)
[2024-03-16T17:25:12.570+0000][0.482s] CPUs: 8 total, 8 available
[2024-03-16T17:25:12.571+0000][0.482s] Memory: 7841M
[2024-03-16T17:25:12.571+0000][0.483s] Large Page Support: Disabled
[2024-03-16T17:25:12.571+0000][0.483s] NUMA Support: Disabled
[2024-03-16T17:25:12.571+0000][0.483s] Compressed Oops: Enabled (32-bit)
[2024-03-16T17:25:12.572+0000][0.483s] Heap Region Size: 1M
[2024-03-16T17:25:12.572+0000][0.484s] Heap Min Capacity: 512M
[2024-03-16T17:25:12.573+0000][0.485s] Heap Initial Capacity: 512M
[2024-03-16T17:25:12.576+0000][0.487s] Heap Max Capacity: 512M
[2024-03-16T17:25:12.576+0000][0.488s] Pre-touch: Enabled
[2024-03-16T17:25:12.576+0000][0.488s] Parallel Workers: 8
[2024-03-16T17:25:12.576+0000][0.488s] Concurrent Workers: 2
[2024-03-16T17:25:12.577+0000][0.488s] Concurrent Refinement Workers: 8
[2024-03-16T17:25:12.577+0000][0.488s] Periodic GC: Disabled
[2024-03-16T17:25:12.589+0000][0.500s] CDS archive(s) mapped at: [0x0000001000000000-0x0000001000a5f000-0x0000001000a5f000), size 10874880, SharedBaseAddress: 0x0000001000000000, ArchiveRelocationMode: 1.
[2024-03-16T17:25:12.589+0000][0.501s] Compressed class space mapped at: 0x0000001001000000-0x0000001041000000, reserved size: 1073741824
[2024-03-16T17:25:12.589+0000][0.501s] Narrow klass base: 0x0000001000000000, Narrow klass shift: 0, Narrow klass range: 0x100000000
[2024-03-16T17:25:13.471+0000][1.382s] GC(0) Pause Young (Normal) (G1 Evacuation Pause)
[2024-03-16T17:25:13.471+0000][1.383s] GC(0) Using 8 workers of 8 for evacuation
[2024-03-16T17:25:13.478+0000][1.389s] GC(0)   Pre Evacuate Collection Set: 0.1ms
[2024-03-16T17:25:13.478+0000][1.390s] GC(0)   Merge Heap Roots: 0.4ms
[2024-03-16T17:25:13.478+0000][1.390s] GC(0)   Evacuate Collection Set: 5.2ms
[2024-03-16T17:25:13.478+0000][1.390s] GC(0)   Post Evacuate Collection Set: 0.6ms
[2024-03-16T17:25:13.479+0000][1.390s] GC(0)   Other: 0.8ms
[2024-03-16T17:25:13.479+0000][1.391s] GC(0) Eden regions: 29->0(58)
[2024-03-16T17:25:13.479+0000][1.391s] GC(0) Survivor regions: 0->4(4)
[2024-03-16T17:25:13.480+0000][1.391s] GC(0) Old regions: 0->1
[2024-03-16T17:25:13.480+0000][1.391s] GC(0) Archive regions: 2->2
[2024-03-16T17:25:13.480+0000][1.392s] GC(0) Humongous regions: 0->0
[2024-03-16T17:25:13.480+0000][1.392s] GC(0) Metaspace: 9852K(10112K)->9852K(10112K) NonClass: 8633K(8768K)->8633K(8768K) Class: 1218K(1344K)->1218K(1344K)
[2024-03-16T17:25:13.480+0000][1.392s] GC(0) Pause Young (Normal) (G1 Evacuation Pause) 29M->5M(512M) 9.653ms
[2024-03-16T17:25:13.480+0000][1.392s] GC(0) User=0.03s Sys=0.00s Real=0.01s
[2024-03-16T17:25:14.145+0000][2.057s] GC(1) Pause Young (Normal) (G1 Evacuation Pause)
[2024-03-16T17:25:14.146+0000][2.058s] GC(1) Using 8 workers of 8 for evacuation
[2024-03-16T17:25:14.155+0000][2.067s] GC(1)   Pre Evacuate Collection Set: 0.1ms
[2024-03-16T17:25:14.156+0000][2.068s] GC(1)   Merge Heap Roots: 0.1ms
[2024-03-16T17:25:14.156+0000][2.068s] GC(1)   Evacuate Collection Set: 8.0ms
[2024-03-16T17:25:14.156+0000][2.068s] GC(1)   Post Evacuate Collection Set: 0.6ms
[2024-03-16T17:25:14.156+0000][2.068s] GC(1)   Other: 1.4ms
[2024-03-16T17:25:14.156+0000][2.068s] GC(1) Eden regions: 56->0(176)
[2024-03-16T17:25:14.156+0000][2.068s] GC(1) Survivor regions: 4->8(8)
[2024-03-16T17:25:14.156+0000][2.068s] GC(1) Old regions: 1->9
[2024-03-16T17:25:14.157+0000][2.069s] GC(1) Archive regions: 2->2
[2024-03-16T17:25:14.157+0000][2.069s] GC(1) Humongous regions: 4->4
[2024-03-16T17:25:14.157+0000][2.069s] GC(1) Metaspace: 17862K(18112K)->17862K(18112K) NonClass: 15649K(15808K)->15649K(15808K) Class: 2213K(2304K)->2213K(2304K)
[2024-03-16T17:25:14.157+0000][2.069s] GC(1) Pause Young (Normal) (G1 Evacuation Pause) 65M->21M(512M) 12.061ms
[2024-03-16T17:25:14.157+0000][2.069s] GC(1) User=0.04s Sys=0.00s Real=0.01s
[2024-03-16T17:25:14.537+0000][2.449s] GC(2) Pause Young (Concurrent Start) (Metadata GC Threshold)
[2024-03-16T17:25:14.540+0000][2.452s] GC(2) Using 8 workers of 8 for evacuation
[2024-03-16T17:25:14.547+0000][2.459s] GC(2)   Pre Evacuate Collection Set: 0.1ms
[2024-03-16T17:25:14.547+0000][2.459s] GC(2)   Merge Heap Roots: 0.1ms
[2024-03-16T17:25:14.548+0000][2.460s] GC(2)   Evacuate Collection Set: 5.3ms
[2024-03-16T17:25:14.548+0000][2.460s] GC(2)   Post Evacuate Collection Set: 1.1ms
[2024-03-16T17:25:14.548+0000][2.460s] GC(2)   Other: 2.9ms
[2024-03-16T17:25:14.548+0000][2.460s] GC(2) Eden regions: 26->0(148)
[2024-03-16T17:25:14.548+0000][2.460s] GC(2) Survivor regions: 8->10(20)
[2024-03-16T17:25:14.548+0000][2.460s] GC(2) Old regions: 9->9
[2024-03-16T17:25:14.548+0000][2.460s] GC(2) Archive regions: 2->2
[2024-03-16T17:25:14.548+0000][2.460s] GC(2) Humongous regions: 4->4
[2024-03-16T17:25:14.549+0000][2.460s] GC(2) Metaspace: 21204K(21504K)->21204K(21504K) NonClass: 18581K(18752K)->18581K(18752K) Class: 2622K(2752K)->2622K(2752K)
[2024-03-16T17:25:14.549+0000][2.461s] GC(2) Pause Young (Concurrent Start) (Metadata GC Threshold) 47M->23M(512M) 11.203ms
[2024-03-16T17:25:14.549+0000][2.461s] GC(2) User=0.02s Sys=0.00s Real=0.01s
[2024-03-16T17:25:14.549+0000][2.461s] GC(3) Concurrent Mark Cycle
[2024-03-16T17:25:14.550+0000][2.462s] GC(3) Concurrent Clear Claimed Marks
[2024-03-16T17:25:14.551+0000][2.462s] GC(3) Concurrent Clear Claimed Marks 0.440ms
[2024-03-16T17:25:14.551+0000][2.463s] GC(3) Concurrent Scan Root Regions
[2024-03-16T17:25:14.553+0000][2.465s] GC(3) Concurrent Scan Root Regions 2.644ms
[2024-03-16T17:25:14.554+0000][2.466s] GC(3) Concurrent Mark
[2024-03-16T17:25:14.554+0000][2.466s] GC(3) Concurrent Mark From Roots
[2024-03-16T17:25:14.554+0000][2.466s] GC(3) Using 2 workers of 2 for marking
[2024-03-16T17:25:14.560+0000][2.472s] GC(3) Concurrent Mark From Roots 6.216ms
[2024-03-16T17:25:14.560+0000][2.472s] GC(3) Concurrent Preclean
[2024-03-16T17:25:14.560+0000][2.472s] GC(3) Concurrent Preclean 0.219ms
[2024-03-16T17:25:14.562+0000][2.474s] GC(3) Pause Remark
[2024-03-16T17:25:14.564+0000][2.476s] GC(3) Pause Remark 25M->25M(512M) 2.111ms
[2024-03-16T17:25:14.564+0000][2.476s] GC(3) User=0.00s Sys=0.00s Real=0.00s
[2024-03-16T17:25:14.564+0000][2.476s] GC(3) Concurrent Mark 10.535ms
[2024-03-16T17:25:14.564+0000][2.476s] GC(3) Concurrent Rebuild Remembered Sets
[2024-03-16T17:25:14.568+0000][2.480s] GC(3) Concurrent Rebuild Remembered Sets 4.136ms
[2024-03-16T17:25:14.571+0000][2.483s] GC(3) Pause Cleanup
[2024-03-16T17:25:14.571+0000][2.483s] GC(3) Pause Cleanup 25M->25M(512M) 0.253ms
[2024-03-16T17:25:14.571+0000][2.483s] GC(3) User=0.00s Sys=0.00s Real=0.00s
[2024-03-16T17:25:14.571+0000][2.483s] GC(3) Concurrent Cleanup for Next Mark
[2024-03-16T17:25:14.572+0000][2.484s] GC(3) Concurrent Cleanup for Next Mark 0.484ms
[2024-03-16T17:25:14.572+0000][2.484s] GC(3) Concurrent Mark Cycle 23.263ms
[2024-03-16T17:25:17.085+0000][4.997s] GC(4) Pause Young (Prepare Mixed) (Metadata GC Threshold)
[2024-03-16T17:25:17.086+0000][4.998s] GC(4) Using 8 workers of 8 for evacuation
[2024-03-16T17:25:17.108+0000][5.020s] GC(4)   Pre Evacuate Collection Set: 0.6ms
[2024-03-16T17:25:17.109+0000][5.021s] GC(4)   Merge Heap Roots: 0.3ms
[2024-03-16T17:25:17.111+0000][5.023s] GC(4)   Evacuate Collection Set: 19.1ms
[2024-03-16T17:25:17.111+0000][5.023s] GC(4)   Post Evacuate Collection Set: 2.3ms
[2024-03-16T17:25:17.112+0000][5.024s] GC(4)   Other: 1.0ms
[2024-03-16T17:25:17.112+0000][5.024s] GC(4) Eden regions: 95->0(9)
[2024-03-16T17:25:17.112+0000][5.024s] GC(4) Survivor regions: 10->16(20)
[2024-03-16T17:25:17.112+0000][5.024s] GC(4) Old regions: 9->9
[2024-03-16T17:25:17.113+0000][5.025s] GC(4) Archive regions: 2->2
[2024-03-16T17:25:17.114+0000][5.026s] GC(4) Humongous regions: 4->4
[2024-03-16T17:25:17.115+0000][5.027s] GC(4) Metaspace: 35816K(36160K)->35816K(36160K) NonClass: 31319K(31488K)->31319K(31488K) Class: 4497K(4672K)->4497K(4672K)
[2024-03-16T17:25:17.117+0000][5.029s] GC(4) Pause Young (Prepare Mixed) (Metadata GC Threshold) 118M->29M(512M) 31.633ms
[2024-03-16T17:25:17.121+0000][5.033s] GC(4) User=0.08s Sys=0.00s Real=0.03s
[2024-03-16T17:25:17.173+0000][5.085s] GC(5) Pause Young (Mixed) (Metadata GC Threshold)
[2024-03-16T17:25:17.174+0000][5.086s] GC(5) Using 8 workers of 8 for evacuation
[2024-03-16T17:25:17.215+0000][5.127s] GC(5)   Pre Evacuate Collection Set: 0.2ms
[2024-03-16T17:25:17.215+0000][5.127s] GC(5)   Merge Heap Roots: 0.1ms
[2024-03-16T17:25:17.217+0000][5.129s] GC(5)   Evacuate Collection Set: 39.1ms
[2024-03-16T17:25:17.217+0000][5.129s] GC(5)   Post Evacuate Collection Set: 1.1ms
[2024-03-16T17:25:17.218+0000][5.130s] GC(5)   Other: 1.0ms
[2024-03-16T17:25:17.218+0000][5.130s] GC(5) Eden regions: 2->0(305)
[2024-03-16T17:25:17.221+0000][5.133s] GC(5) Survivor regions: 16->2(4)
[2024-03-16T17:25:17.222+0000][5.134s] GC(5) Old regions: 9->24
[2024-03-16T17:25:17.222+0000][5.134s] GC(5) Archive regions: 2->2
[2024-03-16T17:25:17.223+0000][5.135s] GC(5) Humongous regions: 4->4
[2024-03-16T17:25:17.262+0000][5.174s] GC(5) Metaspace: 36132K(36480K)->36132K(36480K) NonClass: 31585K(31744K)->31585K(31744K) Class: 4546K(4736K)->4546K(4736K)
[2024-03-16T17:25:17.266+0000][5.178s] GC(5) Pause Young (Mixed) (Metadata GC Threshold) 31M->30M(512M) 92.378ms
[2024-03-16T17:25:17.266+0000][5.178s] GC(5) User=0.09s Sys=0.01s Real=0.10s
[2024-03-16T17:25:17.298+0000][5.210s] GC(6) Pause Young (Concurrent Start) (Metadata GC Threshold)
[2024-03-16T17:25:17.298+0000][5.210s] GC(6) Using 8 workers of 8 for evacuation
[2024-03-16T17:25:17.312+0000][5.224s] GC(6)   Pre Evacuate Collection Set: 0.3ms
[2024-03-16T17:25:17.313+0000][5.225s] GC(6)   Merge Heap Roots: 0.2ms
[2024-03-16T17:25:17.313+0000][5.225s] GC(6)   Evacuate Collection Set: 11.9ms
[2024-03-16T17:25:17.313+0000][5.225s] GC(6)   Post Evacuate Collection Set: 1.0ms
[2024-03-16T17:25:17.313+0000][5.225s] GC(6)   Other: 0.9ms
[2024-03-16T17:25:17.313+0000][5.225s] GC(6) Eden regions: 2->0(306)
[2024-03-16T17:25:17.314+0000][5.226s] GC(6) Survivor regions: 2->1(39)
[2024-03-16T17:25:17.314+0000][5.226s] GC(6) Old regions: 24->24
[2024-03-16T17:25:17.314+0000][5.226s] GC(6) Archive regions: 2->2
[2024-03-16T17:25:17.314+0000][5.226s] GC(6) Humongous regions: 4->4
[2024-03-16T17:25:17.314+0000][5.226s] GC(6) Metaspace: 36439K(36800K)->36439K(36800K) NonClass: 31855K(32000K)->31855K(32000K) Class: 4584K(4800K)->4584K(4800K)
[2024-03-16T17:25:17.314+0000][5.226s] GC(6) Pause Young (Concurrent Start) (Metadata GC Threshold) 32M->28M(512M) 16.355ms
[2024-03-16T17:25:17.315+0000][5.227s] GC(6) User=0.02s Sys=0.00s Real=0.01s
[2024-03-16T17:25:17.315+0000][5.227s] GC(7) Concurrent Mark Cycle
[2024-03-16T17:25:17.315+0000][5.227s] GC(7) Concurrent Clear Claimed Marks
[2024-03-16T17:25:17.316+0000][5.228s] GC(7) Concurrent Clear Claimed Marks 0.470ms
[2024-03-16T17:25:17.318+0000][5.230s] GC(7) Concurrent Scan Root Regions
[2024-03-16T17:25:17.323+0000][5.235s] GC(7) Concurrent Scan Root Regions 5.121ms
[2024-03-16T17:25:17.323+0000][5.235s] GC(7) Concurrent Mark
[2024-03-16T17:25:17.323+0000][5.235s] GC(7) Concurrent Mark From Roots
[2024-03-16T17:25:17.328+0000][5.240s] GC(7) Using 2 workers of 2 for marking
[2024-03-16T17:25:17.392+0000][5.304s] GC(7) Concurrent Mark From Roots 68.357ms
[2024-03-16T17:25:17.395+0000][5.307s] GC(7) Concurrent Preclean
[2024-03-16T17:25:17.408+0000][5.320s] GC(7) Concurrent Preclean 12.508ms
[2024-03-16T17:25:17.427+0000][5.339s] GC(7) Pause Remark
[2024-03-16T17:25:17.441+0000][5.353s] GC(7) Pause Remark 33M->33M(512M) 13.928ms
[2024-03-16T17:25:17.443+0000][5.355s] GC(7) User=0.01s Sys=0.00s Real=0.01s
[2024-03-16T17:25:17.447+0000][5.359s] GC(7) Concurrent Mark 123.655ms
[2024-03-16T17:25:17.451+0000][5.363s] GC(7) Concurrent Rebuild Remembered Sets
[2024-03-16T17:25:17.471+0000][5.383s] GC(7) Concurrent Rebuild Remembered Sets 19.580ms
[2024-03-16T17:25:17.480+0000][5.392s] GC(7) Pause Cleanup
[2024-03-16T17:25:17.494+0000][5.406s] GC(7) Pause Cleanup 34M->34M(512M) 13.433ms
[2024-03-16T17:25:17.499+0000][5.411s] GC(7) User=0.00s Sys=0.00s Real=0.02s
[2024-03-16T17:25:17.509+0000][5.421s] GC(7) Concurrent Cleanup for Next Mark
[2024-03-16T17:25:17.532+0000][5.444s] GC(7) Concurrent Cleanup for Next Mark 22.338ms
[2024-03-16T17:25:17.570+0000][5.482s] GC(7) Concurrent Mark Cycle 255.292ms
[2024-03-16T17:40:40.253+0000][894.976s] Heap
[2024-03-16T17:40:40.254+0000][894.976s]  garbage-first heap   total 524288K, used 205717K [0x00000000e0000000, 0x0000000100000000)
[2024-03-16T17:40:40.255+0000][894.977s]   region size 1024K, 173 young (177152K), 1 survivors (1024K)
[2024-03-16T17:40:40.255+0000][894.977s]  Metaspace       used 55741K, committed 56320K, reserved 1114112K
[2024-03-16T17:40:40.255+0000][894.977s]   class space    used 7260K, committed 7552K, reserved 1048576K
