[2024-03-16T06:54:48.640+0000][0.010s] Using G1
[2024-03-16T06:54:48.872+0000][0.242s] Version: 17.0.10+7 (release)
[2024-03-16T06:54:48.873+0000][0.243s] CPUs: 8 total, 8 available
[2024-03-16T06:54:48.874+0000][0.244s] Memory: 7841M
[2024-03-16T06:54:48.875+0000][0.245s] Large Page Support: Disabled
[2024-03-16T06:54:48.876+0000][0.246s] NUMA Support: Disabled
[2024-03-16T06:54:48.876+0000][0.246s] Compressed Oops: Enabled (32-bit)
[2024-03-16T06:54:48.877+0000][0.247s] Heap Region Size: 1M
[2024-03-16T06:54:48.877+0000][0.247s] Heap Min Capacity: 512M
[2024-03-16T06:54:48.878+0000][0.248s] Heap Initial Capacity: 512M
[2024-03-16T06:54:48.879+0000][0.248s] Heap Max Capacity: 512M
[2024-03-16T06:54:48.879+0000][0.249s] Pre-touch: Enabled
[2024-03-16T06:54:48.880+0000][0.250s] Parallel Workers: 8
[2024-03-16T06:54:48.880+0000][0.250s] Concurrent Workers: 2
[2024-03-16T06:54:48.881+0000][0.251s] Concurrent Refinement Workers: 8
[2024-03-16T06:54:48.881+0000][0.251s] Periodic GC: Disabled
[2024-03-16T06:54:48.901+0000][0.271s] CDS archive(s) mapped at: [0x000000f000000000-0x000000f000a5f000-0x000000f000a5f000), size 10874880, SharedBaseAddress: 0x000000f000000000, ArchiveRelocationMode: 1.
[2024-03-16T06:54:48.903+0000][0.273s] Compressed class space mapped at: 0x000000f001000000-0x000000f041000000, reserved size: 1073741824
[2024-03-16T06:54:48.905+0000][0.275s] Narrow klass base: 0x000000f000000000, Narrow klass shift: 0, Narrow klass range: 0x100000000
[2024-03-16T06:54:50.385+0000][1.755s] GC(0) Pause Young (Normal) (G1 Evacuation Pause)
[2024-03-16T06:54:50.386+0000][1.756s] GC(0) Using 8 workers of 8 for evacuation
[2024-03-16T06:54:50.391+0000][1.761s] GC(0)   Pre Evacuate Collection Set: 0.2ms
[2024-03-16T06:54:50.392+0000][1.761s] GC(0)   Merge Heap Roots: 0.1ms
[2024-03-16T06:54:50.392+0000][1.762s] GC(0)   Evacuate Collection Set: 3.6ms
[2024-03-16T06:54:50.392+0000][1.762s] GC(0)   Post Evacuate Collection Set: 0.8ms
[2024-03-16T06:54:50.392+0000][1.762s] GC(0)   Other: 1.2ms
[2024-03-16T06:54:50.392+0000][1.762s] GC(0) Eden regions: 29->0(58)
[2024-03-16T06:54:50.393+0000][1.763s] GC(0) Survivor regions: 0->4(4)
[2024-03-16T06:54:50.393+0000][1.763s] GC(0) Old regions: 0->1
[2024-03-16T06:54:50.393+0000][1.763s] GC(0) Archive regions: 2->2
[2024-03-16T06:54:50.393+0000][1.763s] GC(0) Humongous regions: 0->0
[2024-03-16T06:54:50.394+0000][1.764s] GC(0) Metaspace: 9977K(10304K)->9977K(10304K) NonClass: 8732K(8896K)->8732K(8896K) Class: 1245K(1408K)->1245K(1408K)
[2024-03-16T06:54:50.394+0000][1.764s] GC(0) Pause Young (Normal) (G1 Evacuation Pause) 29M->5M(512M) 8.458ms
[2024-03-16T06:54:50.394+0000][1.764s] GC(0) User=0.01s Sys=0.00s Real=0.01s
[2024-03-16T06:54:51.100+0000][2.470s] GC(1) Pause Young (Normal) (G1 Evacuation Pause)
[2024-03-16T06:54:51.102+0000][2.472s] GC(1) Using 8 workers of 8 for evacuation
[2024-03-16T06:54:51.148+0000][2.518s] GC(1)   Pre Evacuate Collection Set: 1.0ms
[2024-03-16T06:54:51.149+0000][2.519s] GC(1)   Merge Heap Roots: 0.1ms
[2024-03-16T06:54:51.150+0000][2.520s] GC(1)   Evacuate Collection Set: 38.1ms
[2024-03-16T06:54:51.151+0000][2.521s] GC(1)   Post Evacuate Collection Set: 4.1ms
[2024-03-16T06:54:51.155+0000][2.525s] GC(1)   Other: 4.9ms
[2024-03-16T06:54:51.159+0000][2.529s] GC(1) Eden regions: 54->0(61)
[2024-03-16T06:54:51.169+0000][2.539s] GC(1) Survivor regions: 4->8(8)
[2024-03-16T06:54:51.171+0000][2.541s] GC(1) Old regions: 1->9
[2024-03-16T06:54:51.172+0000][2.542s] GC(1) Archive regions: 2->2
[2024-03-16T06:54:51.172+0000][2.542s] GC(1) Humongous regions: 4->4
[2024-03-16T06:54:51.178+0000][2.548s] GC(1) Metaspace: 17849K(18048K)->17849K(18048K) NonClass: 15635K(15744K)->15635K(15744K) Class: 2214K(2304K)->2214K(2304K)
[2024-03-16T06:54:51.179+0000][2.549s] GC(1) Pause Young (Normal) (G1 Evacuation Pause) 63M->21M(512M) 79.005ms
[2024-03-16T06:54:51.182+0000][2.552s] GC(1) User=0.08s Sys=0.01s Real=0.09s
[2024-03-16T06:54:51.641+0000][3.011s] GC(2) Pause Young (Concurrent Start) (Metadata GC Threshold)
[2024-03-16T06:54:51.642+0000][3.012s] GC(2) Using 8 workers of 8 for evacuation
[2024-03-16T06:54:51.673+0000][3.043s] GC(2)   Pre Evacuate Collection Set: 0.2ms
[2024-03-16T06:54:51.673+0000][3.043s] GC(2)   Merge Heap Roots: 0.1ms
[2024-03-16T06:54:51.674+0000][3.044s] GC(2)   Evacuate Collection Set: 29.8ms
[2024-03-16T06:54:51.674+0000][3.044s] GC(2)   Post Evacuate Collection Set: 0.7ms
[2024-03-16T06:54:51.674+0000][3.044s] GC(2)   Other: 0.9ms
[2024-03-16T06:54:51.674+0000][3.044s] GC(2) Eden regions: 28->0(70)
[2024-03-16T06:54:51.674+0000][3.044s] GC(2) Survivor regions: 8->3(9)
[2024-03-16T06:54:51.674+0000][3.044s] GC(2) Old regions: 9->18
[2024-03-16T06:54:51.675+0000][3.045s] GC(2) Archive regions: 2->2
[2024-03-16T06:54:51.675+0000][3.045s] GC(2) Humongous regions: 4->4
[2024-03-16T06:54:51.675+0000][3.045s] GC(2) Metaspace: 21197K(21504K)->21197K(21504K) NonClass: 18568K(18688K)->18568K(18688K) Class: 2628K(2816K)->2628K(2816K)
[2024-03-16T06:54:51.675+0000][3.045s] GC(2) Pause Young (Concurrent Start) (Metadata GC Threshold) 48M->24M(512M) 33.540ms
[2024-03-16T06:54:51.675+0000][3.045s] GC(2) User=0.04s Sys=0.01s Real=0.03s
[2024-03-16T06:54:51.676+0000][3.046s] GC(3) Concurrent Mark Cycle
[2024-03-16T06:54:51.676+0000][3.046s] GC(3) Concurrent Clear Claimed Marks
[2024-03-16T06:54:51.676+0000][3.046s] GC(3) Concurrent Clear Claimed Marks 0.171ms
[2024-03-16T06:54:51.676+0000][3.046s] GC(3) Concurrent Scan Root Regions
[2024-03-16T06:54:51.679+0000][3.049s] GC(3) Concurrent Scan Root Regions 2.846ms
[2024-03-16T06:54:51.679+0000][3.049s] GC(3) Concurrent Mark
[2024-03-16T06:54:51.679+0000][3.049s] GC(3) Concurrent Mark From Roots
[2024-03-16T06:54:51.679+0000][3.049s] GC(3) Using 2 workers of 2 for marking
[2024-03-16T06:54:51.705+0000][3.075s] GC(3) Concurrent Mark From Roots 25.474ms
[2024-03-16T06:54:51.706+0000][3.076s] GC(3) Concurrent Preclean
[2024-03-16T06:54:51.706+0000][3.076s] GC(3) Concurrent Preclean 0.218ms
[2024-03-16T06:54:51.707+0000][3.077s] GC(3) Pause Remark
[2024-03-16T06:54:51.715+0000][3.085s] GC(3) Pause Remark 26M->26M(512M) 7.637ms
[2024-03-16T06:54:51.716+0000][3.086s] GC(3) User=0.00s Sys=0.00s Real=0.01s
[2024-03-16T06:54:51.718+0000][3.088s] GC(3) Concurrent Mark 38.633ms
[2024-03-16T06:54:51.718+0000][3.088s] GC(3) Concurrent Rebuild Remembered Sets
[2024-03-16T06:54:51.734+0000][3.104s] GC(3) Concurrent Rebuild Remembered Sets 15.324ms
[2024-03-16T06:54:51.735+0000][3.105s] GC(3) Pause Cleanup
[2024-03-16T06:54:51.735+0000][3.105s] GC(3) Pause Cleanup 26M->26M(512M) 0.313ms
[2024-03-16T06:54:51.736+0000][3.106s] GC(3) User=0.00s Sys=0.00s Real=0.00s
[2024-03-16T06:54:51.736+0000][3.106s] GC(3) Concurrent Cleanup for Next Mark
[2024-03-16T06:54:51.738+0000][3.108s] GC(3) Concurrent Cleanup for Next Mark 1.287ms
[2024-03-16T06:54:51.739+0000][3.109s] GC(3) Concurrent Mark Cycle 63.560ms
[2024-03-16T06:54:53.271+0000][4.641s] GC(4) Pause Young (Normal) (G1 Evacuation Pause)
[2024-03-16T06:54:53.273+0000][4.643s] GC(4) Using 8 workers of 8 for evacuation
[2024-03-16T06:54:53.311+0000][4.681s] GC(4)   Pre Evacuate Collection Set: 0.2ms
[2024-03-16T06:54:53.312+0000][4.682s] GC(4)   Merge Heap Roots: 0.1ms
[2024-03-16T06:54:53.315+0000][4.685s] GC(4)   Evacuate Collection Set: 26.2ms
[2024-03-16T06:54:53.315+0000][4.685s] GC(4)   Post Evacuate Collection Set: 8.5ms
[2024-03-16T06:54:53.316+0000][4.686s] GC(4)   Other: 5.0ms
[2024-03-16T06:54:53.316+0000][4.686s] GC(4) Eden regions: 70->0(300)
[2024-03-16T06:54:53.316+0000][4.686s] GC(4) Survivor regions: 3->7(10)
[2024-03-16T06:54:53.316+0000][4.686s] GC(4) Old regions: 18->18
[2024-03-16T06:54:53.316+0000][4.686s] GC(4) Archive regions: 2->2
[2024-03-16T06:54:53.316+0000][4.686s] GC(4) Humongous regions: 4->4
[2024-03-16T06:54:53.316+0000][4.686s] GC(4) Metaspace: 33984K(34304K)->33984K(34304K) NonClass: 29717K(29888K)->29717K(29888K) Class: 4267K(4416K)->4267K(4416K)
[2024-03-16T06:54:53.317+0000][4.687s] GC(4) Pause Young (Normal) (G1 Evacuation Pause) 94M->28M(512M) 45.508ms
[2024-03-16T06:54:53.317+0000][4.687s] GC(4) User=0.02s Sys=0.01s Real=0.05s
[2024-03-16T06:54:53.614+0000][4.984s] GC(5) Pause Young (Concurrent Start) (Metadata GC Threshold)
[2024-03-16T06:54:53.615+0000][4.985s] GC(5) Using 8 workers of 8 for evacuation
[2024-03-16T06:54:53.628+0000][4.998s] GC(5)   Pre Evacuate Collection Set: 0.1ms
[2024-03-16T06:54:53.629+0000][4.999s] GC(5)   Merge Heap Roots: 0.1ms
[2024-03-16T06:54:53.630+0000][5.000s] GC(5)   Evacuate Collection Set: 10.7ms
[2024-03-16T06:54:53.631+0000][5.001s] GC(5)   Post Evacuate Collection Set: 1.3ms
[2024-03-16T06:54:53.639+0000][5.009s] GC(5)   Other: 2.0ms
[2024-03-16T06:54:53.643+0000][5.013s] GC(5) Eden regions: 15->0(299)
[2024-03-16T06:54:53.643+0000][5.013s] GC(5) Survivor regions: 7->8(39)
[2024-03-16T06:54:53.643+0000][5.013s] GC(5) Old regions: 18->18
[2024-03-16T06:54:53.643+0000][5.013s] GC(5) Archive regions: 2->2
[2024-03-16T06:54:53.647+0000][5.017s] GC(5) Humongous regions: 4->4
[2024-03-16T06:54:53.647+0000][5.017s] GC(5) Metaspace: 35896K(36288K)->35896K(36288K) NonClass: 31385K(31552K)->31385K(31552K) Class: 4510K(4736K)->4510K(4736K)
[2024-03-16T06:54:53.648+0000][5.018s] GC(5) Pause Young (Concurrent Start) (Metadata GC Threshold) 43M->29M(512M) 34.306ms
[2024-03-16T06:54:53.648+0000][5.018s] GC(5) User=0.02s Sys=0.00s Real=0.03s
[2024-03-16T06:54:53.649+0000][5.019s] GC(6) Concurrent Mark Cycle
[2024-03-16T06:54:53.653+0000][5.023s] GC(6) Concurrent Clear Claimed Marks
[2024-03-16T06:54:53.656+0000][5.026s] GC(6) Concurrent Clear Claimed Marks 2.598ms
[2024-03-16T06:54:53.659+0000][5.029s] GC(6) Concurrent Scan Root Regions
[2024-03-16T06:54:53.670+0000][5.040s] GC(6) Concurrent Scan Root Regions 11.173ms
[2024-03-16T06:54:53.673+0000][5.043s] GC(6) Concurrent Mark
[2024-03-16T06:54:53.674+0000][5.044s] GC(6) Concurrent Mark From Roots
[2024-03-16T06:54:53.676+0000][5.046s] GC(6) Using 2 workers of 2 for marking
[2024-03-16T06:54:53.688+0000][5.058s] GC(6) Concurrent Mark From Roots 14.562ms
[2024-03-16T06:54:53.690+0000][5.060s] GC(6) Concurrent Preclean
[2024-03-16T06:54:53.691+0000][5.061s] GC(6) Concurrent Preclean 1.145ms
[2024-03-16T06:54:53.693+0000][5.063s] GC(6) Pause Remark
[2024-03-16T06:54:53.706+0000][5.076s] GC(6) Pause Remark 33M->33M(512M) 12.429ms
[2024-03-16T06:54:53.706+0000][5.076s] GC(6) User=0.02s Sys=0.00s Real=0.01s
[2024-03-16T06:54:53.708+0000][5.078s] GC(6) Concurrent Mark 35.647ms
[2024-03-16T06:54:53.710+0000][5.080s] GC(6) Concurrent Rebuild Remembered Sets
[2024-03-16T06:54:53.722+0000][5.092s] GC(6) Concurrent Rebuild Remembered Sets 12.739ms
[2024-03-16T06:54:53.725+0000][5.095s] GC(6) Pause Cleanup
[2024-03-16T06:54:53.726+0000][5.096s] GC(6) Pause Cleanup 33M->33M(512M) 0.716ms
[2024-03-16T06:54:53.726+0000][5.096s] GC(6) User=0.00s Sys=0.00s Real=0.00s
[2024-03-16T06:54:53.729+0000][5.099s] GC(6) Concurrent Cleanup for Next Mark
[2024-03-16T06:54:53.734+0000][5.104s] GC(6) Concurrent Cleanup for Next Mark 4.614ms
[2024-03-16T06:54:53.734+0000][5.104s] GC(6) Concurrent Mark Cycle 85.033ms
[2024-03-16T07:00:31.915+0000][343.274s] Heap
[2024-03-16T07:00:31.916+0000][343.275s]  garbage-first heap   total 524288K, used 188353K [0x00000000e0000000, 0x0000000100000000)
[2024-03-16T07:00:31.916+0000][343.275s]   region size 1024K, 162 young (165888K), 8 survivors (8192K)
[2024-03-16T07:00:31.916+0000][343.275s]  Metaspace       used 52957K, committed 53504K, reserved 1114112K
[2024-03-16T07:00:31.917+0000][343.276s]   class space    used 6889K, committed 7168K, reserved 1048576K
