[2024-03-16T07:47:55.188+0000][0.017s] Using G1
[2024-03-16T07:47:55.488+0000][0.317s] Version: 17.0.10+7 (release)
[2024-03-16T07:47:55.491+0000][0.320s] CPUs: 8 total, 8 available
[2024-03-16T07:47:55.491+0000][0.320s] Memory: 7841M
[2024-03-16T07:47:55.492+0000][0.321s] Large Page Support: Disabled
[2024-03-16T07:47:55.492+0000][0.321s] NUMA Support: Disabled
[2024-03-16T07:47:55.492+0000][0.321s] Compressed Oops: Enabled (32-bit)
[2024-03-16T07:47:55.492+0000][0.321s] Heap Region Size: 1M
[2024-03-16T07:47:55.492+0000][0.321s] Heap Min Capacity: 512M
[2024-03-16T07:47:55.493+0000][0.323s] Heap Initial Capacity: 512M
[2024-03-16T07:47:55.494+0000][0.323s] Heap Max Capacity: 512M
[2024-03-16T07:47:55.494+0000][0.323s] Pre-touch: Enabled
[2024-03-16T07:47:55.494+0000][0.323s] Parallel Workers: 8
[2024-03-16T07:47:55.494+0000][0.323s] Concurrent Workers: 2
[2024-03-16T07:47:55.494+0000][0.323s] Concurrent Refinement Workers: 8
[2024-03-16T07:47:55.494+0000][0.323s] Periodic GC: Disabled
[2024-03-16T07:47:55.505+0000][0.335s] CDS archive(s) mapped at: [0x0000009000000000-0x0000009000a5f000-0x0000009000a5f000), size 10874880, SharedBaseAddress: 0x0000009000000000, ArchiveRelocationMode: 1.
[2024-03-16T07:47:55.506+0000][0.335s] Compressed class space mapped at: 0x0000009001000000-0x0000009041000000, reserved size: 1073741824
[2024-03-16T07:47:55.506+0000][0.335s] Narrow klass base: 0x0000009000000000, Narrow klass shift: 0, Narrow klass range: 0x100000000
[2024-03-16T07:47:57.329+0000][2.159s] GC(0) Pause Young (Normal) (G1 Evacuation Pause)
[2024-03-16T07:47:57.330+0000][2.159s] GC(0) Using 8 workers of 8 for evacuation
[2024-03-16T07:47:57.347+0000][2.176s] GC(0)   Pre Evacuate Collection Set: 0.1ms
[2024-03-16T07:47:57.347+0000][2.177s] GC(0)   Merge Heap Roots: 0.0ms
[2024-03-16T07:47:57.348+0000][2.177s] GC(0)   Evacuate Collection Set: 13.7ms
[2024-03-16T07:47:57.351+0000][2.180s] GC(0)   Post Evacuate Collection Set: 0.4ms
[2024-03-16T07:47:57.353+0000][2.182s] GC(0)   Other: 3.5ms
[2024-03-16T07:47:57.355+0000][2.185s] GC(0) Eden regions: 29->0(57)
[2024-03-16T07:47:57.357+0000][2.187s] GC(0) Survivor regions: 0->4(4)
[2024-03-16T07:47:57.358+0000][2.187s] GC(0) Old regions: 0->1
[2024-03-16T07:47:57.358+0000][2.187s] GC(0) Archive regions: 2->2
[2024-03-16T07:47:57.362+0000][2.192s] GC(0) Humongous regions: 0->0
[2024-03-16T07:47:57.363+0000][2.193s] GC(0) Metaspace: 9969K(10240K)->9969K(10240K) NonClass: 8718K(8832K)->8718K(8832K) Class: 1251K(1408K)->1251K(1408K)
[2024-03-16T07:47:57.364+0000][2.193s] GC(0) Pause Young (Normal) (G1 Evacuation Pause) 29M->5M(512M) 34.291ms
[2024-03-16T07:47:57.364+0000][2.193s] GC(0) User=0.02s Sys=0.00s Real=0.03s
[2024-03-16T07:47:58.498+0000][3.327s] GC(1) Pause Young (Normal) (G1 Evacuation Pause)
[2024-03-16T07:47:58.500+0000][3.329s] GC(1) Using 8 workers of 8 for evacuation
[2024-03-16T07:47:58.525+0000][3.354s] GC(1)   Pre Evacuate Collection Set: 0.1ms
[2024-03-16T07:47:58.526+0000][3.355s] GC(1)   Merge Heap Roots: 0.1ms
[2024-03-16T07:47:58.527+0000][3.357s] GC(1)   Evacuate Collection Set: 23.4ms
[2024-03-16T07:47:58.528+0000][3.357s] GC(1)   Post Evacuate Collection Set: 0.7ms
[2024-03-16T07:47:58.528+0000][3.357s] GC(1)   Other: 2.6ms
[2024-03-16T07:47:58.528+0000][3.357s] GC(1) Eden regions: 53->0(62)
[2024-03-16T07:47:58.528+0000][3.357s] GC(1) Survivor regions: 4->8(8)
[2024-03-16T07:47:58.528+0000][3.358s] GC(1) Old regions: 1->9
[2024-03-16T07:47:58.528+0000][3.358s] GC(1) Archive regions: 2->2
[2024-03-16T07:47:58.529+0000][3.358s] GC(1) Humongous regions: 4->4
[2024-03-16T07:47:58.529+0000][3.358s] GC(1) Metaspace: 17797K(18048K)->17797K(18048K) NonClass: 15584K(15744K)->15584K(15744K) Class: 2212K(2304K)->2212K(2304K)
[2024-03-16T07:47:58.529+0000][3.358s] GC(1) Pause Young (Normal) (G1 Evacuation Pause) 62M->21M(512M) 30.662ms
[2024-03-16T07:47:58.529+0000][3.358s] GC(1) User=0.06s Sys=0.00s Real=0.03s
[2024-03-16T07:47:59.233+0000][4.062s] GC(2) Pause Young (Concurrent Start) (Metadata GC Threshold)
[2024-03-16T07:47:59.233+0000][4.063s] GC(2) Using 8 workers of 8 for evacuation
[2024-03-16T07:47:59.247+0000][4.076s] GC(2)   Pre Evacuate Collection Set: 0.3ms
[2024-03-16T07:47:59.248+0000][4.077s] GC(2)   Merge Heap Roots: 0.1ms
[2024-03-16T07:47:59.248+0000][4.077s] GC(2)   Evacuate Collection Set: 12.4ms
[2024-03-16T07:47:59.249+0000][4.078s] GC(2)   Post Evacuate Collection Set: 0.7ms
[2024-03-16T07:47:59.249+0000][4.078s] GC(2)   Other: 0.9ms
[2024-03-16T07:47:59.249+0000][4.078s] GC(2) Eden regions: 27->0(70)
[2024-03-16T07:47:59.250+0000][4.080s] GC(2) Survivor regions: 8->3(9)
[2024-03-16T07:47:59.253+0000][4.082s] GC(2) Old regions: 9->18
[2024-03-16T07:47:59.253+0000][4.082s] GC(2) Archive regions: 2->2
[2024-03-16T07:47:59.253+0000][4.083s] GC(2) Humongous regions: 4->4
[2024-03-16T07:47:59.254+0000][4.083s] GC(2) Metaspace: 21213K(21504K)->21213K(21504K) NonClass: 18583K(18752K)->18583K(18752K) Class: 2629K(2752K)->2629K(2752K)
[2024-03-16T07:47:59.254+0000][4.083s] GC(2) Pause Young (Concurrent Start) (Metadata GC Threshold) 48M->24M(512M) 20.894ms
[2024-03-16T07:47:59.254+0000][4.083s] GC(2) User=0.02s Sys=0.00s Real=0.02s
[2024-03-16T07:47:59.254+0000][4.083s] GC(3) Concurrent Mark Cycle
[2024-03-16T07:47:59.255+0000][4.084s] GC(3) Concurrent Clear Claimed Marks
[2024-03-16T07:47:59.255+0000][4.084s] GC(3) Concurrent Clear Claimed Marks 0.193ms
[2024-03-16T07:47:59.255+0000][4.084s] GC(3) Concurrent Scan Root Regions
[2024-03-16T07:47:59.257+0000][4.086s] GC(3) Concurrent Scan Root Regions 2.257ms
[2024-03-16T07:47:59.258+0000][4.087s] GC(3) Concurrent Mark
[2024-03-16T07:47:59.258+0000][4.087s] GC(3) Concurrent Mark From Roots
[2024-03-16T07:47:59.258+0000][4.088s] GC(3) Using 2 workers of 2 for marking
[2024-03-16T07:47:59.272+0000][4.101s] GC(3) Concurrent Mark From Roots 13.904ms
[2024-03-16T07:47:59.273+0000][4.102s] GC(3) Concurrent Preclean
[2024-03-16T07:47:59.273+0000][4.102s] GC(3) Concurrent Preclean 0.349ms
[2024-03-16T07:47:59.274+0000][4.103s] GC(3) Pause Remark
[2024-03-16T07:47:59.279+0000][4.108s] GC(3) Pause Remark 24M->24M(512M) 4.896ms
[2024-03-16T07:47:59.279+0000][4.109s] GC(3) User=0.00s Sys=0.00s Real=0.01s
[2024-03-16T07:47:59.280+0000][4.109s] GC(3) Concurrent Mark 22.305ms
[2024-03-16T07:47:59.280+0000][4.110s] GC(3) Concurrent Rebuild Remembered Sets
[2024-03-16T07:47:59.293+0000][4.122s] GC(3) Concurrent Rebuild Remembered Sets 12.369ms
[2024-03-16T07:47:59.296+0000][4.125s] GC(3) Pause Cleanup
[2024-03-16T07:47:59.297+0000][4.126s] GC(3) Pause Cleanup 25M->25M(512M) 0.775ms
[2024-03-16T07:47:59.297+0000][4.126s] GC(3) User=0.00s Sys=0.00s Real=0.00s
[2024-03-16T07:47:59.299+0000][4.128s] GC(3) Concurrent Cleanup for Next Mark
[2024-03-16T07:47:59.303+0000][4.132s] GC(3) Concurrent Cleanup for Next Mark 3.609ms
[2024-03-16T07:47:59.308+0000][4.137s] GC(3) Concurrent Mark Cycle 53.661ms
[2024-03-16T07:48:00.693+0000][5.522s] GC(4) Pause Young (Normal) (G1 Evacuation Pause)
[2024-03-16T07:48:00.694+0000][5.524s] GC(4) Using 8 workers of 8 for evacuation
[2024-03-16T07:48:00.715+0000][5.544s] GC(4)   Pre Evacuate Collection Set: 3.0ms
[2024-03-16T07:48:00.716+0000][5.545s] GC(4)   Merge Heap Roots: 0.1ms
[2024-03-16T07:48:00.716+0000][5.545s] GC(4)   Evacuate Collection Set: 12.8ms
[2024-03-16T07:48:00.716+0000][5.545s] GC(4)   Post Evacuate Collection Set: 3.0ms
[2024-03-16T07:48:00.716+0000][5.545s] GC(4)   Other: 3.6ms
[2024-03-16T07:48:00.716+0000][5.545s] GC(4) Eden regions: 70->0(171)
[2024-03-16T07:48:00.716+0000][5.545s] GC(4) Survivor regions: 3->6(10)
[2024-03-16T07:48:00.716+0000][5.546s] GC(4) Old regions: 18->18
[2024-03-16T07:48:00.716+0000][5.546s] GC(4) Archive regions: 2->2
[2024-03-16T07:48:00.717+0000][5.546s] GC(4) Humongous regions: 4->4
[2024-03-16T07:48:00.717+0000][5.546s] GC(4) Metaspace: 31948K(32320K)->31948K(32320K) NonClass: 27983K(28160K)->27983K(28160K) Class: 3964K(4160K)->3964K(4160K)
[2024-03-16T07:48:00.717+0000][5.546s] GC(4) Pause Young (Normal) (G1 Evacuation Pause) 94M->27M(512M) 24.079ms
[2024-03-16T07:48:00.721+0000][5.550s] GC(4) User=0.02s Sys=0.00s Real=0.03s
[2024-03-16T07:48:01.380+0000][6.209s] GC(5) Pause Young (Concurrent Start) (Metadata GC Threshold)
[2024-03-16T07:48:01.381+0000][6.210s] GC(5) Using 8 workers of 8 for evacuation
[2024-03-16T07:48:01.415+0000][6.244s] GC(5)   Pre Evacuate Collection Set: 0.2ms
[2024-03-16T07:48:01.416+0000][6.245s] GC(5)   Merge Heap Roots: 0.1ms
[2024-03-16T07:48:01.416+0000][6.245s] GC(5)   Evacuate Collection Set: 21.9ms
[2024-03-16T07:48:01.416+0000][6.245s] GC(5)   Post Evacuate Collection Set: 12.1ms
[2024-03-16T07:48:01.416+0000][6.245s] GC(5)   Other: 1.3ms
[2024-03-16T07:48:01.416+0000][6.245s] GC(5) Eden regions: 27->0(236)
[2024-03-16T07:48:01.416+0000][6.245s] GC(5) Survivor regions: 6->8(23)
[2024-03-16T07:48:01.420+0000][6.249s] GC(5) Old regions: 18->18
[2024-03-16T07:48:01.420+0000][6.249s] GC(5) Archive regions: 2->2
[2024-03-16T07:48:01.420+0000][6.249s] GC(5) Humongous regions: 4->4
[2024-03-16T07:48:01.420+0000][6.249s] GC(5) Metaspace: 35726K(36096K)->35726K(36096K) NonClass: 31239K(31424K)->31239K(31424K) Class: 4486K(4672K)->4486K(4672K)
[2024-03-16T07:48:01.420+0000][6.249s] GC(5) Pause Young (Concurrent Start) (Metadata GC Threshold) 54M->29M(512M) 40.422ms
[2024-03-16T07:48:01.422+0000][6.251s] GC(5) User=0.03s Sys=0.00s Real=0.04s
[2024-03-16T07:48:01.422+0000][6.251s] GC(6) Concurrent Mark Cycle
[2024-03-16T07:48:01.423+0000][6.253s] GC(6) Concurrent Clear Claimed Marks
[2024-03-16T07:48:01.424+0000][6.253s] GC(6) Concurrent Clear Claimed Marks 0.530ms
[2024-03-16T07:48:01.424+0000][6.253s] GC(6) Concurrent Scan Root Regions
[2024-03-16T07:48:01.435+0000][6.264s] GC(6) Concurrent Scan Root Regions 10.609ms
[2024-03-16T07:48:01.435+0000][6.264s] GC(6) Concurrent Mark
[2024-03-16T07:48:01.435+0000][6.264s] GC(6) Concurrent Mark From Roots
[2024-03-16T07:48:01.435+0000][6.264s] GC(6) Using 2 workers of 2 for marking
[2024-03-16T07:48:01.459+0000][6.288s] GC(6) Concurrent Mark From Roots 24.030ms
[2024-03-16T07:48:01.459+0000][6.289s] GC(6) Concurrent Preclean
[2024-03-16T07:48:01.460+0000][6.289s] GC(6) Concurrent Preclean 0.356ms
[2024-03-16T07:48:01.462+0000][6.291s] GC(6) Pause Remark
[2024-03-16T07:48:01.473+0000][6.302s] GC(6) Pause Remark 32M->32M(512M) 10.956ms
[2024-03-16T07:48:01.473+0000][6.302s] GC(6) User=0.00s Sys=0.00s Real=0.01s
[2024-03-16T07:48:01.475+0000][6.304s] GC(6) Concurrent Mark 40.343ms
[2024-03-16T07:48:01.475+0000][6.305s] GC(6) Concurrent Rebuild Remembered Sets
[2024-03-16T07:48:01.487+0000][6.317s] GC(6) Concurrent Rebuild Remembered Sets 11.861ms
[2024-03-16T07:48:01.492+0000][6.321s] GC(6) Pause Cleanup
[2024-03-16T07:48:01.495+0000][6.325s] GC(6) Pause Cleanup 33M->33M(512M) 3.201ms
[2024-03-16T07:48:01.497+0000][6.327s] GC(6) User=0.00s Sys=0.00s Real=0.01s
[2024-03-16T07:48:01.498+0000][6.327s] GC(6) Concurrent Cleanup for Next Mark
[2024-03-16T07:48:01.509+0000][6.338s] GC(6) Concurrent Cleanup for Next Mark 11.660ms
[2024-03-16T07:48:01.512+0000][6.341s] GC(6) Concurrent Mark Cycle 89.903ms
[2024-03-16T07:49:38.246+0000][103.077s] Heap
[2024-03-16T07:49:38.246+0000][103.078s]  garbage-first heap   total 524288K, used 229173K [0x00000000e0000000, 0x0000000100000000)
[2024-03-16T07:49:38.248+0000][103.079s]   region size 1024K, 202 young (206848K), 8 survivors (8192K)
[2024-03-16T07:49:38.248+0000][103.079s]  Metaspace       used 53157K, committed 53696K, reserved 1114112K
[2024-03-16T07:49:38.248+0000][103.079s]   class space    used 6893K, committed 7168K, reserved 1048576K
