[2024-03-16T07:30:53.008+0000][0.014s] Using G1
[2024-03-16T07:30:53.299+0000][0.306s] Version: 17.0.10+7 (release)
[2024-03-16T07:30:53.300+0000][0.307s] CPUs: 8 total, 8 available
[2024-03-16T07:30:53.301+0000][0.307s] Memory: 7841M
[2024-03-16T07:30:53.301+0000][0.308s] Large Page Support: Disabled
[2024-03-16T07:30:53.302+0000][0.308s] NUMA Support: Disabled
[2024-03-16T07:30:53.302+0000][0.309s] Compressed Oops: Enabled (32-bit)
[2024-03-16T07:30:53.302+0000][0.309s] Heap Region Size: 1M
[2024-03-16T07:30:53.305+0000][0.312s] Heap Min Capacity: 512M
[2024-03-16T07:30:53.307+0000][0.314s] Heap Initial Capacity: 512M
[2024-03-16T07:30:53.308+0000][0.314s] Heap Max Capacity: 512M
[2024-03-16T07:30:53.308+0000][0.314s] Pre-touch: Enabled
[2024-03-16T07:30:53.310+0000][0.316s] Parallel Workers: 8
[2024-03-16T07:30:53.310+0000][0.316s] Concurrent Workers: 2
[2024-03-16T07:30:53.310+0000][0.316s] Concurrent Refinement Workers: 8
[2024-03-16T07:30:53.313+0000][0.320s] Periodic GC: Disabled
[2024-03-16T07:30:53.335+0000][0.341s] CDS archive(s) mapped at: [0x0000001000000000-0x0000001000a5f000-0x0000001000a5f000), size 10874880, SharedBaseAddress: 0x0000001000000000, ArchiveRelocationMode: 1.
[2024-03-16T07:30:53.335+0000][0.341s] Compressed class space mapped at: 0x0000001001000000-0x0000001041000000, reserved size: 1073741824
[2024-03-16T07:30:53.335+0000][0.342s] Narrow klass base: 0x0000001000000000, Narrow klass shift: 0, Narrow klass range: 0x100000000
[2024-03-16T07:30:55.526+0000][2.532s] GC(0) Pause Young (Normal) (G1 Evacuation Pause)
[2024-03-16T07:30:55.528+0000][2.535s] GC(0) Using 8 workers of 8 for evacuation
[2024-03-16T07:30:55.542+0000][2.548s] GC(0)   Pre Evacuate Collection Set: 0.1ms
[2024-03-16T07:30:55.542+0000][2.548s] GC(0)   Merge Heap Roots: 0.1ms
[2024-03-16T07:30:55.542+0000][2.548s] GC(0)   Evacuate Collection Set: 9.9ms
[2024-03-16T07:30:55.542+0000][2.548s] GC(0)   Post Evacuate Collection Set: 2.9ms
[2024-03-16T07:30:55.542+0000][2.549s] GC(0)   Other: 2.9ms
[2024-03-16T07:30:55.542+0000][2.549s] GC(0) Eden regions: 29->0(57)
[2024-03-16T07:30:55.542+0000][2.549s] GC(0) Survivor regions: 0->4(4)
[2024-03-16T07:30:55.542+0000][2.549s] GC(0) Old regions: 0->1
[2024-03-16T07:30:55.543+0000][2.549s] GC(0) Archive regions: 2->2
[2024-03-16T07:30:55.543+0000][2.549s] GC(0) Humongous regions: 0->0
[2024-03-16T07:30:55.543+0000][2.549s] GC(0) Metaspace: 10009K(10304K)->10009K(10304K) NonClass: 8757K(8896K)->8757K(8896K) Class: 1251K(1408K)->1251K(1408K)
[2024-03-16T07:30:55.543+0000][2.550s] GC(0) Pause Young (Normal) (G1 Evacuation Pause) 29M->5M(512M) 17.374ms
[2024-03-16T07:30:55.543+0000][2.550s] GC(0) User=0.03s Sys=0.00s Real=0.02s
[2024-03-16T07:30:57.316+0000][4.323s] GC(1) Pause Young (Normal) (G1 Evacuation Pause)
[2024-03-16T07:30:57.323+0000][4.329s] GC(1) Using 8 workers of 8 for evacuation
[2024-03-16T07:30:57.396+0000][4.402s] GC(1)   Pre Evacuate Collection Set: 1.5ms
[2024-03-16T07:30:57.398+0000][4.405s] GC(1)   Merge Heap Roots: 3.3ms
[2024-03-16T07:30:57.399+0000][4.405s] GC(1)   Evacuate Collection Set: 64.1ms
[2024-03-16T07:30:57.399+0000][4.406s] GC(1)   Post Evacuate Collection Set: 0.6ms
[2024-03-16T07:30:57.399+0000][4.406s] GC(1)   Other: 12.4ms
[2024-03-16T07:30:57.399+0000][4.406s] GC(1) Eden regions: 53->0(62)
[2024-03-16T07:30:57.400+0000][4.406s] GC(1) Survivor regions: 4->8(8)
[2024-03-16T07:30:57.400+0000][4.406s] GC(1) Old regions: 1->9
[2024-03-16T07:30:57.400+0000][4.406s] GC(1) Archive regions: 2->2
[2024-03-16T07:30:57.400+0000][4.406s] GC(1) Humongous regions: 4->4
[2024-03-16T07:30:57.400+0000][4.406s] GC(1) Metaspace: 17788K(18048K)->17788K(18048K) NonClass: 15575K(15744K)->15575K(15744K) Class: 2213K(2304K)->2213K(2304K)
[2024-03-16T07:30:57.400+0000][4.406s] GC(1) Pause Young (Normal) (G1 Evacuation Pause) 62M->21M(512M) 83.890ms
[2024-03-16T07:30:57.400+0000][4.407s] GC(1) User=0.09s Sys=0.01s Real=0.08s
[2024-03-16T07:30:58.428+0000][5.434s] GC(2) Pause Young (Concurrent Start) (Metadata GC Threshold)
[2024-03-16T07:30:58.434+0000][5.440s] GC(2) Using 8 workers of 8 for evacuation
[2024-03-16T07:30:58.467+0000][5.473s] GC(2)   Pre Evacuate Collection Set: 1.9ms
[2024-03-16T07:30:58.468+0000][5.475s] GC(2)   Merge Heap Roots: 0.2ms
[2024-03-16T07:30:58.469+0000][5.475s] GC(2)   Evacuate Collection Set: 24.5ms
[2024-03-16T07:30:58.470+0000][5.477s] GC(2)   Post Evacuate Collection Set: 0.6ms
[2024-03-16T07:30:58.478+0000][5.484s] GC(2)   Other: 12.1ms
[2024-03-16T07:30:58.478+0000][5.484s] GC(2) Eden regions: 27->0(77)
[2024-03-16T07:30:58.478+0000][5.485s] GC(2) Survivor regions: 8->3(8)
[2024-03-16T07:30:58.478+0000][5.485s] GC(2) Old regions: 9->17
[2024-03-16T07:30:58.484+0000][5.490s] GC(2) Archive regions: 2->2
[2024-03-16T07:30:58.485+0000][5.492s] GC(2) Humongous regions: 4->4
[2024-03-16T07:30:58.487+0000][5.493s] GC(2) Metaspace: 21214K(21504K)->21214K(21504K) NonClass: 18583K(18752K)->18583K(18752K) Class: 2630K(2752K)->2630K(2752K)
[2024-03-16T07:30:58.488+0000][5.494s] GC(2) Pause Young (Concurrent Start) (Metadata GC Threshold) 48M->24M(512M) 60.166ms
[2024-03-16T07:30:58.488+0000][5.495s] GC(2) User=0.03s Sys=0.01s Real=0.06s
[2024-03-16T07:30:58.489+0000][5.496s] GC(3) Concurrent Mark Cycle
[2024-03-16T07:30:58.503+0000][5.509s] GC(3) Concurrent Clear Claimed Marks
[2024-03-16T07:30:58.506+0000][5.512s] GC(3) Concurrent Clear Claimed Marks 3.177ms
[2024-03-16T07:30:58.506+0000][5.513s] GC(3) Concurrent Scan Root Regions
[2024-03-16T07:30:58.512+0000][5.519s] GC(3) Concurrent Scan Root Regions 5.748ms
[2024-03-16T07:30:58.513+0000][5.520s] GC(3) Concurrent Mark
[2024-03-16T07:30:58.513+0000][5.520s] GC(3) Concurrent Mark From Roots
[2024-03-16T07:30:58.514+0000][5.520s] GC(3) Using 2 workers of 2 for marking
[2024-03-16T07:30:58.522+0000][5.528s] GC(3) Concurrent Mark From Roots 8.310ms
[2024-03-16T07:30:58.528+0000][5.534s] GC(3) Concurrent Preclean
[2024-03-16T07:30:58.529+0000][5.535s] GC(3) Concurrent Preclean 1.236ms
[2024-03-16T07:30:58.532+0000][5.539s] GC(3) Pause Remark
[2024-03-16T07:30:58.545+0000][5.551s] GC(3) Pause Remark 26M->26M(512M) 12.970ms
[2024-03-16T07:30:58.548+0000][5.554s] GC(3) User=0.00s Sys=0.00s Real=0.01s
[2024-03-16T07:30:58.549+0000][5.555s] GC(3) Concurrent Mark 35.604ms
[2024-03-16T07:30:58.554+0000][5.561s] GC(3) Concurrent Rebuild Remembered Sets
[2024-03-16T07:30:58.559+0000][5.565s] GC(3) Concurrent Rebuild Remembered Sets 4.243ms
[2024-03-16T07:30:58.566+0000][5.573s] GC(3) Pause Cleanup
[2024-03-16T07:30:58.567+0000][5.573s] GC(3) Pause Cleanup 27M->27M(512M) 0.564ms
[2024-03-16T07:30:58.571+0000][5.577s] GC(3) User=0.00s Sys=0.00s Real=0.01s
[2024-03-16T07:30:58.571+0000][5.578s] GC(3) Concurrent Cleanup for Next Mark
[2024-03-16T07:30:58.582+0000][5.588s] GC(3) Concurrent Cleanup for Next Mark 10.714ms
[2024-03-16T07:30:58.583+0000][5.589s] GC(3) Concurrent Mark Cycle 93.253ms
[2024-03-16T07:31:00.387+0000][7.393s] GC(4) Pause Young (Normal) (G1 Evacuation Pause)
[2024-03-16T07:31:00.394+0000][7.400s] GC(4) Using 8 workers of 8 for evacuation
[2024-03-16T07:31:00.421+0000][7.427s] GC(4)   Pre Evacuate Collection Set: 1.7ms
[2024-03-16T07:31:00.430+0000][7.436s] GC(4)   Merge Heap Roots: 0.2ms
[2024-03-16T07:31:00.431+0000][7.437s] GC(4)   Evacuate Collection Set: 18.0ms
[2024-03-16T07:31:00.432+0000][7.438s] GC(4)   Post Evacuate Collection Set: 5.2ms
[2024-03-16T07:31:00.432+0000][7.439s] GC(4)   Other: 9.0ms
[2024-03-16T07:31:00.433+0000][7.439s] GC(4) Eden regions: 77->0(156)
[2024-03-16T07:31:00.433+0000][7.440s] GC(4) Survivor regions: 3->7(10)
[2024-03-16T07:31:00.435+0000][7.441s] GC(4) Old regions: 17->17
[2024-03-16T07:31:00.435+0000][7.442s] GC(4) Archive regions: 2->2
[2024-03-16T07:31:00.436+0000][7.443s] GC(4) Humongous regions: 4->4
[2024-03-16T07:31:00.437+0000][7.443s] GC(4) Metaspace: 34195K(34560K)->34195K(34560K) NonClass: 29891K(30080K)->29891K(30080K) Class: 4304K(4480K)->4304K(4480K)
[2024-03-16T07:31:00.438+0000][7.444s] GC(4) Pause Young (Normal) (G1 Evacuation Pause) 101M->28M(512M) 51.098ms
[2024-03-16T07:31:00.439+0000][7.445s] GC(4) User=0.02s Sys=0.00s Real=0.05s
[2024-03-16T07:31:00.764+0000][7.770s] GC(5) Pause Young (Concurrent Start) (Metadata GC Threshold)
[2024-03-16T07:31:00.767+0000][7.773s] GC(5) Using 8 workers of 8 for evacuation
[2024-03-16T07:31:00.830+0000][7.837s] GC(5)   Pre Evacuate Collection Set: 2.0ms
[2024-03-16T07:31:00.831+0000][7.837s] GC(5)   Merge Heap Roots: 0.1ms
[2024-03-16T07:31:00.831+0000][7.838s] GC(5)   Evacuate Collection Set: 57.9ms
[2024-03-16T07:31:00.832+0000][7.838s] GC(5)   Post Evacuate Collection Set: 0.9ms
[2024-03-16T07:31:00.833+0000][7.840s] GC(5)   Other: 5.7ms
[2024-03-16T07:31:00.833+0000][7.840s] GC(5) Eden regions: 12->0(174)
[2024-03-16T07:31:00.834+0000][7.840s] GC(5) Survivor regions: 7->9(21)
[2024-03-16T07:31:00.834+0000][7.841s] GC(5) Old regions: 17->17
[2024-03-16T07:31:00.835+0000][7.841s] GC(5) Archive regions: 2->2
[2024-03-16T07:31:00.835+0000][7.841s] GC(5) Humongous regions: 4->4
[2024-03-16T07:31:00.835+0000][7.841s] GC(5) Metaspace: 35765K(36160K)->35765K(36160K) NonClass: 31261K(31424K)->31261K(31424K) Class: 4504K(4736K)->4504K(4736K)
[2024-03-16T07:31:00.835+0000][7.842s] GC(5) Pause Young (Concurrent Start) (Metadata GC Threshold) 40M->29M(512M) 71.493ms
[2024-03-16T07:31:00.836+0000][7.843s] GC(5) User=0.06s Sys=0.01s Real=0.07s
[2024-03-16T07:31:00.837+0000][7.843s] GC(6) Concurrent Mark Cycle
[2024-03-16T07:31:00.838+0000][7.844s] GC(6) Concurrent Clear Claimed Marks
[2024-03-16T07:31:00.838+0000][7.844s] GC(6) Concurrent Clear Claimed Marks 0.402ms
[2024-03-16T07:31:00.839+0000][7.845s] GC(6) Concurrent Scan Root Regions
[2024-03-16T07:31:00.845+0000][7.851s] GC(6) Concurrent Scan Root Regions 6.221ms
[2024-03-16T07:31:00.846+0000][7.852s] GC(6) Concurrent Mark
[2024-03-16T07:31:00.846+0000][7.853s] GC(6) Concurrent Mark From Roots
[2024-03-16T07:31:00.849+0000][7.855s] GC(6) Using 2 workers of 2 for marking
[2024-03-16T07:31:00.878+0000][7.884s] GC(6) Concurrent Mark From Roots 31.343ms
[2024-03-16T07:31:00.879+0000][7.886s] GC(6) Concurrent Preclean
[2024-03-16T07:31:00.892+0000][7.899s] GC(6) Concurrent Preclean 12.961ms
[2024-03-16T07:31:00.912+0000][7.919s] GC(6) Pause Remark
[2024-03-16T07:31:00.929+0000][7.936s] GC(6) Pause Remark 33M->33M(512M) 17.070ms
[2024-03-16T07:31:00.932+0000][7.938s] GC(6) User=0.00s Sys=0.00s Real=0.02s
[2024-03-16T07:31:00.935+0000][7.942s] GC(6) Concurrent Mark 89.616ms
[2024-03-16T07:31:00.937+0000][7.944s] GC(6) Concurrent Rebuild Remembered Sets
[2024-03-16T07:31:00.972+0000][7.979s] GC(6) Concurrent Rebuild Remembered Sets 35.232ms
[2024-03-16T07:31:00.976+0000][7.983s] GC(6) Pause Cleanup
[2024-03-16T07:31:00.999+0000][8.005s] GC(6) Pause Cleanup 35M->35M(512M) 22.321ms
[2024-03-16T07:31:00.999+0000][8.006s] GC(6) User=0.02s Sys=0.01s Real=0.03s
[2024-03-16T07:31:01.038+0000][8.044s] GC(6) Concurrent Cleanup for Next Mark
[2024-03-16T07:31:01.125+0000][8.132s] GC(6) Concurrent Cleanup for Next Mark 87.287ms
[2024-03-16T07:31:01.132+0000][8.138s] GC(6) Concurrent Mark Cycle 294.945ms
[2024-03-16T07:32:47.789+0000][114.795s] Heap
[2024-03-16T07:32:47.793+0000][114.800s]  garbage-first heap   total 524288K, used 186915K [0x00000000e0000000, 0x0000000100000000)
[2024-03-16T07:32:47.794+0000][114.800s]   region size 1024K, 162 young (165888K), 9 survivors (9216K)
[2024-03-16T07:32:47.794+0000][114.801s]  Metaspace       used 52860K, committed 53312K, reserved 1114112K
[2024-03-16T07:32:47.794+0000][114.801s]   class space    used 6871K, committed 7104K, reserved 1048576K
