[2024-03-16T07:06:30.524+0000][0.032s] Using G1
[2024-03-16T07:06:30.803+0000][0.311s] Version: 17.0.10+7 (release)
[2024-03-16T07:06:30.805+0000][0.313s] CPUs: 8 total, 8 available
[2024-03-16T07:06:30.806+0000][0.314s] Memory: 7841M
[2024-03-16T07:06:30.808+0000][0.316s] Large Page Support: Disabled
[2024-03-16T07:06:30.812+0000][0.320s] NUMA Support: Disabled
[2024-03-16T07:06:30.814+0000][0.322s] Compressed Oops: Enabled (32-bit)
[2024-03-16T07:06:30.818+0000][0.326s] Heap Region Size: 1M
[2024-03-16T07:06:30.821+0000][0.329s] Heap Min Capacity: 512M
[2024-03-16T07:06:30.821+0000][0.329s] Heap Initial Capacity: 512M
[2024-03-16T07:06:30.821+0000][0.329s] Heap Max Capacity: 512M
[2024-03-16T07:06:30.821+0000][0.329s] Pre-touch: Enabled
[2024-03-16T07:06:30.821+0000][0.329s] Parallel Workers: 8
[2024-03-16T07:06:30.822+0000][0.329s] Concurrent Workers: 2
[2024-03-16T07:06:30.822+0000][0.329s] Concurrent Refinement Workers: 8
[2024-03-16T07:06:30.822+0000][0.329s] Periodic GC: Disabled
[2024-03-16T07:06:30.836+0000][0.344s] CDS archive(s) mapped at: [0x0000002000000000-0x0000002000a5f000-0x0000002000a5f000), size 10874880, SharedBaseAddress: 0x0000002000000000, ArchiveRelocationMode: 1.
[2024-03-16T07:06:30.839+0000][0.347s] Compressed class space mapped at: 0x0000002001000000-0x0000002041000000, reserved size: 1073741824
[2024-03-16T07:06:30.839+0000][0.347s] Narrow klass base: 0x0000002000000000, Narrow klass shift: 0, Narrow klass range: 0x100000000
[2024-03-16T07:06:33.187+0000][2.695s] GC(0) Pause Young (Normal) (G1 Evacuation Pause)
[2024-03-16T07:06:33.191+0000][2.699s] GC(0) Using 8 workers of 8 for evacuation
[2024-03-16T07:06:33.207+0000][2.715s] GC(0)   Pre Evacuate Collection Set: 0.5ms
[2024-03-16T07:06:33.213+0000][2.720s] GC(0)   Merge Heap Roots: 0.0ms
[2024-03-16T07:06:33.214+0000][2.722s] GC(0)   Evacuate Collection Set: 10.4ms
[2024-03-16T07:06:33.217+0000][2.725s] GC(0)   Post Evacuate Collection Set: 4.1ms
[2024-03-16T07:06:33.218+0000][2.725s] GC(0)   Other: 4.9ms
[2024-03-16T07:06:33.218+0000][2.726s] GC(0) Eden regions: 29->0(57)
[2024-03-16T07:06:33.218+0000][2.726s] GC(0) Survivor regions: 0->4(4)
[2024-03-16T07:06:33.219+0000][2.726s] GC(0) Old regions: 0->1
[2024-03-16T07:06:33.219+0000][2.727s] GC(0) Archive regions: 2->2
[2024-03-16T07:06:33.220+0000][2.727s] GC(0) Humongous regions: 0->0
[2024-03-16T07:06:33.220+0000][2.727s] GC(0) Metaspace: 9925K(10176K)->9925K(10176K) NonClass: 8683K(8768K)->8683K(8768K) Class: 1241K(1408K)->1241K(1408K)
[2024-03-16T07:06:33.221+0000][2.729s] GC(0) Pause Young (Normal) (G1 Evacuation Pause) 29M->5M(512M) 33.761ms
[2024-03-16T07:06:33.221+0000][2.729s] GC(0) User=0.03s Sys=0.00s Real=0.03s
[2024-03-16T07:06:34.704+0000][4.208s] GC(1) Pause Young (Normal) (G1 Evacuation Pause)
[2024-03-16T07:06:34.706+0000][4.209s] GC(1) Using 8 workers of 8 for evacuation
[2024-03-16T07:06:34.762+0000][4.265s] GC(1)   Pre Evacuate Collection Set: 0.1ms
[2024-03-16T07:06:34.819+0000][4.322s] GC(1)   Merge Heap Roots: 0.1ms
[2024-03-16T07:06:34.820+0000][4.324s] GC(1)   Evacuate Collection Set: 53.3ms
[2024-03-16T07:06:34.832+0000][4.335s] GC(1)   Post Evacuate Collection Set: 1.2ms
[2024-03-16T07:06:34.841+0000][4.345s] GC(1)   Other: 2.9ms
[2024-03-16T07:06:34.842+0000][4.345s] GC(1) Eden regions: 53->0(61)
[2024-03-16T07:06:34.842+0000][4.346s] GC(1) Survivor regions: 4->8(8)
[2024-03-16T07:06:34.843+0000][4.346s] GC(1) Old regions: 1->9
[2024-03-16T07:06:34.844+0000][4.348s] GC(1) Archive regions: 2->2
[2024-03-16T07:06:34.846+0000][4.349s] GC(1) Humongous regions: 4->4
[2024-03-16T07:06:34.847+0000][4.351s] GC(1) Metaspace: 17838K(18048K)->17838K(18048K) NonClass: 15624K(15744K)->15624K(15744K) Class: 2214K(2304K)->2214K(2304K)
[2024-03-16T07:06:34.859+0000][4.363s] GC(1) Pause Young (Normal) (G1 Evacuation Pause) 62M->21M(512M) 155.060ms
[2024-03-16T07:06:34.860+0000][4.363s] GC(1) User=0.15s Sys=0.03s Real=0.16s
[2024-03-16T07:06:35.483+0000][4.987s] GC(2) Pause Young (Concurrent Start) (Metadata GC Threshold)
[2024-03-16T07:06:35.484+0000][4.988s] GC(2) Using 8 workers of 8 for evacuation
[2024-03-16T07:06:35.526+0000][5.029s] GC(2)   Pre Evacuate Collection Set: 8.2ms
[2024-03-16T07:06:35.526+0000][5.030s] GC(2)   Merge Heap Roots: 0.6ms
[2024-03-16T07:06:35.526+0000][5.030s] GC(2)   Evacuate Collection Set: 26.8ms
[2024-03-16T07:06:35.526+0000][5.030s] GC(2)   Post Evacuate Collection Set: 0.5ms
[2024-03-16T07:06:35.528+0000][5.031s] GC(2)   Other: 6.4ms
[2024-03-16T07:06:35.528+0000][5.031s] GC(2) Eden regions: 32->0(81)
[2024-03-16T07:06:35.528+0000][5.031s] GC(2) Survivor regions: 8->3(9)
[2024-03-16T07:06:35.528+0000][5.032s] GC(2) Old regions: 9->17
[2024-03-16T07:06:35.528+0000][5.032s] GC(2) Archive regions: 2->2
[2024-03-16T07:06:35.528+0000][5.032s] GC(2) Humongous regions: 4->4
[2024-03-16T07:06:35.528+0000][5.032s] GC(2) Metaspace: 21166K(21504K)->21166K(21504K) NonClass: 18537K(18688K)->18537K(18688K) Class: 2628K(2816K)->2628K(2816K)
[2024-03-16T07:06:35.528+0000][5.032s] GC(2) Pause Young (Concurrent Start) (Metadata GC Threshold) 53M->23M(512M) 45.280ms
[2024-03-16T07:06:35.529+0000][5.032s] GC(2) User=0.04s Sys=0.00s Real=0.04s
[2024-03-16T07:06:35.529+0000][5.032s] GC(3) Concurrent Mark Cycle
[2024-03-16T07:06:35.529+0000][5.033s] GC(3) Concurrent Clear Claimed Marks
[2024-03-16T07:06:35.531+0000][5.035s] GC(3) Concurrent Clear Claimed Marks 1.960ms
[2024-03-16T07:06:35.531+0000][5.035s] GC(3) Concurrent Scan Root Regions
[2024-03-16T07:06:35.540+0000][5.044s] GC(3) Concurrent Scan Root Regions 9.108ms
[2024-03-16T07:06:35.541+0000][5.044s] GC(3) Concurrent Mark
[2024-03-16T07:06:35.541+0000][5.044s] GC(3) Concurrent Mark From Roots
[2024-03-16T07:06:35.541+0000][5.044s] GC(3) Using 2 workers of 2 for marking
[2024-03-16T07:06:35.562+0000][5.065s] GC(3) Concurrent Mark From Roots 20.841ms
[2024-03-16T07:06:35.562+0000][5.066s] GC(3) Concurrent Preclean
[2024-03-16T07:06:35.562+0000][5.066s] GC(3) Concurrent Preclean 0.239ms
[2024-03-16T07:06:35.566+0000][5.069s] GC(3) Pause Remark
[2024-03-16T07:06:35.576+0000][5.079s] GC(3) Pause Remark 25M->25M(512M) 10.015ms
[2024-03-16T07:06:35.577+0000][5.080s] GC(3) User=0.01s Sys=0.00s Real=0.01s
[2024-03-16T07:06:35.578+0000][5.082s] GC(3) Concurrent Mark 37.392ms
[2024-03-16T07:06:35.580+0000][5.083s] GC(3) Concurrent Rebuild Remembered Sets
[2024-03-16T07:06:35.583+0000][5.086s] GC(3) Concurrent Rebuild Remembered Sets 3.325ms
[2024-03-16T07:06:35.584+0000][5.088s] GC(3) Pause Cleanup
[2024-03-16T07:06:35.585+0000][5.088s] GC(3) Pause Cleanup 25M->25M(512M) 0.428ms
[2024-03-16T07:06:35.585+0000][5.088s] GC(3) User=0.00s Sys=0.00s Real=0.00s
[2024-03-16T07:06:35.585+0000][5.089s] GC(3) Concurrent Cleanup for Next Mark
[2024-03-16T07:06:35.589+0000][5.092s] GC(3) Concurrent Cleanup for Next Mark 3.400ms
[2024-03-16T07:06:35.593+0000][5.097s] GC(3) Concurrent Mark Cycle 64.309ms
[2024-03-16T07:06:37.377+0000][6.880s] GC(4) Pause Young (Normal) (G1 Evacuation Pause)
[2024-03-16T07:06:37.377+0000][6.881s] GC(4) Using 8 workers of 8 for evacuation
[2024-03-16T07:06:37.400+0000][6.904s] GC(4)   Pre Evacuate Collection Set: 0.1ms
[2024-03-16T07:06:37.401+0000][6.904s] GC(4)   Merge Heap Roots: 0.0ms
[2024-03-16T07:06:37.401+0000][6.905s] GC(4)   Evacuate Collection Set: 19.0ms
[2024-03-16T07:06:37.401+0000][6.905s] GC(4)   Post Evacuate Collection Set: 4.0ms
[2024-03-16T07:06:37.402+0000][6.905s] GC(4)   Other: 0.5ms
[2024-03-16T07:06:37.402+0000][6.905s] GC(4) Eden regions: 81->0(300)
[2024-03-16T07:06:37.402+0000][6.905s] GC(4) Survivor regions: 3->7(11)
[2024-03-16T07:06:37.402+0000][6.905s] GC(4) Old regions: 17->17
[2024-03-16T07:06:37.402+0000][6.906s] GC(4) Archive regions: 2->2
[2024-03-16T07:06:37.409+0000][6.913s] GC(4) Humongous regions: 4->4
[2024-03-16T07:06:37.409+0000][6.913s] GC(4) Metaspace: 33795K(34112K)->33795K(34112K) NonClass: 29556K(29696K)->29556K(29696K) Class: 4238K(4416K)->4238K(4416K)
[2024-03-16T07:06:37.410+0000][6.913s] GC(4) Pause Young (Normal) (G1 Evacuation Pause) 104M->28M(512M) 32.669ms
[2024-03-16T07:06:37.410+0000][6.913s] GC(4) User=0.07s Sys=0.01s Real=0.04s
[2024-03-16T07:06:37.749+0000][7.252s] GC(5) Pause Young (Concurrent Start) (Metadata GC Threshold)
[2024-03-16T07:06:37.752+0000][7.256s] GC(5) Using 8 workers of 8 for evacuation
[2024-03-16T07:06:37.783+0000][7.287s] GC(5)   Pre Evacuate Collection Set: 0.4ms
[2024-03-16T07:06:37.784+0000][7.287s] GC(5)   Merge Heap Roots: 0.3ms
[2024-03-16T07:06:37.784+0000][7.287s] GC(5)   Evacuate Collection Set: 25.2ms
[2024-03-16T07:06:37.784+0000][7.288s] GC(5)   Post Evacuate Collection Set: 1.2ms
[2024-03-16T07:06:37.784+0000][7.288s] GC(5)   Other: 7.4ms
[2024-03-16T07:06:37.784+0000][7.288s] GC(5) Eden regions: 16->0(299)
[2024-03-16T07:06:37.785+0000][7.288s] GC(5) Survivor regions: 7->8(39)
[2024-03-16T07:06:37.785+0000][7.288s] GC(5) Old regions: 17->17
[2024-03-16T07:06:37.785+0000][7.288s] GC(5) Archive regions: 2->2
[2024-03-16T07:06:37.785+0000][7.288s] GC(5) Humongous regions: 4->4
[2024-03-16T07:06:37.785+0000][7.289s] GC(5) Metaspace: 35764K(36160K)->35764K(36160K) NonClass: 31241K(31424K)->31241K(31424K) Class: 4522K(4736K)->4522K(4736K)
[2024-03-16T07:06:37.785+0000][7.289s] GC(5) Pause Young (Concurrent Start) (Metadata GC Threshold) 44M->29M(512M) 36.543ms
[2024-03-16T07:06:37.785+0000][7.289s] GC(5) User=0.03s Sys=0.00s Real=0.04s
[2024-03-16T07:06:37.786+0000][7.289s] GC(6) Concurrent Mark Cycle
[2024-03-16T07:06:37.786+0000][7.289s] GC(6) Concurrent Clear Claimed Marks
[2024-03-16T07:06:37.786+0000][7.289s] GC(6) Concurrent Clear Claimed Marks 0.253ms
[2024-03-16T07:06:37.793+0000][7.296s] GC(6) Concurrent Scan Root Regions
[2024-03-16T07:06:37.810+0000][7.314s] GC(6) Concurrent Scan Root Regions 17.252ms
[2024-03-16T07:06:37.810+0000][7.314s] GC(6) Concurrent Mark
[2024-03-16T07:06:37.810+0000][7.314s] GC(6) Concurrent Mark From Roots
[2024-03-16T07:06:37.811+0000][7.314s] GC(6) Using 2 workers of 2 for marking
[2024-03-16T07:06:37.914+0000][7.417s] GC(6) Concurrent Mark From Roots 103.485ms
[2024-03-16T07:06:37.919+0000][7.422s] GC(6) Concurrent Preclean
[2024-03-16T07:06:37.924+0000][7.428s] GC(6) Concurrent Preclean 5.448ms
[2024-03-16T07:06:37.929+0000][7.432s] GC(6) Pause Remark
[2024-03-16T07:06:37.937+0000][7.441s] GC(6) Pause Remark 32M->32M(512M) 8.508ms
[2024-03-16T07:06:37.938+0000][7.441s] GC(6) User=0.00s Sys=0.00s Real=0.01s
[2024-03-16T07:06:37.940+0000][7.443s] GC(6) Concurrent Mark 129.309ms
[2024-03-16T07:06:37.940+0000][7.443s] GC(6) Concurrent Rebuild Remembered Sets
[2024-03-16T07:06:37.956+0000][7.460s] GC(6) Concurrent Rebuild Remembered Sets 16.119ms
[2024-03-16T07:06:37.960+0000][7.463s] GC(6) Pause Cleanup
[2024-03-16T07:06:37.961+0000][7.464s] GC(6) Pause Cleanup 33M->33M(512M) 0.603ms
[2024-03-16T07:06:37.961+0000][7.464s] GC(6) User=0.00s Sys=0.00s Real=0.00s
[2024-03-16T07:06:37.965+0000][7.469s] GC(6) Concurrent Cleanup for Next Mark
[2024-03-16T07:06:37.970+0000][7.474s] GC(6) Concurrent Cleanup for Next Mark 5.210ms
[2024-03-16T07:06:37.973+0000][7.476s] GC(6) Concurrent Mark Cycle 187.225ms
[2024-03-16T07:15:39.846+0000][549.345s] Heap
[2024-03-16T07:15:39.847+0000][549.346s]  garbage-first heap   total 524288K, used 186097K [0x00000000e0000000, 0x0000000100000000)
[2024-03-16T07:15:39.848+0000][549.346s]   region size 1024K, 160 young (163840K), 8 survivors (8192K)
[2024-03-16T07:15:39.848+0000][549.346s]  Metaspace       used 52544K, committed 52992K, reserved 1114112K
[2024-03-16T07:15:39.848+0000][549.346s]   class space    used 6832K, committed 7040K, reserved 1048576K
