[2024-03-16T07:02:15.656+0000][0.007s] Using G1
[2024-03-16T07:02:15.936+0000][0.287s] Version: 17.0.10+7 (release)
[2024-03-16T07:02:15.937+0000][0.287s] CPUs: 8 total, 8 available
[2024-03-16T07:02:15.937+0000][0.288s] Memory: 7841M
[2024-03-16T07:02:15.937+0000][0.288s] Large Page Support: Disabled
[2024-03-16T07:02:15.939+0000][0.289s] NUMA Support: Disabled
[2024-03-16T07:02:15.942+0000][0.292s] Compressed Oops: Enabled (32-bit)
[2024-03-16T07:02:15.942+0000][0.293s] Heap Region Size: 1M
[2024-03-16T07:02:15.943+0000][0.294s] Heap Min Capacity: 512M
[2024-03-16T07:02:15.944+0000][0.295s] Heap Initial Capacity: 512M
[2024-03-16T07:02:15.945+0000][0.295s] Heap Max Capacity: 512M
[2024-03-16T07:02:15.945+0000][0.296s] Pre-touch: Enabled
[2024-03-16T07:02:15.946+0000][0.296s] Parallel Workers: 8
[2024-03-16T07:02:15.946+0000][0.297s] Concurrent Workers: 2
[2024-03-16T07:02:15.946+0000][0.297s] Concurrent Refinement Workers: 8
[2024-03-16T07:02:15.947+0000][0.297s] Periodic GC: Disabled
[2024-03-16T07:02:15.962+0000][0.312s] CDS archive(s) mapped at: [0x0000000600000000-0x0000000600a5f000-0x0000000600a5f000), size 10874880, SharedBaseAddress: 0x0000000600000000, ArchiveRelocationMode: 1.
[2024-03-16T07:02:15.962+0000][0.313s] Compressed class space mapped at: 0x0000000601000000-0x0000000641000000, reserved size: 1073741824
[2024-03-16T07:02:15.962+0000][0.313s] Narrow klass base: 0x0000000600000000, Narrow klass shift: 0, Narrow klass range: 0x100000000
[2024-03-16T07:02:17.461+0000][1.812s] GC(0) Pause Young (Normal) (G1 Evacuation Pause)
[2024-03-16T07:02:17.468+0000][1.819s] GC(0) Using 8 workers of 8 for evacuation
[2024-03-16T07:02:17.486+0000][1.837s] GC(0)   Pre Evacuate Collection Set: 0.1ms
[2024-03-16T07:02:17.487+0000][1.838s] GC(0)   Merge Heap Roots: 0.0ms
[2024-03-16T07:02:17.488+0000][1.838s] GC(0)   Evacuate Collection Set: 11.4ms
[2024-03-16T07:02:17.493+0000][1.843s] GC(0)   Post Evacuate Collection Set: 0.7ms
[2024-03-16T07:02:17.498+0000][1.848s] GC(0)   Other: 12.9ms
[2024-03-16T07:02:17.501+0000][1.852s] GC(0) Eden regions: 29->0(58)
[2024-03-16T07:02:17.504+0000][1.855s] GC(0) Survivor regions: 0->4(4)
[2024-03-16T07:02:17.504+0000][1.855s] GC(0) Old regions: 0->1
[2024-03-16T07:02:17.505+0000][1.855s] GC(0) Archive regions: 2->2
[2024-03-16T07:02:17.505+0000][1.856s] GC(0) Humongous regions: 0->0
[2024-03-16T07:02:17.506+0000][1.856s] GC(0) Metaspace: 9971K(10240K)->9971K(10240K) NonClass: 8718K(8832K)->8718K(8832K) Class: 1253K(1408K)->1253K(1408K)
[2024-03-16T07:02:17.506+0000][1.856s] GC(0) Pause Young (Normal) (G1 Evacuation Pause) 29M->5M(512M) 44.677ms
[2024-03-16T07:02:17.506+0000][1.857s] GC(0) User=0.04s Sys=0.00s Real=0.05s
[2024-03-16T07:02:18.472+0000][2.823s] GC(1) Pause Young (Normal) (G1 Evacuation Pause)
[2024-03-16T07:02:18.476+0000][2.827s] GC(1) Using 8 workers of 8 for evacuation
[2024-03-16T07:02:18.491+0000][2.842s] GC(1)   Pre Evacuate Collection Set: 1.5ms
[2024-03-16T07:02:18.492+0000][2.842s] GC(1)   Merge Heap Roots: 0.1ms
[2024-03-16T07:02:18.492+0000][2.843s] GC(1)   Evacuate Collection Set: 12.5ms
[2024-03-16T07:02:18.492+0000][2.843s] GC(1)   Post Evacuate Collection Set: 0.7ms
[2024-03-16T07:02:18.492+0000][2.843s] GC(1)   Other: 4.7ms
[2024-03-16T07:02:18.493+0000][2.843s] GC(1) Eden regions: 54->0(67)
[2024-03-16T07:02:18.493+0000][2.843s] GC(1) Survivor regions: 4->8(8)
[2024-03-16T07:02:18.493+0000][2.844s] GC(1) Old regions: 1->9
[2024-03-16T07:02:18.493+0000][2.844s] GC(1) Archive regions: 2->2
[2024-03-16T07:02:18.494+0000][2.844s] GC(1) Humongous regions: 4->4
[2024-03-16T07:02:18.494+0000][2.844s] GC(1) Metaspace: 17778K(17984K)->17778K(17984K) NonClass: 15565K(15680K)->15565K(15680K) Class: 2213K(2304K)->2213K(2304K)
[2024-03-16T07:02:18.494+0000][2.844s] GC(1) Pause Young (Normal) (G1 Evacuation Pause) 63M->21M(512M) 21.891ms
[2024-03-16T07:02:18.494+0000][2.845s] GC(1) User=0.03s Sys=0.00s Real=0.03s
[2024-03-16T07:02:19.164+0000][3.514s] GC(2) Pause Young (Concurrent Start) (Metadata GC Threshold)
[2024-03-16T07:02:19.165+0000][3.515s] GC(2) Using 8 workers of 8 for evacuation
[2024-03-16T07:02:19.192+0000][3.543s] GC(2)   Pre Evacuate Collection Set: 1.0ms
[2024-03-16T07:02:19.193+0000][3.543s] GC(2)   Merge Heap Roots: 0.1ms
[2024-03-16T07:02:19.193+0000][3.543s] GC(2)   Evacuate Collection Set: 23.7ms
[2024-03-16T07:02:19.193+0000][3.544s] GC(2)   Post Evacuate Collection Set: 2.2ms
[2024-03-16T07:02:19.194+0000][3.544s] GC(2)   Other: 1.1ms
[2024-03-16T07:02:19.194+0000][3.545s] GC(2) Eden regions: 31->0(81)
[2024-03-16T07:02:19.194+0000][3.545s] GC(2) Survivor regions: 8->2(9)
[2024-03-16T07:02:19.195+0000][3.545s] GC(2) Old regions: 9->17
[2024-03-16T07:02:19.195+0000][3.545s] GC(2) Archive regions: 2->2
[2024-03-16T07:02:19.195+0000][3.545s] GC(2) Humongous regions: 4->4
[2024-03-16T07:02:19.195+0000][3.546s] GC(2) Metaspace: 21221K(21504K)->21221K(21504K) NonClass: 18590K(18752K)->18590K(18752K) Class: 2630K(2752K)->2630K(2752K)
[2024-03-16T07:02:19.195+0000][3.546s] GC(2) Pause Young (Concurrent Start) (Metadata GC Threshold) 51M->23M(512M) 31.280ms
[2024-03-16T07:02:19.195+0000][3.546s] GC(2) User=0.01s Sys=0.00s Real=0.03s
[2024-03-16T07:02:19.196+0000][3.546s] GC(3) Concurrent Mark Cycle
[2024-03-16T07:02:19.200+0000][3.551s] GC(3) Concurrent Clear Claimed Marks
[2024-03-16T07:02:19.200+0000][3.551s] GC(3) Concurrent Clear Claimed Marks 0.200ms
[2024-03-16T07:02:19.200+0000][3.551s] GC(3) Concurrent Scan Root Regions
[2024-03-16T07:02:19.205+0000][3.555s] GC(3) Concurrent Scan Root Regions 4.434ms
[2024-03-16T07:02:19.205+0000][3.556s] GC(3) Concurrent Mark
[2024-03-16T07:02:19.205+0000][3.556s] GC(3) Concurrent Mark From Roots
[2024-03-16T07:02:19.206+0000][3.556s] GC(3) Using 2 workers of 2 for marking
[2024-03-16T07:02:19.222+0000][3.572s] GC(3) Concurrent Mark From Roots 16.501ms
[2024-03-16T07:02:19.223+0000][3.574s] GC(3) Concurrent Preclean
[2024-03-16T07:02:19.230+0000][3.580s] GC(3) Concurrent Preclean 6.738ms
[2024-03-16T07:02:19.235+0000][3.586s] GC(3) Pause Remark
[2024-03-16T07:02:19.262+0000][3.612s] GC(3) Pause Remark 26M->26M(512M) 26.331ms
[2024-03-16T07:02:19.263+0000][3.614s] GC(3) User=0.02s Sys=0.01s Real=0.03s
[2024-03-16T07:02:19.263+0000][3.614s] GC(3) Concurrent Mark 58.133ms
[2024-03-16T07:02:19.264+0000][3.614s] GC(3) Concurrent Rebuild Remembered Sets
[2024-03-16T07:02:19.279+0000][3.630s] GC(3) Concurrent Rebuild Remembered Sets 15.320ms
[2024-03-16T07:02:19.280+0000][3.630s] GC(3) Pause Cleanup
[2024-03-16T07:02:19.280+0000][3.631s] GC(3) Pause Cleanup 26M->26M(512M) 0.399ms
[2024-03-16T07:02:19.285+0000][3.636s] GC(3) User=0.01s Sys=0.00s Real=0.01s
[2024-03-16T07:02:19.292+0000][3.643s] GC(3) Concurrent Cleanup for Next Mark
[2024-03-16T07:02:19.308+0000][3.659s] GC(3) Concurrent Cleanup for Next Mark 15.915ms
[2024-03-16T07:02:19.319+0000][3.670s] GC(3) Concurrent Mark Cycle 123.500ms
[2024-03-16T07:02:22.204+0000][6.555s] GC(4) Pause Young (Concurrent Start) (G1 Evacuation Pause)
[2024-03-16T07:02:22.205+0000][6.555s] GC(4) Using 8 workers of 8 for evacuation
[2024-03-16T07:02:22.259+0000][6.609s] GC(4)   Pre Evacuate Collection Set: 0.2ms
[2024-03-16T07:02:22.271+0000][6.622s] GC(4)   Merge Heap Roots: 0.1ms
[2024-03-16T07:02:22.273+0000][6.624s] GC(4)   Evacuate Collection Set: 52.7ms
[2024-03-16T07:02:22.280+0000][6.630s] GC(4)   Post Evacuate Collection Set: 0.9ms
[2024-03-16T07:02:22.287+0000][6.638s] GC(4)   Other: 0.6ms
[2024-03-16T07:02:22.287+0000][6.638s] GC(4) Eden regions: 81->0(141)
[2024-03-16T07:02:22.287+0000][6.638s] GC(4) Survivor regions: 2->8(11)
[2024-03-16T07:02:22.288+0000][6.638s] GC(4) Old regions: 17->17
[2024-03-16T07:02:22.288+0000][6.638s] GC(4) Archive regions: 2->2
[2024-03-16T07:02:22.292+0000][6.643s] GC(4) Humongous regions: 4->4
[2024-03-16T07:02:22.293+0000][6.644s] GC(4) Metaspace: 35165K(35584K)->35165K(35584K) NonClass: 30730K(30912K)->30730K(30912K) Class: 4435K(4672K)->4435K(4672K)
[2024-03-16T07:02:22.294+0000][6.644s] GC(4) Pause Young (Concurrent Start) (G1 Evacuation Pause) 104M->29M(512M) 89.625ms
[2024-03-16T07:02:22.294+0000][6.645s] GC(4) User=0.06s Sys=0.01s Real=0.10s
[2024-03-16T07:02:22.295+0000][6.645s] GC(5) Concurrent Mark Cycle
[2024-03-16T07:02:22.295+0000][6.646s] GC(5) Concurrent Clear Claimed Marks
[2024-03-16T07:02:22.295+0000][6.646s] GC(5) Concurrent Clear Claimed Marks 0.164ms
[2024-03-16T07:02:22.296+0000][6.646s] GC(5) Concurrent Scan Root Regions
[2024-03-16T07:02:22.304+0000][6.654s] GC(5) Concurrent Scan Root Regions 8.275ms
[2024-03-16T07:02:22.304+0000][6.655s] GC(5) Concurrent Mark
[2024-03-16T07:02:22.304+0000][6.655s] GC(5) Concurrent Mark From Roots
[2024-03-16T07:02:22.304+0000][6.655s] GC(5) Using 2 workers of 2 for marking
[2024-03-16T07:02:22.333+0000][6.683s] GC(5) Concurrent Mark From Roots 28.626ms
[2024-03-16T07:02:22.333+0000][6.684s] GC(5) Concurrent Preclean
[2024-03-16T07:02:22.333+0000][6.684s] GC(5) Concurrent Preclean 0.255ms
[2024-03-16T07:02:22.334+0000][6.684s] GC(5) Pause Remark
[2024-03-16T07:02:22.340+0000][6.691s] GC(5) Pause Remark 31M->31M(512M) 6.228ms
[2024-03-16T07:02:22.344+0000][6.695s] GC(5) User=0.00s Sys=0.00s Real=0.01s
[2024-03-16T07:02:22.345+0000][6.695s] GC(5) Concurrent Mark 40.572ms
[2024-03-16T07:02:22.345+0000][6.695s] GC(5) Concurrent Rebuild Remembered Sets
[2024-03-16T07:02:22.359+0000][6.709s] GC(5) Concurrent Rebuild Remembered Sets 13.934ms
[2024-03-16T07:02:22.360+0000][6.710s] GC(5) Pause Cleanup
[2024-03-16T07:02:22.360+0000][6.711s] GC(5) Pause Cleanup 32M->32M(512M) 0.252ms
[2024-03-16T07:02:22.360+0000][6.711s] GC(5) User=0.00s Sys=0.00s Real=0.00s
[2024-03-16T07:02:22.360+0000][6.711s] GC(5) Concurrent Cleanup for Next Mark
[2024-03-16T07:02:22.362+0000][6.712s] GC(5) Concurrent Cleanup for Next Mark 1.491ms
[2024-03-16T07:02:22.362+0000][6.713s] GC(5) Concurrent Mark Cycle 67.303ms
[2024-03-16T07:03:11.271+0000][55.621s] GC(6) Pause Young (Normal) (G1 Evacuation Pause)
[2024-03-16T07:03:11.273+0000][55.623s] GC(6) Using 8 workers of 8 for evacuation
[2024-03-16T07:03:11.302+0000][55.652s] GC(6)   Pre Evacuate Collection Set: 1.3ms
[2024-03-16T07:03:11.303+0000][55.653s] GC(6)   Merge Heap Roots: 0.4ms
[2024-03-16T07:03:11.303+0000][55.653s] GC(6)   Evacuate Collection Set: 24.1ms
[2024-03-16T07:03:11.303+0000][55.653s] GC(6)   Post Evacuate Collection Set: 1.8ms
[2024-03-16T07:03:11.303+0000][55.653s] GC(6)   Other: 4.0ms
[2024-03-16T07:03:11.303+0000][55.653s] GC(6) Eden regions: 141->0(288)
[2024-03-16T07:03:11.303+0000][55.653s] GC(6) Survivor regions: 8->19(19)
[2024-03-16T07:03:11.304+0000][55.653s] GC(6) Old regions: 17->19
[2024-03-16T07:03:11.304+0000][55.654s] GC(6) Archive regions: 2->2
[2024-03-16T07:03:11.304+0000][55.654s] GC(6) Humongous regions: 4->4
[2024-03-16T07:03:11.304+0000][55.654s] GC(6) Metaspace: 52355K(52800K)->52355K(52800K) NonClass: 45556K(45760K)->45556K(45760K) Class: 6798K(7040K)->6798K(7040K)
[2024-03-16T07:03:11.304+0000][55.654s] GC(6) Pause Young (Normal) (G1 Evacuation Pause) 170M->42M(512M) 32.967ms
[2024-03-16T07:03:11.304+0000][55.654s] GC(6) User=0.18s Sys=0.00s Real=0.04s
[2024-03-16T07:03:53.245+0000][97.594s] Heap
[2024-03-16T07:03:53.245+0000][97.594s]  garbage-first heap   total 524288K, used 59794K [0x00000000e0000000, 0x0000000100000000)
[2024-03-16T07:03:53.246+0000][97.595s]   region size 1024K, 36 young (36864K), 19 survivors (19456K)
[2024-03-16T07:03:53.246+0000][97.595s]  Metaspace       used 52611K, committed 53120K, reserved 1114112K
[2024-03-16T07:03:53.246+0000][97.595s]   class space    used 6838K, committed 7104K, reserved 1048576K
