[2024-03-16T06:53:02.270+0000][0.006s] Using G1
[2024-03-16T06:53:02.541+0000][0.277s] Version: 17.0.10+7 (release)
[2024-03-16T06:53:02.541+0000][0.277s] CPUs: 8 total, 8 available
[2024-03-16T06:53:02.541+0000][0.278s] Memory: 7841M
[2024-03-16T06:53:02.542+0000][0.278s] Large Page Support: Disabled
[2024-03-16T06:53:02.543+0000][0.279s] NUMA Support: Disabled
[2024-03-16T06:53:02.543+0000][0.279s] Compressed Oops: Enabled (32-bit)
[2024-03-16T06:53:02.543+0000][0.280s] Heap Region Size: 1M
[2024-03-16T06:53:02.544+0000][0.280s] Heap Min Capacity: 512M
[2024-03-16T06:53:02.544+0000][0.280s] Heap Initial Capacity: 512M
[2024-03-16T06:53:02.544+0000][0.280s] Heap Max Capacity: 512M
[2024-03-16T06:53:02.544+0000][0.280s] Pre-touch: Enabled
[2024-03-16T06:53:02.544+0000][0.281s] Parallel Workers: 8
[2024-03-16T06:53:02.544+0000][0.281s] Concurrent Workers: 2
[2024-03-16T06:53:02.545+0000][0.281s] Concurrent Refinement Workers: 8
[2024-03-16T06:53:02.545+0000][0.281s] Periodic GC: Disabled
[2024-03-16T06:53:02.557+0000][0.293s] CDS archive(s) mapped at: [0x0000009000000000-0x0000009000a5f000-0x0000009000a5f000), size 10874880, SharedBaseAddress: 0x0000009000000000, ArchiveRelocationMode: 1.
[2024-03-16T06:53:02.557+0000][0.293s] Compressed class space mapped at: 0x0000009001000000-0x0000009041000000, reserved size: 1073741824
[2024-03-16T06:53:02.557+0000][0.294s] Narrow klass base: 0x0000009000000000, Narrow klass shift: 0, Narrow klass range: 0x100000000
[2024-03-16T06:53:04.035+0000][1.771s] GC(0) Pause Young (Normal) (G1 Evacuation Pause)
[2024-03-16T06:53:04.038+0000][1.775s] GC(0) Using 8 workers of 8 for evacuation
[2024-03-16T06:53:04.061+0000][1.798s] GC(0)   Pre Evacuate Collection Set: 0.1ms
[2024-03-16T06:53:04.065+0000][1.802s] GC(0)   Merge Heap Roots: 0.0ms
[2024-03-16T06:53:04.066+0000][1.802s] GC(0)   Evacuate Collection Set: 19.6ms
[2024-03-16T06:53:04.066+0000][1.802s] GC(0)   Post Evacuate Collection Set: 2.2ms
[2024-03-16T06:53:04.066+0000][1.803s] GC(0)   Other: 4.7ms
[2024-03-16T06:53:04.066+0000][1.803s] GC(0) Eden regions: 29->0(55)
[2024-03-16T06:53:04.067+0000][1.803s] GC(0) Survivor regions: 0->4(4)
[2024-03-16T06:53:04.071+0000][1.807s] GC(0) Old regions: 0->1
[2024-03-16T06:53:04.073+0000][1.810s] GC(0) Archive regions: 2->2
[2024-03-16T06:53:04.074+0000][1.810s] GC(0) Humongous regions: 0->0
[2024-03-16T06:53:04.079+0000][1.815s] GC(0) Metaspace: 9985K(10240K)->9985K(10240K) NonClass: 8741K(8832K)->8741K(8832K) Class: 1244K(1408K)->1244K(1408K)
[2024-03-16T06:53:04.088+0000][1.824s] GC(0) Pause Young (Normal) (G1 Evacuation Pause) 29M->5M(512M) 53.392ms
[2024-03-16T06:53:04.089+0000][1.825s] GC(0) User=0.01s Sys=0.00s Real=0.05s
[2024-03-16T06:53:05.711+0000][3.447s] GC(1) Pause Young (Normal) (G1 Evacuation Pause)
[2024-03-16T06:53:05.724+0000][3.460s] GC(1) Using 8 workers of 8 for evacuation
[2024-03-16T06:53:05.745+0000][3.481s] GC(1)   Pre Evacuate Collection Set: 0.3ms
[2024-03-16T06:53:05.747+0000][3.483s] GC(1)   Merge Heap Roots: 0.1ms
[2024-03-16T06:53:05.749+0000][3.486s] GC(1)   Evacuate Collection Set: 18.7ms
[2024-03-16T06:53:05.755+0000][3.491s] GC(1)   Post Evacuate Collection Set: 1.2ms
[2024-03-16T06:53:05.755+0000][3.491s] GC(1)   Other: 13.9ms
[2024-03-16T06:53:05.764+0000][3.500s] GC(1) Eden regions: 52->0(60)
[2024-03-16T06:53:05.766+0000][3.502s] GC(1) Survivor regions: 4->7(7)
[2024-03-16T06:53:05.772+0000][3.508s] GC(1) Old regions: 1->10
[2024-03-16T06:53:05.773+0000][3.509s] GC(1) Archive regions: 2->2
[2024-03-16T06:53:05.773+0000][3.510s] GC(1) Humongous regions: 4->4
[2024-03-16T06:53:05.774+0000][3.511s] GC(1) Metaspace: 17823K(18048K)->17823K(18048K) NonClass: 15609K(15744K)->15609K(15744K) Class: 2213K(2304K)->2213K(2304K)
[2024-03-16T06:53:05.775+0000][3.512s] GC(1) Pause Young (Normal) (G1 Evacuation Pause) 61M->21M(512M) 64.690ms
[2024-03-16T06:53:05.776+0000][3.513s] GC(1) User=0.02s Sys=0.00s Real=0.07s
[2024-03-16T06:53:07.126+0000][4.862s] GC(2) Pause Young (Concurrent Start) (Metadata GC Threshold)
[2024-03-16T06:53:07.138+0000][4.875s] GC(2) Using 8 workers of 8 for evacuation
[2024-03-16T06:53:07.183+0000][4.919s] GC(2)   Pre Evacuate Collection Set: 0.5ms
[2024-03-16T06:53:07.186+0000][4.923s] GC(2)   Merge Heap Roots: 0.1ms
[2024-03-16T06:53:07.188+0000][4.925s] GC(2)   Evacuate Collection Set: 35.0ms
[2024-03-16T06:53:07.189+0000][4.925s] GC(2)   Post Evacuate Collection Set: 2.9ms
[2024-03-16T06:53:07.189+0000][4.926s] GC(2)   Other: 18.8ms
[2024-03-16T06:53:07.207+0000][4.943s] GC(2) Eden regions: 28->0(76)
[2024-03-16T06:53:07.212+0000][4.949s] GC(2) Survivor regions: 7->3(9)
[2024-03-16T06:53:07.213+0000][4.949s] GC(2) Old regions: 10->17
[2024-03-16T06:53:07.221+0000][4.958s] GC(2) Archive regions: 2->2
[2024-03-16T06:53:07.222+0000][4.958s] GC(2) Humongous regions: 4->4
[2024-03-16T06:53:07.222+0000][4.959s] GC(2) Metaspace: 21185K(21504K)->21185K(21504K) NonClass: 18561K(18688K)->18561K(18688K) Class: 2624K(2816K)->2624K(2816K)
[2024-03-16T06:53:07.224+0000][4.961s] GC(2) Pause Young (Concurrent Start) (Metadata GC Threshold) 48M->23M(512M) 98.532ms
[2024-03-16T06:53:07.225+0000][4.961s] GC(2) User=0.04s Sys=0.02s Real=0.10s
[2024-03-16T06:53:07.227+0000][4.964s] GC(3) Concurrent Mark Cycle
[2024-03-16T06:53:07.228+0000][4.964s] GC(3) Concurrent Clear Claimed Marks
[2024-03-16T06:53:07.229+0000][4.965s] GC(3) Concurrent Clear Claimed Marks 1.015ms
[2024-03-16T06:53:07.229+0000][4.965s] GC(3) Concurrent Scan Root Regions
[2024-03-16T06:53:07.238+0000][4.975s] GC(3) Concurrent Scan Root Regions 9.481ms
[2024-03-16T06:53:07.242+0000][4.979s] GC(3) Concurrent Mark
[2024-03-16T06:53:07.265+0000][5.001s] GC(3) Concurrent Mark From Roots
[2024-03-16T06:53:07.269+0000][5.005s] GC(3) Using 2 workers of 2 for marking
[2024-03-16T06:53:07.384+0000][5.120s] GC(3) Concurrent Mark From Roots 118.883ms
[2024-03-16T06:53:07.387+0000][5.123s] GC(3) Concurrent Preclean
[2024-03-16T06:53:07.388+0000][5.125s] GC(3) Concurrent Preclean 1.752ms
[2024-03-16T06:53:07.393+0000][5.129s] GC(3) Pause Remark
[2024-03-16T06:53:07.405+0000][5.142s] GC(3) Pause Remark 26M->26M(512M) 12.603ms
[2024-03-16T06:53:07.407+0000][5.143s] GC(3) User=0.00s Sys=0.00s Real=0.01s
[2024-03-16T06:53:07.410+0000][5.146s] GC(3) Concurrent Mark 167.395ms
[2024-03-16T06:53:07.410+0000][5.146s] GC(3) Concurrent Rebuild Remembered Sets
[2024-03-16T06:53:07.410+0000][5.146s] GC(3) Concurrent Rebuild Remembered Sets 0.128ms
[2024-03-16T06:53:07.416+0000][5.153s] GC(3) Pause Cleanup
[2024-03-16T06:53:07.418+0000][5.154s] GC(3) Pause Cleanup 26M->26M(512M) 1.403ms
[2024-03-16T06:53:07.422+0000][5.158s] GC(3) User=0.00s Sys=0.00s Real=0.01s
[2024-03-16T06:53:07.425+0000][5.161s] GC(3) Concurrent Cleanup for Next Mark
[2024-03-16T06:53:07.428+0000][5.165s] GC(3) Concurrent Cleanup for Next Mark 3.628ms
[2024-03-16T06:53:07.429+0000][5.165s] GC(3) Concurrent Mark Cycle 201.488ms
[2024-03-16T06:53:09.274+0000][7.010s] GC(4) Pause Young (Normal) (G1 Evacuation Pause)
[2024-03-16T06:53:09.274+0000][7.011s] GC(4) Using 8 workers of 8 for evacuation
[2024-03-16T06:53:09.292+0000][7.028s] GC(4)   Pre Evacuate Collection Set: 2.2ms
[2024-03-16T06:53:09.292+0000][7.029s] GC(4)   Merge Heap Roots: 0.1ms
[2024-03-16T06:53:09.293+0000][7.029s] GC(4)   Evacuate Collection Set: 9.9ms
[2024-03-16T06:53:09.293+0000][7.029s] GC(4)   Post Evacuate Collection Set: 4.9ms
[2024-03-16T06:53:09.293+0000][7.029s] GC(4)   Other: 0.9ms
[2024-03-16T06:53:09.293+0000][7.029s] GC(4) Eden regions: 76->0(300)
[2024-03-16T06:53:09.293+0000][7.030s] GC(4) Survivor regions: 3->7(10)
[2024-03-16T06:53:09.293+0000][7.030s] GC(4) Old regions: 17->17
[2024-03-16T06:53:09.293+0000][7.030s] GC(4) Archive regions: 2->2
[2024-03-16T06:53:09.294+0000][7.030s] GC(4) Humongous regions: 4->4
[2024-03-16T06:53:09.294+0000][7.030s] GC(4) Metaspace: 33149K(33472K)->33149K(33472K) NonClass: 29022K(29184K)->29022K(29184K) Class: 4127K(4288K)->4127K(4288K)
[2024-03-16T06:53:09.294+0000][7.030s] GC(4) Pause Young (Normal) (G1 Evacuation Pause) 99M->28M(512M) 20.056ms
[2024-03-16T06:53:09.296+0000][7.032s] GC(4) User=0.02s Sys=0.00s Real=0.02s
[2024-03-16T06:53:09.941+0000][7.677s] GC(5) Pause Young (Concurrent Start) (Metadata GC Threshold)
[2024-03-16T06:53:09.941+0000][7.678s] GC(5) Using 8 workers of 8 for evacuation
[2024-03-16T06:53:09.965+0000][7.702s] GC(5)   Pre Evacuate Collection Set: 2.0ms
[2024-03-16T06:53:09.970+0000][7.706s] GC(5)   Merge Heap Roots: 0.0ms
[2024-03-16T06:53:09.980+0000][7.716s] GC(5)   Evacuate Collection Set: 15.2ms
[2024-03-16T06:53:09.983+0000][7.720s] GC(5)   Post Evacuate Collection Set: 6.4ms
[2024-03-16T06:53:09.985+0000][7.721s] GC(5)   Other: 1.0ms
[2024-03-16T06:53:09.985+0000][7.722s] GC(5) Eden regions: 20->0(299)
[2024-03-16T06:53:09.988+0000][7.724s] GC(5) Survivor regions: 7->8(39)
[2024-03-16T06:53:09.988+0000][7.724s] GC(5) Old regions: 17->17
[2024-03-16T06:53:09.988+0000][7.724s] GC(5) Archive regions: 2->2
[2024-03-16T06:53:09.988+0000][7.724s] GC(5) Humongous regions: 4->4
[2024-03-16T06:53:09.988+0000][7.725s] GC(5) Metaspace: 35880K(36288K)->35880K(36288K) NonClass: 31378K(31552K)->31378K(31552K) Class: 4501K(4736K)->4501K(4736K)
[2024-03-16T06:53:09.989+0000][7.725s] GC(5) Pause Young (Concurrent Start) (Metadata GC Threshold) 48M->29M(512M) 47.849ms
[2024-03-16T06:53:09.989+0000][7.725s] GC(5) User=0.01s Sys=0.00s Real=0.04s
[2024-03-16T06:53:09.989+0000][7.726s] GC(6) Concurrent Mark Cycle
[2024-03-16T06:53:09.990+0000][7.726s] GC(6) Concurrent Clear Claimed Marks
[2024-03-16T06:53:09.991+0000][7.728s] GC(6) Concurrent Clear Claimed Marks 1.781ms
[2024-03-16T06:53:09.992+0000][7.728s] GC(6) Concurrent Scan Root Regions
[2024-03-16T06:53:10.009+0000][7.746s] GC(6) Concurrent Scan Root Regions 17.908ms
[2024-03-16T06:53:10.010+0000][7.746s] GC(6) Concurrent Mark
[2024-03-16T06:53:10.010+0000][7.746s] GC(6) Concurrent Mark From Roots
[2024-03-16T06:53:10.010+0000][7.746s] GC(6) Using 2 workers of 2 for marking
[2024-03-16T06:53:10.031+0000][7.767s] GC(6) Concurrent Mark From Roots 20.787ms
[2024-03-16T06:53:10.031+0000][7.767s] GC(6) Concurrent Preclean
[2024-03-16T06:53:10.031+0000][7.768s] GC(6) Concurrent Preclean 0.261ms
[2024-03-16T06:53:10.036+0000][7.772s] GC(6) Pause Remark
[2024-03-16T06:53:10.043+0000][7.780s] GC(6) Pause Remark 30M->30M(512M) 7.749ms
[2024-03-16T06:53:10.044+0000][7.781s] GC(6) User=0.01s Sys=0.00s Real=0.01s
[2024-03-16T06:53:10.049+0000][7.785s] GC(6) Concurrent Mark 39.023ms
[2024-03-16T06:53:10.050+0000][7.786s] GC(6) Concurrent Rebuild Remembered Sets
[2024-03-16T06:53:10.064+0000][7.801s] GC(6) Concurrent Rebuild Remembered Sets 14.534ms
[2024-03-16T06:53:10.068+0000][7.805s] GC(6) Pause Cleanup
[2024-03-16T06:53:10.069+0000][7.805s] GC(6) Pause Cleanup 32M->32M(512M) 0.436ms
[2024-03-16T06:53:10.069+0000][7.805s] GC(6) User=0.00s Sys=0.00s Real=0.00s
[2024-03-16T06:53:10.069+0000][7.805s] GC(6) Concurrent Cleanup for Next Mark
[2024-03-16T06:53:10.082+0000][7.818s] GC(6) Concurrent Cleanup for Next Mark 12.904ms
[2024-03-16T06:53:10.084+0000][7.821s] GC(6) Concurrent Mark Cycle 95.011ms
[2024-03-16T06:53:27.308+0000][25.044s] Heap
[2024-03-16T06:53:27.309+0000][25.045s]  garbage-first heap   total 524288K, used 178765K [0x00000000e0000000, 0x0000000100000000)
[2024-03-16T06:53:27.309+0000][25.045s]   region size 1024K, 153 young (156672K), 8 survivors (8192K)
[2024-03-16T06:53:27.309+0000][25.045s]  Metaspace       used 51059K, committed 51520K, reserved 1114112K
[2024-03-16T06:53:27.309+0000][25.045s]   class space    used 6618K, committed 6848K, reserved 1048576K
