[2024-03-16T07:24:49.617+0000][0.029s] Using G1
[2024-03-16T07:24:49.976+0000][0.388s] Version: 17.0.10+7 (release)
[2024-03-16T07:24:49.978+0000][0.390s] CPUs: 8 total, 8 available
[2024-03-16T07:24:49.979+0000][0.391s] Memory: 7841M
[2024-03-16T07:24:49.979+0000][0.391s] Large Page Support: Disabled
[2024-03-16T07:24:49.980+0000][0.392s] NUMA Support: Disabled
[2024-03-16T07:24:49.980+0000][0.392s] Compressed Oops: Enabled (32-bit)
[2024-03-16T07:24:49.983+0000][0.395s] Heap Region Size: 1M
[2024-03-16T07:24:49.983+0000][0.395s] Heap Min Capacity: 512M
[2024-03-16T07:24:49.983+0000][0.395s] Heap Initial Capacity: 512M
[2024-03-16T07:24:49.983+0000][0.395s] Heap Max Capacity: 512M
[2024-03-16T07:24:49.987+0000][0.399s] Pre-touch: Enabled
[2024-03-16T07:24:49.989+0000][0.401s] Parallel Workers: 8
[2024-03-16T07:24:49.992+0000][0.404s] Concurrent Workers: 2
[2024-03-16T07:24:49.993+0000][0.405s] Concurrent Refinement Workers: 8
[2024-03-16T07:24:49.994+0000][0.406s] Periodic GC: Disabled
[2024-03-16T07:24:50.028+0000][0.440s] CDS archive(s) mapped at: [0x000000b000000000-0x000000b000a5f000-0x000000b000a5f000), size 10874880, SharedBaseAddress: 0x000000b000000000, ArchiveRelocationMode: 1.
[2024-03-16T07:24:50.029+0000][0.441s] Compressed class space mapped at: 0x000000b001000000-0x000000b041000000, reserved size: 1073741824
[2024-03-16T07:24:50.030+0000][0.442s] Narrow klass base: 0x000000b000000000, Narrow klass shift: 0, Narrow klass range: 0x100000000
[2024-03-16T07:24:52.616+0000][3.029s] GC(0) Pause Young (Normal) (G1 Evacuation Pause)
[2024-03-16T07:24:52.618+0000][3.030s] GC(0) Using 8 workers of 8 for evacuation
[2024-03-16T07:24:52.665+0000][3.077s] GC(0)   Pre Evacuate Collection Set: 5.0ms
[2024-03-16T07:24:52.667+0000][3.079s] GC(0)   Merge Heap Roots: 0.1ms
[2024-03-16T07:24:52.667+0000][3.079s] GC(0)   Evacuate Collection Set: 33.8ms
[2024-03-16T07:24:52.676+0000][3.088s] GC(0)   Post Evacuate Collection Set: 0.7ms
[2024-03-16T07:24:52.679+0000][3.091s] GC(0)   Other: 8.7ms
[2024-03-16T07:24:52.681+0000][3.093s] GC(0) Eden regions: 29->0(55)
[2024-03-16T07:24:52.685+0000][3.097s] GC(0) Survivor regions: 0->4(4)
[2024-03-16T07:24:52.690+0000][3.102s] GC(0) Old regions: 0->1
[2024-03-16T07:24:52.696+0000][3.108s] GC(0) Archive regions: 2->2
[2024-03-16T07:24:52.698+0000][3.110s] GC(0) Humongous regions: 0->0
[2024-03-16T07:24:52.699+0000][3.111s] GC(0) Metaspace: 9886K(10176K)->9886K(10176K) NonClass: 8643K(8768K)->8643K(8768K) Class: 1242K(1408K)->1242K(1408K)
[2024-03-16T07:24:52.700+0000][3.112s] GC(0) Pause Young (Normal) (G1 Evacuation Pause) 29M->5M(512M) 83.557ms
[2024-03-16T07:24:52.701+0000][3.113s] GC(0) User=0.02s Sys=0.01s Real=0.09s
[2024-03-16T07:24:54.222+0000][4.634s] GC(1) Pause Young (Normal) (G1 Evacuation Pause)
[2024-03-16T07:24:54.224+0000][4.636s] GC(1) Using 8 workers of 8 for evacuation
[2024-03-16T07:24:54.261+0000][4.673s] GC(1)   Pre Evacuate Collection Set: 1.2ms
[2024-03-16T07:24:54.268+0000][4.680s] GC(1)   Merge Heap Roots: 0.1ms
[2024-03-16T07:24:54.279+0000][4.691s] GC(1)   Evacuate Collection Set: 28.7ms
[2024-03-16T07:24:54.283+0000][4.695s] GC(1)   Post Evacuate Collection Set: 1.3ms
[2024-03-16T07:24:54.285+0000][4.697s] GC(1)   Other: 8.4ms
[2024-03-16T07:24:54.286+0000][4.698s] GC(1) Eden regions: 52->0(60)
[2024-03-16T07:24:54.286+0000][4.698s] GC(1) Survivor regions: 4->7(7)
[2024-03-16T07:24:54.286+0000][4.698s] GC(1) Old regions: 1->10
[2024-03-16T07:24:54.286+0000][4.698s] GC(1) Archive regions: 2->2
[2024-03-16T07:24:54.287+0000][4.699s] GC(1) Humongous regions: 4->4
[2024-03-16T07:24:54.289+0000][4.701s] GC(1) Metaspace: 17702K(17984K)->17702K(17984K) NonClass: 15488K(15680K)->15488K(15680K) Class: 2213K(2304K)->2213K(2304K)
[2024-03-16T07:24:54.289+0000][4.701s] GC(1) Pause Young (Normal) (G1 Evacuation Pause) 61M->20M(512M) 67.370ms
[2024-03-16T07:24:54.290+0000][4.702s] GC(1) User=0.14s Sys=0.00s Real=0.06s
[2024-03-16T07:24:54.974+0000][5.386s] GC(2) Pause Young (Concurrent Start) (Metadata GC Threshold)
[2024-03-16T07:24:54.986+0000][5.398s] GC(2) Using 8 workers of 8 for evacuation
[2024-03-16T07:24:55.002+0000][5.414s] GC(2)   Pre Evacuate Collection Set: 0.2ms
[2024-03-16T07:24:55.002+0000][5.414s] GC(2)   Merge Heap Roots: 0.1ms
[2024-03-16T07:24:55.002+0000][5.414s] GC(2)   Evacuate Collection Set: 14.5ms
[2024-03-16T07:24:55.002+0000][5.414s] GC(2)   Post Evacuate Collection Set: 0.4ms
[2024-03-16T07:24:55.002+0000][5.414s] GC(2)   Other: 12.0ms
[2024-03-16T07:24:55.002+0000][5.414s] GC(2) Eden regions: 30->0(79)
[2024-03-16T07:24:55.002+0000][5.414s] GC(2) Survivor regions: 7->3(9)
[2024-03-16T07:24:55.002+0000][5.414s] GC(2) Old regions: 10->17
[2024-03-16T07:24:55.002+0000][5.415s] GC(2) Archive regions: 2->2
[2024-03-16T07:24:55.003+0000][5.415s] GC(2) Humongous regions: 4->4
[2024-03-16T07:24:55.003+0000][5.415s] GC(2) Metaspace: 21186K(21504K)->21186K(21504K) NonClass: 18551K(18688K)->18551K(18688K) Class: 2635K(2816K)->2635K(2816K)
[2024-03-16T07:24:55.003+0000][5.415s] GC(2) Pause Young (Concurrent Start) (Metadata GC Threshold) 50M->23M(512M) 28.315ms
[2024-03-16T07:24:55.003+0000][5.415s] GC(2) User=0.01s Sys=0.00s Real=0.03s
[2024-03-16T07:24:55.003+0000][5.415s] GC(3) Concurrent Mark Cycle
[2024-03-16T07:24:55.003+0000][5.415s] GC(3) Concurrent Clear Claimed Marks
[2024-03-16T07:24:55.003+0000][5.415s] GC(3) Concurrent Clear Claimed Marks 0.119ms
[2024-03-16T07:24:55.003+0000][5.415s] GC(3) Concurrent Scan Root Regions
[2024-03-16T07:24:55.005+0000][5.418s] GC(3) Concurrent Scan Root Regions 2.134ms
[2024-03-16T07:24:55.006+0000][5.418s] GC(3) Concurrent Mark
[2024-03-16T07:24:55.006+0000][5.418s] GC(3) Concurrent Mark From Roots
[2024-03-16T07:24:55.006+0000][5.418s] GC(3) Using 2 workers of 2 for marking
[2024-03-16T07:24:55.017+0000][5.429s] GC(3) Concurrent Mark From Roots 11.484ms
[2024-03-16T07:24:55.018+0000][5.430s] GC(3) Concurrent Preclean
[2024-03-16T07:24:55.018+0000][5.430s] GC(3) Concurrent Preclean 0.174ms
[2024-03-16T07:24:55.019+0000][5.431s] GC(3) Pause Remark
[2024-03-16T07:24:55.027+0000][5.439s] GC(3) Pause Remark 24M->24M(512M) 7.925ms
[2024-03-16T07:24:55.027+0000][5.439s] GC(3) User=0.00s Sys=0.00s Real=0.01s
[2024-03-16T07:24:55.036+0000][5.448s] GC(3) Concurrent Mark 30.094ms
[2024-03-16T07:24:55.037+0000][5.450s] GC(3) Concurrent Rebuild Remembered Sets
[2024-03-16T07:24:55.050+0000][5.462s] GC(3) Concurrent Rebuild Remembered Sets 12.250ms
[2024-03-16T07:24:55.050+0000][5.462s] GC(3) Pause Cleanup
[2024-03-16T07:24:55.051+0000][5.463s] GC(3) Pause Cleanup 25M->25M(512M) 0.388ms
[2024-03-16T07:24:55.051+0000][5.463s] GC(3) User=0.00s Sys=0.00s Real=0.00s
[2024-03-16T07:24:55.055+0000][5.467s] GC(3) Concurrent Cleanup for Next Mark
[2024-03-16T07:24:55.059+0000][5.471s] GC(3) Concurrent Cleanup for Next Mark 4.346ms
[2024-03-16T07:24:55.063+0000][5.475s] GC(3) Concurrent Mark Cycle 60.362ms
[2024-03-16T07:24:57.348+0000][7.760s] GC(4) Pause Young (Normal) (G1 Evacuation Pause)
[2024-03-16T07:24:57.349+0000][7.761s] GC(4) Using 8 workers of 8 for evacuation
[2024-03-16T07:24:57.376+0000][7.788s] GC(4)   Pre Evacuate Collection Set: 4.2ms
[2024-03-16T07:24:57.377+0000][7.789s] GC(4)   Merge Heap Roots: 0.1ms
[2024-03-16T07:24:57.377+0000][7.789s] GC(4)   Evacuate Collection Set: 13.7ms
[2024-03-16T07:24:57.378+0000][7.790s] GC(4)   Post Evacuate Collection Set: 7.9ms
[2024-03-16T07:24:57.378+0000][7.790s] GC(4)   Other: 1.6ms
[2024-03-16T07:24:57.378+0000][7.790s] GC(4) Eden regions: 83->0(172)
[2024-03-16T07:24:57.378+0000][7.790s] GC(4) Survivor regions: 3->7(11)
[2024-03-16T07:24:57.378+0000][7.790s] GC(4) Old regions: 17->17
[2024-03-16T07:24:57.378+0000][7.790s] GC(4) Archive regions: 2->2
[2024-03-16T07:24:57.379+0000][7.791s] GC(4) Humongous regions: 4->4
[2024-03-16T07:24:57.379+0000][7.791s] GC(4) Metaspace: 33359K(33728K)->33359K(33728K) NonClass: 29178K(29376K)->29178K(29376K) Class: 4181K(4352K)->4181K(4352K)
[2024-03-16T07:24:57.379+0000][7.791s] GC(4) Pause Young (Normal) (G1 Evacuation Pause) 106M->27M(512M) 30.624ms
[2024-03-16T07:24:57.379+0000][7.791s] GC(4) User=0.03s Sys=0.00s Real=0.03s
[2024-03-16T07:24:57.933+0000][8.345s] GC(5) Pause Young (Concurrent Start) (Metadata GC Threshold)
[2024-03-16T07:24:57.933+0000][8.345s] GC(5) Using 8 workers of 8 for evacuation
[2024-03-16T07:24:57.955+0000][8.367s] GC(5)   Pre Evacuate Collection Set: 0.2ms
[2024-03-16T07:24:57.955+0000][8.367s] GC(5)   Merge Heap Roots: 0.0ms
[2024-03-16T07:24:57.955+0000][8.367s] GC(5)   Evacuate Collection Set: 20.2ms
[2024-03-16T07:24:57.956+0000][8.368s] GC(5)   Post Evacuate Collection Set: 0.4ms
[2024-03-16T07:24:57.957+0000][8.369s] GC(5)   Other: 1.1ms
[2024-03-16T07:24:57.957+0000][8.369s] GC(5) Eden regions: 18->0(249)
[2024-03-16T07:24:57.957+0000][8.369s] GC(5) Survivor regions: 7->8(23)
[2024-03-16T07:24:57.958+0000][8.370s] GC(5) Old regions: 17->17
[2024-03-16T07:24:57.958+0000][8.370s] GC(5) Archive regions: 2->2
[2024-03-16T07:24:57.958+0000][8.370s] GC(5) Humongous regions: 4->4
[2024-03-16T07:24:57.958+0000][8.370s] GC(5) Metaspace: 35641K(35968K)->35641K(35968K) NonClass: 31136K(31296K)->31136K(31296K) Class: 4504K(4672K)->4504K(4672K)
[2024-03-16T07:24:57.963+0000][8.375s] GC(5) Pause Young (Concurrent Start) (Metadata GC Threshold) 45M->29M(512M) 30.006ms
[2024-03-16T07:24:57.963+0000][8.375s] GC(5) User=0.01s Sys=0.01s Real=0.03s
[2024-03-16T07:24:57.964+0000][8.376s] GC(6) Concurrent Mark Cycle
[2024-03-16T07:24:57.964+0000][8.376s] GC(6) Concurrent Clear Claimed Marks
[2024-03-16T07:24:57.964+0000][8.376s] GC(6) Concurrent Clear Claimed Marks 0.307ms
[2024-03-16T07:24:57.965+0000][8.377s] GC(6) Concurrent Scan Root Regions
[2024-03-16T07:24:57.975+0000][8.387s] GC(6) Concurrent Scan Root Regions 9.920ms
[2024-03-16T07:24:57.975+0000][8.387s] GC(6) Concurrent Mark
[2024-03-16T07:24:57.975+0000][8.388s] GC(6) Concurrent Mark From Roots
[2024-03-16T07:24:57.976+0000][8.388s] GC(6) Using 2 workers of 2 for marking
[2024-03-16T07:24:57.992+0000][8.404s] GC(6) Concurrent Mark From Roots 16.957ms
[2024-03-16T07:24:57.993+0000][8.405s] GC(6) Concurrent Preclean
[2024-03-16T07:24:57.993+0000][8.405s] GC(6) Concurrent Preclean 0.345ms
[2024-03-16T07:24:57.996+0000][8.408s] GC(6) Pause Remark
[2024-03-16T07:24:58.007+0000][8.419s] GC(6) Pause Remark 32M->32M(512M) 11.130ms
[2024-03-16T07:24:58.008+0000][8.420s] GC(6) User=0.01s Sys=0.00s Real=0.01s
[2024-03-16T07:24:58.010+0000][8.422s] GC(6) Concurrent Mark 34.373ms
[2024-03-16T07:24:58.010+0000][8.422s] GC(6) Concurrent Rebuild Remembered Sets
[2024-03-16T07:24:58.019+0000][8.431s] GC(6) Concurrent Rebuild Remembered Sets 9.229ms
[2024-03-16T07:24:58.020+0000][8.432s] GC(6) Pause Cleanup
[2024-03-16T07:24:58.021+0000][8.433s] GC(6) Pause Cleanup 32M->32M(512M) 0.571ms
[2024-03-16T07:24:58.021+0000][8.433s] GC(6) User=0.00s Sys=0.00s Real=0.00s
[2024-03-16T07:24:58.022+0000][8.434s] GC(6) Concurrent Cleanup for Next Mark
[2024-03-16T07:24:58.030+0000][8.442s] GC(6) Concurrent Cleanup for Next Mark 7.480ms
[2024-03-16T07:24:58.031+0000][8.443s] GC(6) Concurrent Mark Cycle 66.795ms
[2024-03-16T07:29:53.479+0000][303.932s] Heap
[2024-03-16T07:29:53.479+0000][303.933s]  garbage-first heap   total 524288K, used 186500K [0x00000000e0000000, 0x0000000100000000)
[2024-03-16T07:29:53.480+0000][303.933s]   region size 1024K, 161 young (164864K), 8 survivors (8192K)
[2024-03-16T07:29:53.480+0000][303.933s]  Metaspace       used 52557K, committed 53120K, reserved 1114112K
[2024-03-16T07:29:53.480+0000][303.934s]   class space    used 6835K, committed 7104K, reserved 1048576K
