[2024-03-16T07:18:51.569+0000][0.041s] Using G1
[2024-03-16T07:18:51.861+0000][0.333s] Version: 17.0.10+7 (release)
[2024-03-16T07:18:51.861+0000][0.334s] CPUs: 8 total, 8 available
[2024-03-16T07:18:51.861+0000][0.334s] Memory: 7841M
[2024-03-16T07:18:51.862+0000][0.334s] Large Page Support: Disabled
[2024-03-16T07:18:51.862+0000][0.334s] NUMA Support: Disabled
[2024-03-16T07:18:51.862+0000][0.334s] Compressed Oops: Enabled (32-bit)
[2024-03-16T07:18:51.862+0000][0.335s] Heap Region Size: 1M
[2024-03-16T07:18:51.862+0000][0.335s] Heap Min Capacity: 512M
[2024-03-16T07:18:51.863+0000][0.335s] Heap Initial Capacity: 512M
[2024-03-16T07:18:51.869+0000][0.341s] Heap Max Capacity: 512M
[2024-03-16T07:18:51.869+0000][0.341s] Pre-touch: Enabled
[2024-03-16T07:18:51.870+0000][0.343s] Parallel Workers: 8
[2024-03-16T07:18:51.871+0000][0.344s] Concurrent Workers: 2
[2024-03-16T07:18:51.871+0000][0.344s] Concurrent Refinement Workers: 8
[2024-03-16T07:18:51.871+0000][0.344s] Periodic GC: Disabled
[2024-03-16T07:18:51.938+0000][0.411s] CDS archive(s) mapped at: [0x000000a800000000-0x000000a800a5f000-0x000000a800a5f000), size 10874880, SharedBaseAddress: 0x000000a800000000, ArchiveRelocationMode: 1.
[2024-03-16T07:18:51.960+0000][0.432s] Compressed class space mapped at: 0x000000a801000000-0x000000a841000000, reserved size: 1073741824
[2024-03-16T07:18:51.962+0000][0.434s] Narrow klass base: 0x000000a800000000, Narrow klass shift: 0, Narrow klass range: 0x100000000
[2024-03-16T07:18:54.562+0000][3.034s] GC(0) Pause Young (Normal) (G1 Evacuation Pause)
[2024-03-16T07:18:54.565+0000][3.038s] GC(0) Using 8 workers of 8 for evacuation
[2024-03-16T07:18:54.586+0000][3.059s] GC(0)   Pre Evacuate Collection Set: 0.3ms
[2024-03-16T07:18:54.588+0000][3.060s] GC(0)   Merge Heap Roots: 0.1ms
[2024-03-16T07:18:54.588+0000][3.061s] GC(0)   Evacuate Collection Set: 13.1ms
[2024-03-16T07:18:54.588+0000][3.061s] GC(0)   Post Evacuate Collection Set: 0.8ms
[2024-03-16T07:18:54.588+0000][3.061s] GC(0)   Other: 10.6ms
[2024-03-16T07:18:54.589+0000][3.062s] GC(0) Eden regions: 29->0(57)
[2024-03-16T07:18:54.591+0000][3.063s] GC(0) Survivor regions: 0->4(4)
[2024-03-16T07:18:54.592+0000][3.064s] GC(0) Old regions: 0->1
[2024-03-16T07:18:54.592+0000][3.065s] GC(0) Archive regions: 2->2
[2024-03-16T07:18:54.595+0000][3.068s] GC(0) Humongous regions: 4->4
[2024-03-16T07:18:54.596+0000][3.069s] GC(0) Metaspace: 10084K(10368K)->10084K(10368K) NonClass: 8817K(8960K)->8817K(8960K) Class: 1267K(1408K)->1267K(1408K)
[2024-03-16T07:18:54.597+0000][3.070s] GC(0) Pause Young (Normal) (G1 Evacuation Pause) 33M->9M(512M) 35.717ms
[2024-03-16T07:18:54.600+0000][3.073s] GC(0) User=0.02s Sys=0.01s Real=0.04s
[2024-03-16T07:18:55.607+0000][4.080s] GC(1) Pause Young (Normal) (G1 Evacuation Pause)
[2024-03-16T07:18:55.608+0000][4.080s] GC(1) Using 8 workers of 8 for evacuation
[2024-03-16T07:18:55.663+0000][4.135s] GC(1)   Pre Evacuate Collection Set: 0.4ms
[2024-03-16T07:18:55.663+0000][4.136s] GC(1)   Merge Heap Roots: 0.1ms
[2024-03-16T07:18:55.663+0000][4.136s] GC(1)   Evacuate Collection Set: 52.7ms
[2024-03-16T07:18:55.664+0000][4.136s] GC(1)   Post Evacuate Collection Set: 1.6ms
[2024-03-16T07:18:55.664+0000][4.136s] GC(1)   Other: 1.0ms
[2024-03-16T07:18:55.664+0000][4.136s] GC(1) Eden regions: 54->0(62)
[2024-03-16T07:18:55.664+0000][4.137s] GC(1) Survivor regions: 4->8(8)
[2024-03-16T07:18:55.664+0000][4.137s] GC(1) Old regions: 1->9
[2024-03-16T07:18:55.666+0000][4.139s] GC(1) Archive regions: 2->2
[2024-03-16T07:18:55.667+0000][4.140s] GC(1) Humongous regions: 4->4
[2024-03-16T07:18:55.668+0000][4.140s] GC(1) Metaspace: 17754K(17984K)->17754K(17984K) NonClass: 15541K(15680K)->15541K(15680K) Class: 2213K(2304K)->2213K(2304K)
[2024-03-16T07:18:55.668+0000][4.140s] GC(1) Pause Young (Normal) (G1 Evacuation Pause) 63M->21M(512M) 60.387ms
[2024-03-16T07:18:55.668+0000][4.140s] GC(1) User=0.13s Sys=0.00s Real=0.06s
[2024-03-16T07:18:56.169+0000][4.641s] GC(2) Pause Young (Concurrent Start) (Metadata GC Threshold)
[2024-03-16T07:18:56.169+0000][4.642s] GC(2) Using 8 workers of 8 for evacuation
[2024-03-16T07:18:56.200+0000][4.672s] GC(2)   Pre Evacuate Collection Set: 1.5ms
[2024-03-16T07:18:56.200+0000][4.672s] GC(2)   Merge Heap Roots: 0.2ms
[2024-03-16T07:18:56.202+0000][4.674s] GC(2)   Evacuate Collection Set: 28.1ms
[2024-03-16T07:18:56.202+0000][4.675s] GC(2)   Post Evacuate Collection Set: 0.4ms
[2024-03-16T07:18:56.202+0000][4.675s] GC(2)   Other: 0.8ms
[2024-03-16T07:18:56.203+0000][4.675s] GC(2) Eden regions: 29->0(69)
[2024-03-16T07:18:56.203+0000][4.675s] GC(2) Survivor regions: 8->3(9)
[2024-03-16T07:18:56.203+0000][4.676s] GC(2) Old regions: 9->17
[2024-03-16T07:18:56.204+0000][4.676s] GC(2) Archive regions: 2->2
[2024-03-16T07:18:56.204+0000][4.676s] GC(2) Humongous regions: 4->4
[2024-03-16T07:18:56.204+0000][4.676s] GC(2) Metaspace: 21200K(21504K)->21200K(21504K) NonClass: 18567K(18688K)->18567K(18688K) Class: 2633K(2816K)->2633K(2816K)
[2024-03-16T07:18:56.204+0000][4.676s] GC(2) Pause Young (Concurrent Start) (Metadata GC Threshold) 50M->23M(512M) 35.165ms
[2024-03-16T07:18:56.204+0000][4.677s] GC(2) User=0.02s Sys=0.01s Real=0.03s
[2024-03-16T07:18:56.204+0000][4.677s] GC(3) Concurrent Mark Cycle
[2024-03-16T07:18:56.214+0000][4.687s] GC(3) Concurrent Clear Claimed Marks
[2024-03-16T07:18:56.214+0000][4.687s] GC(3) Concurrent Clear Claimed Marks 0.343ms
[2024-03-16T07:18:56.215+0000][4.687s] GC(3) Concurrent Scan Root Regions
[2024-03-16T07:18:56.218+0000][4.691s] GC(3) Concurrent Scan Root Regions 3.431ms
[2024-03-16T07:18:56.219+0000][4.692s] GC(3) Concurrent Mark
[2024-03-16T07:18:56.221+0000][4.693s] GC(3) Concurrent Mark From Roots
[2024-03-16T07:18:56.236+0000][4.708s] GC(3) Using 2 workers of 2 for marking
[2024-03-16T07:18:56.271+0000][4.744s] GC(3) Concurrent Mark From Roots 50.393ms
[2024-03-16T07:18:56.271+0000][4.744s] GC(3) Concurrent Preclean
[2024-03-16T07:18:56.272+0000][4.744s] GC(3) Concurrent Preclean 0.198ms
[2024-03-16T07:18:56.273+0000][4.746s] GC(3) Pause Remark
[2024-03-16T07:18:56.280+0000][4.752s] GC(3) Pause Remark 25M->25M(512M) 6.388ms
[2024-03-16T07:18:56.280+0000][4.752s] GC(3) User=0.01s Sys=0.00s Real=0.01s
[2024-03-16T07:18:56.280+0000][4.753s] GC(3) Concurrent Mark 60.762ms
[2024-03-16T07:18:56.281+0000][4.753s] GC(3) Concurrent Rebuild Remembered Sets
[2024-03-16T07:18:56.290+0000][4.763s] GC(3) Concurrent Rebuild Remembered Sets 9.920ms
[2024-03-16T07:18:56.295+0000][4.768s] GC(3) Pause Cleanup
[2024-03-16T07:18:56.296+0000][4.768s] GC(3) Pause Cleanup 25M->25M(512M) 0.629ms
[2024-03-16T07:18:56.299+0000][4.772s] GC(3) User=0.01s Sys=0.00s Real=0.01s
[2024-03-16T07:18:56.300+0000][4.772s] GC(3) Concurrent Cleanup for Next Mark
[2024-03-16T07:18:56.308+0000][4.780s] GC(3) Concurrent Cleanup for Next Mark 8.240ms
[2024-03-16T07:18:56.308+0000][4.781s] GC(3) Concurrent Mark Cycle 104.071ms
[2024-03-16T07:18:58.190+0000][6.663s] GC(4) Pause Young (Normal) (G1 Evacuation Pause)
[2024-03-16T07:18:58.191+0000][6.663s] GC(4) Using 8 workers of 8 for evacuation
[2024-03-16T07:18:58.240+0000][6.712s] GC(4)   Pre Evacuate Collection Set: 0.1ms
[2024-03-16T07:18:58.240+0000][6.713s] GC(4)   Merge Heap Roots: 0.1ms
[2024-03-16T07:18:58.240+0000][6.713s] GC(4)   Evacuate Collection Set: 27.8ms
[2024-03-16T07:18:58.241+0000][6.713s] GC(4)   Post Evacuate Collection Set: 21.3ms
[2024-03-16T07:18:58.241+0000][6.713s] GC(4)   Other: 0.5ms
[2024-03-16T07:18:58.241+0000][6.713s] GC(4) Eden regions: 69->0(138)
[2024-03-16T07:18:58.241+0000][6.713s] GC(4) Survivor regions: 3->7(9)
[2024-03-16T07:18:58.241+0000][6.713s] GC(4) Old regions: 17->17
[2024-03-16T07:18:58.241+0000][6.713s] GC(4) Archive regions: 2->2
[2024-03-16T07:18:58.241+0000][6.713s] GC(4) Humongous regions: 4->4
[2024-03-16T07:18:58.241+0000][6.714s] GC(4) Metaspace: 32217K(32512K)->32217K(32512K) NonClass: 28203K(28352K)->28203K(28352K) Class: 4013K(4160K)->4013K(4160K)
[2024-03-16T07:18:58.241+0000][6.714s] GC(4) Pause Young (Normal) (G1 Evacuation Pause) 92M->27M(512M) 50.962ms
[2024-03-16T07:18:58.241+0000][6.714s] GC(4) User=0.03s Sys=0.00s Real=0.05s
[2024-03-16T07:18:58.842+0000][7.314s] GC(5) Pause Young (Concurrent Start) (Metadata GC Threshold)
[2024-03-16T07:18:58.842+0000][7.315s] GC(5) Using 8 workers of 8 for evacuation
[2024-03-16T07:18:58.884+0000][7.357s] GC(5)   Pre Evacuate Collection Set: 2.6ms
[2024-03-16T07:18:58.886+0000][7.358s] GC(5)   Merge Heap Roots: 0.0ms
[2024-03-16T07:18:58.894+0000][7.366s] GC(5)   Evacuate Collection Set: 30.4ms
[2024-03-16T07:18:58.894+0000][7.366s] GC(5)   Post Evacuate Collection Set: 9.0ms
[2024-03-16T07:18:58.894+0000][7.367s] GC(5)   Other: 0.9ms
[2024-03-16T07:18:58.895+0000][7.367s] GC(5) Eden regions: 25->0(206)
[2024-03-16T07:18:58.895+0000][7.367s] GC(5) Survivor regions: 7->8(19)
[2024-03-16T07:18:58.895+0000][7.367s] GC(5) Old regions: 17->17
[2024-03-16T07:18:58.897+0000][7.370s] GC(5) Archive regions: 2->2
[2024-03-16T07:18:58.898+0000][7.370s] GC(5) Humongous regions: 4->4
[2024-03-16T07:18:58.898+0000][7.370s] GC(5) Metaspace: 35788K(36096K)->35788K(36096K) NonClass: 31264K(31424K)->31264K(31424K) Class: 4524K(4672K)->4524K(4672K)
[2024-03-16T07:18:58.903+0000][7.375s] GC(5) Pause Young (Concurrent Start) (Metadata GC Threshold) 52M->29M(512M) 61.294ms
[2024-03-16T07:18:58.903+0000][7.376s] GC(5) User=0.09s Sys=0.00s Real=0.06s
[2024-03-16T07:18:58.904+0000][7.376s] GC(6) Concurrent Mark Cycle
[2024-03-16T07:18:58.911+0000][7.384s] GC(6) Concurrent Clear Claimed Marks
[2024-03-16T07:18:58.918+0000][7.391s] GC(6) Concurrent Clear Claimed Marks 7.268ms
[2024-03-16T07:18:58.919+0000][7.391s] GC(6) Concurrent Scan Root Regions
[2024-03-16T07:18:58.943+0000][7.416s] GC(6) Concurrent Scan Root Regions 24.434ms
[2024-03-16T07:18:59.053+0000][7.525s] GC(6) Concurrent Mark
[2024-03-16T07:18:59.069+0000][7.542s] GC(6) Concurrent Mark From Roots
[2024-03-16T07:18:59.091+0000][7.564s] GC(6) Using 2 workers of 2 for marking
[2024-03-16T07:18:59.179+0000][7.652s] GC(6) Concurrent Mark From Roots 110.157ms
[2024-03-16T07:18:59.202+0000][7.674s] GC(6) Concurrent Preclean
[2024-03-16T07:18:59.204+0000][7.677s] GC(6) Concurrent Preclean 2.658ms
[2024-03-16T07:18:59.218+0000][7.691s] GC(6) Pause Remark
[2024-03-16T07:18:59.234+0000][7.706s] GC(6) Pause Remark 33M->33M(512M) 15.853ms
[2024-03-16T07:18:59.234+0000][7.707s] GC(6) User=0.00s Sys=0.01s Real=0.01s
[2024-03-16T07:18:59.234+0000][7.707s] GC(6) Concurrent Mark 181.901ms
[2024-03-16T07:18:59.294+0000][7.766s] GC(6) Concurrent Rebuild Remembered Sets
[2024-03-16T07:18:59.317+0000][7.789s] GC(6) Concurrent Rebuild Remembered Sets 22.319ms
[2024-03-16T07:18:59.328+0000][7.801s] GC(6) Pause Cleanup
[2024-03-16T07:18:59.331+0000][7.804s] GC(6) Pause Cleanup 35M->35M(512M) 3.154ms
[2024-03-16T07:18:59.348+0000][7.821s] GC(6) User=0.02s Sys=0.01s Real=0.02s
[2024-03-16T07:18:59.368+0000][7.841s] GC(6) Concurrent Cleanup for Next Mark
[2024-03-16T07:18:59.371+0000][7.843s] GC(6) Concurrent Cleanup for Next Mark 2.303ms
[2024-03-16T07:18:59.376+0000][7.848s] GC(6) Concurrent Mark Cycle 471.946ms
[2024-03-16T07:19:32.691+0000][41.162s] Heap
[2024-03-16T07:19:32.691+0000][41.163s]  garbage-first heap   total 524288K, used 186158K [0x00000000e0000000, 0x0000000100000000)
[2024-03-16T07:19:32.692+0000][41.163s]   region size 1024K, 161 young (164864K), 8 survivors (8192K)
[2024-03-16T07:19:32.692+0000][41.163s]  Metaspace       used 52535K, committed 52992K, reserved 1114112K
[2024-03-16T07:19:32.692+0000][41.163s]   class space    used 6831K, committed 7040K, reserved 1048576K
