[2024-03-16T06:50:33.753+0000][0.008s] Using G1
[2024-03-16T06:50:34.000+0000][0.255s] Version: 17.0.10+7 (release)
[2024-03-16T06:50:34.000+0000][0.255s] CPUs: 8 total, 8 available
[2024-03-16T06:50:34.000+0000][0.255s] Memory: 7841M
[2024-03-16T06:50:34.001+0000][0.255s] Large Page Support: Disabled
[2024-03-16T06:50:34.001+0000][0.256s] NUMA Support: Disabled
[2024-03-16T06:50:34.001+0000][0.256s] Compressed Oops: Enabled (32-bit)
[2024-03-16T06:50:34.004+0000][0.258s] Heap Region Size: 1M
[2024-03-16T06:50:34.004+0000][0.259s] Heap Min Capacity: 512M
[2024-03-16T06:50:34.004+0000][0.259s] Heap Initial Capacity: 512M
[2024-03-16T06:50:34.004+0000][0.259s] Heap Max Capacity: 512M
[2024-03-16T06:50:34.004+0000][0.259s] Pre-touch: Enabled
[2024-03-16T06:50:34.004+0000][0.259s] Parallel Workers: 8
[2024-03-16T06:50:34.005+0000][0.260s] Concurrent Workers: 2
[2024-03-16T06:50:34.005+0000][0.260s] Concurrent Refinement Workers: 8
[2024-03-16T06:50:34.005+0000][0.260s] Periodic GC: Disabled
[2024-03-16T06:50:34.025+0000][0.280s] CDS archive(s) mapped at: [0x0000000300000000-0x0000000300a5f000-0x0000000300a5f000), size 10874880, SharedBaseAddress: 0x0000000300000000, ArchiveRelocationMode: 1.
[2024-03-16T06:50:34.026+0000][0.281s] Compressed class space mapped at: 0x0000000301000000-0x0000000341000000, reserved size: 1073741824
[2024-03-16T06:50:34.026+0000][0.281s] Narrow klass base: 0x0000000300000000, Narrow klass shift: 0, Narrow klass range: 0x100000000
[2024-03-16T06:50:35.548+0000][1.802s] GC(0) Pause Young (Normal) (G1 Evacuation Pause)
[2024-03-16T06:50:35.551+0000][1.805s] GC(0) Using 8 workers of 8 for evacuation
[2024-03-16T06:50:35.561+0000][1.814s] GC(0)   Pre Evacuate Collection Set: 0.1ms
[2024-03-16T06:50:35.561+0000][1.815s] GC(0)   Merge Heap Roots: 0.0ms
[2024-03-16T06:50:35.562+0000][1.815s] GC(0)   Evacuate Collection Set: 8.8ms
[2024-03-16T06:50:35.562+0000][1.816s] GC(0)   Post Evacuate Collection Set: 0.4ms
[2024-03-16T06:50:35.564+0000][1.817s] GC(0)   Other: 3.4ms
[2024-03-16T06:50:35.564+0000][1.818s] GC(0) Eden regions: 29->0(57)
[2024-03-16T06:50:35.564+0000][1.818s] GC(0) Survivor regions: 0->4(4)
[2024-03-16T06:50:35.564+0000][1.818s] GC(0) Old regions: 0->1
[2024-03-16T06:50:35.564+0000][1.818s] GC(0) Archive regions: 2->2
[2024-03-16T06:50:35.565+0000][1.818s] GC(0) Humongous regions: 4->4
[2024-03-16T06:50:35.565+0000][1.818s] GC(0) Metaspace: 10108K(10368K)->10108K(10368K) NonClass: 8840K(8960K)->8840K(8960K) Class: 1267K(1408K)->1267K(1408K)
[2024-03-16T06:50:35.565+0000][1.819s] GC(0) Pause Young (Normal) (G1 Evacuation Pause) 33M->9M(512M) 16.711ms
[2024-03-16T06:50:35.565+0000][1.819s] GC(0) User=0.02s Sys=0.00s Real=0.02s
[2024-03-16T06:50:36.506+0000][2.759s] GC(1) Pause Young (Normal) (G1 Evacuation Pause)
[2024-03-16T06:50:36.510+0000][2.764s] GC(1) Using 8 workers of 8 for evacuation
[2024-03-16T06:50:36.544+0000][2.798s] GC(1)   Pre Evacuate Collection Set: 0.9ms
[2024-03-16T06:50:36.547+0000][2.800s] GC(1)   Merge Heap Roots: 0.1ms
[2024-03-16T06:50:36.548+0000][2.801s] GC(1)   Evacuate Collection Set: 29.0ms
[2024-03-16T06:50:36.548+0000][2.802s] GC(1)   Post Evacuate Collection Set: 1.0ms
[2024-03-16T06:50:36.549+0000][2.803s] GC(1)   Other: 7.6ms
[2024-03-16T06:50:36.551+0000][2.805s] GC(1) Eden regions: 54->0(63)
[2024-03-16T06:50:36.555+0000][2.808s] GC(1) Survivor regions: 4->8(8)
[2024-03-16T06:50:36.556+0000][2.810s] GC(1) Old regions: 1->9
[2024-03-16T06:50:36.560+0000][2.814s] GC(1) Archive regions: 2->2
[2024-03-16T06:50:36.564+0000][2.818s] GC(1) Humongous regions: 4->4
[2024-03-16T06:50:36.565+0000][2.818s] GC(1) Metaspace: 17803K(18048K)->17803K(18048K) NonClass: 15590K(15744K)->15590K(15744K) Class: 2213K(2304K)->2213K(2304K)
[2024-03-16T06:50:36.565+0000][2.819s] GC(1) Pause Young (Normal) (G1 Evacuation Pause) 63M->21M(512M) 59.366ms
[2024-03-16T06:50:36.565+0000][2.819s] GC(1) User=0.04s Sys=0.00s Real=0.06s
[2024-03-16T06:50:37.398+0000][3.652s] GC(2) Pause Young (Concurrent Start) (Metadata GC Threshold)
[2024-03-16T06:50:37.402+0000][3.656s] GC(2) Using 8 workers of 8 for evacuation
[2024-03-16T06:50:37.418+0000][3.672s] GC(2)   Pre Evacuate Collection Set: 1.9ms
[2024-03-16T06:50:37.421+0000][3.675s] GC(2)   Merge Heap Roots: 0.2ms
[2024-03-16T06:50:37.422+0000][3.676s] GC(2)   Evacuate Collection Set: 10.4ms
[2024-03-16T06:50:37.424+0000][3.677s] GC(2)   Post Evacuate Collection Set: 0.6ms
[2024-03-16T06:50:37.424+0000][3.678s] GC(2)   Other: 6.9ms
[2024-03-16T06:50:37.424+0000][3.678s] GC(2) Eden regions: 27->0(70)
[2024-03-16T06:50:37.424+0000][3.678s] GC(2) Survivor regions: 8->3(9)
[2024-03-16T06:50:37.424+0000][3.678s] GC(2) Old regions: 9->18
[2024-03-16T06:50:37.424+0000][3.678s] GC(2) Archive regions: 2->2
[2024-03-16T06:50:37.425+0000][3.678s] GC(2) Humongous regions: 4->4
[2024-03-16T06:50:37.425+0000][3.678s] GC(2) Metaspace: 21184K(21504K)->21184K(21504K) NonClass: 18557K(18688K)->18557K(18688K) Class: 2626K(2816K)->2626K(2816K)
[2024-03-16T06:50:37.425+0000][3.679s] GC(2) Pause Young (Concurrent Start) (Metadata GC Threshold) 47M->24M(512M) 26.890ms
[2024-03-16T06:50:37.427+0000][3.681s] GC(2) User=0.02s Sys=0.00s Real=0.03s
[2024-03-16T06:50:37.427+0000][3.681s] GC(3) Concurrent Mark Cycle
[2024-03-16T06:50:37.432+0000][3.686s] GC(3) Concurrent Clear Claimed Marks
[2024-03-16T06:50:37.433+0000][3.686s] GC(3) Concurrent Clear Claimed Marks 0.223ms
[2024-03-16T06:50:37.433+0000][3.686s] GC(3) Concurrent Scan Root Regions
[2024-03-16T06:50:37.438+0000][3.692s] GC(3) Concurrent Scan Root Regions 5.508ms
[2024-03-16T06:50:37.439+0000][3.692s] GC(3) Concurrent Mark
[2024-03-16T06:50:37.439+0000][3.692s] GC(3) Concurrent Mark From Roots
[2024-03-16T06:50:37.439+0000][3.692s] GC(3) Using 2 workers of 2 for marking
[2024-03-16T06:50:37.459+0000][3.713s] GC(3) Concurrent Mark From Roots 20.680ms
[2024-03-16T06:50:37.460+0000][3.713s] GC(3) Concurrent Preclean
[2024-03-16T06:50:37.460+0000][3.713s] GC(3) Concurrent Preclean 0.214ms
[2024-03-16T06:50:37.465+0000][3.719s] GC(3) Pause Remark
[2024-03-16T06:50:37.469+0000][3.723s] GC(3) Pause Remark 26M->26M(512M) 3.986ms
[2024-03-16T06:50:37.471+0000][3.724s] GC(3) User=0.01s Sys=0.00s Real=0.01s
[2024-03-16T06:50:37.473+0000][3.726s] GC(3) Concurrent Mark 34.026ms
[2024-03-16T06:50:37.473+0000][3.726s] GC(3) Concurrent Rebuild Remembered Sets
[2024-03-16T06:50:37.487+0000][3.741s] GC(3) Concurrent Rebuild Remembered Sets 14.333ms
[2024-03-16T06:50:37.487+0000][3.741s] GC(3) Pause Cleanup
[2024-03-16T06:50:37.488+0000][3.741s] GC(3) Pause Cleanup 27M->27M(512M) 0.456ms
[2024-03-16T06:50:37.488+0000][3.742s] GC(3) User=0.00s Sys=0.00s Real=0.00s
[2024-03-16T06:50:37.510+0000][3.764s] GC(3) Concurrent Cleanup for Next Mark
[2024-03-16T06:50:37.516+0000][3.769s] GC(3) Concurrent Cleanup for Next Mark 5.794ms
[2024-03-16T06:50:37.516+0000][3.770s] GC(3) Concurrent Mark Cycle 88.586ms
[2024-03-16T06:50:38.944+0000][5.198s] GC(4) Pause Young (Normal) (G1 Evacuation Pause)
[2024-03-16T06:50:38.944+0000][5.198s] GC(4) Using 8 workers of 8 for evacuation
[2024-03-16T06:50:38.954+0000][5.208s] GC(4)   Pre Evacuate Collection Set: 0.2ms
[2024-03-16T06:50:38.955+0000][5.208s] GC(4)   Merge Heap Roots: 0.0ms
[2024-03-16T06:50:38.955+0000][5.209s] GC(4)   Evacuate Collection Set: 7.9ms
[2024-03-16T06:50:38.955+0000][5.209s] GC(4)   Post Evacuate Collection Set: 1.7ms
[2024-03-16T06:50:38.955+0000][5.209s] GC(4)   Other: 0.5ms
[2024-03-16T06:50:38.955+0000][5.209s] GC(4) Eden regions: 70->0(204)
[2024-03-16T06:50:38.956+0000][5.209s] GC(4) Survivor regions: 3->7(10)
[2024-03-16T06:50:38.956+0000][5.209s] GC(4) Old regions: 18->18
[2024-03-16T06:50:38.956+0000][5.209s] GC(4) Archive regions: 2->2
[2024-03-16T06:50:38.956+0000][5.210s] GC(4) Humongous regions: 4->4
[2024-03-16T06:50:38.956+0000][5.210s] GC(4) Metaspace: 33909K(34240K)->33909K(34240K) NonClass: 29659K(29824K)->29659K(29824K) Class: 4250K(4416K)->4250K(4416K)
[2024-03-16T06:50:38.956+0000][5.210s] GC(4) Pause Young (Normal) (G1 Evacuation Pause) 94M->28M(512M) 12.069ms
[2024-03-16T06:50:38.956+0000][5.210s] GC(4) User=0.01s Sys=0.00s Real=0.01s
[2024-03-16T06:50:39.152+0000][5.405s] GC(5) Pause Young (Concurrent Start) (Metadata GC Threshold)
[2024-03-16T06:50:39.156+0000][5.410s] GC(5) Using 8 workers of 8 for evacuation
[2024-03-16T06:50:39.173+0000][5.427s] GC(5)   Pre Evacuate Collection Set: 0.7ms
[2024-03-16T06:50:39.173+0000][5.427s] GC(5)   Merge Heap Roots: 0.6ms
[2024-03-16T06:50:39.176+0000][5.430s] GC(5)   Evacuate Collection Set: 14.8ms
[2024-03-16T06:50:39.177+0000][5.430s] GC(5)   Post Evacuate Collection Set: 0.5ms
[2024-03-16T06:50:39.177+0000][5.430s] GC(5)   Other: 4.9ms
[2024-03-16T06:50:39.177+0000][5.431s] GC(5) Eden regions: 15->0(291)
[2024-03-16T06:50:39.177+0000][5.431s] GC(5) Survivor regions: 7->8(27)
[2024-03-16T06:50:39.177+0000][5.431s] GC(5) Old regions: 18->18
[2024-03-16T06:50:39.177+0000][5.431s] GC(5) Archive regions: 2->2
[2024-03-16T06:50:39.178+0000][5.431s] GC(5) Humongous regions: 4->4
[2024-03-16T06:50:39.178+0000][5.431s] GC(5) Metaspace: 35778K(36160K)->35778K(36160K) NonClass: 31280K(31424K)->31280K(31424K) Class: 4497K(4736K)->4497K(4736K)
[2024-03-16T06:50:39.178+0000][5.431s] GC(5) Pause Young (Concurrent Start) (Metadata GC Threshold) 43M->29M(512M) 26.236ms
[2024-03-16T06:50:39.178+0000][5.432s] GC(5) User=0.04s Sys=0.00s Real=0.02s
[2024-03-16T06:50:39.181+0000][5.435s] GC(6) Concurrent Mark Cycle
[2024-03-16T06:50:39.181+0000][5.435s] GC(6) Concurrent Clear Claimed Marks
[2024-03-16T06:50:39.182+0000][5.435s] GC(6) Concurrent Clear Claimed Marks 0.165ms
[2024-03-16T06:50:39.182+0000][5.435s] GC(6) Concurrent Scan Root Regions
[2024-03-16T06:50:39.187+0000][5.440s] GC(6) Concurrent Scan Root Regions 5.176ms
[2024-03-16T06:50:39.187+0000][5.441s] GC(6) Concurrent Mark
[2024-03-16T06:50:39.187+0000][5.441s] GC(6) Concurrent Mark From Roots
[2024-03-16T06:50:39.187+0000][5.441s] GC(6) Using 2 workers of 2 for marking
[2024-03-16T06:50:39.205+0000][5.459s] GC(6) Concurrent Mark From Roots 17.776ms
[2024-03-16T06:50:39.208+0000][5.462s] GC(6) Concurrent Preclean
[2024-03-16T06:50:39.209+0000][5.463s] GC(6) Concurrent Preclean 0.672ms
[2024-03-16T06:50:39.211+0000][5.465s] GC(6) Pause Remark
[2024-03-16T06:50:39.222+0000][5.476s] GC(6) Pause Remark 31M->31M(512M) 11.081ms
[2024-03-16T06:50:39.223+0000][5.477s] GC(6) User=0.02s Sys=0.00s Real=0.01s
[2024-03-16T06:50:39.224+0000][5.477s] GC(6) Concurrent Mark 36.709ms
[2024-03-16T06:50:39.224+0000][5.478s] GC(6) Concurrent Rebuild Remembered Sets
[2024-03-16T06:50:39.232+0000][5.486s] GC(6) Concurrent Rebuild Remembered Sets 8.557ms
[2024-03-16T06:50:39.235+0000][5.488s] GC(6) Pause Cleanup
[2024-03-16T06:50:39.237+0000][5.491s] GC(6) Pause Cleanup 32M->32M(512M) 2.818ms
[2024-03-16T06:50:39.238+0000][5.491s] GC(6) User=0.00s Sys=0.00s Real=0.00s
[2024-03-16T06:50:39.238+0000][5.492s] GC(6) Concurrent Cleanup for Next Mark
[2024-03-16T06:50:39.241+0000][5.495s] GC(6) Concurrent Cleanup for Next Mark 3.294ms
[2024-03-16T06:50:39.242+0000][5.495s] GC(6) Concurrent Mark Cycle 60.677ms
[2024-03-16T06:51:54.707+0000][80.961s] Heap
[2024-03-16T06:51:54.708+0000][80.962s]  garbage-first heap   total 524288K, used 187351K [0x00000000e0000000, 0x0000000100000000)
[2024-03-16T06:51:54.708+0000][80.962s]   region size 1024K, 162 young (165888K), 8 survivors (8192K)
[2024-03-16T06:51:54.708+0000][80.962s]  Metaspace       used 52824K, committed 53312K, reserved 1114112K
[2024-03-16T06:51:54.708+0000][80.962s]   class space    used 6873K, committed 7104K, reserved 1048576K
